<html>
<body>
<pre>
<h1>礦ision Build Log</h1>
<h2>Tool Versions:</h2>
IDE-Version: μVision V5.23.0.0
Copyright (C) 2017 ARM Ltd and ARM Germany GmbH. All rights reserved.
License Information: kun kun, HP Inc., LIC=X1E4T-RFXID-35ATX-H5S8E-KRD79-C3XG9
 
Tool Versions:
Toolchain:       MDK-ARM Professional  Version: 5.23
Toolchain Path:  D:\software\Keil\ARM\ARMCC\Bin
C Compiler:      Armcc.exe V5.06 update 4 (build 422)
Assembler:       Armasm.exe V5.06 update 4 (build 422)
Linker/Locator:  ArmLink.exe V5.06 update 4 (build 422)
Library Manager: ArmAr.exe V5.06 update 4 (build 422)
Hex Converter:   FromElf.exe V5.06 update 4 (build 422)
CPU DLL:         SARMCM3.DLL V5.23
Dialog DLL:      DARMSTM.DLL V1.68.0.0
Target DLL:      CMSIS_AGDI.dll V1.27.5.0
Dialog DLL:      TARMSTM.DLL V1.66.0.0
 
<h2>Project:</h2>
E:\课程\大四\毕设\项目\程序部分\myfly\Project\myfly.uvprojx
Project File Date:  04/05/2023

<h2>Output:</h2>
*** Using Compiler 'V5.06 update 4 (build 422)', folder: 'D:\software\Keil\ARM\ARMCC\Bin'
Rebuild target 'Template'
compiling main.c...
..\User\main.c(69): warning:  #177-D: variable "Baro_Buf"  was declared but never referenced
  		static float Baro_Buf[20];
..\User\main.c: 1 warning, 0 errors
compiling exti.c...
compiling stm32f10x_it.c...
compiling delay.c...
compiling usart.c...
compiling PWM.c...
compiling timer.c...
compiling sys.c...
compiling motor.c...
compiling servo.c...
compiling spi.c...
compiling key.c...
compiling ANO.c...
compiling inv_mpu.c...
compiling led.c...
compiling inv_mpu_dmp_motion_driver.c...
compiling mpu6050.c...
compiling mpuiic.c...
compiling stm32f10x_bkp.c...
compiling FrSky.c...
compiling adc.c...
compiling spl06.c...
compiling pid.c...
compiling misc.c...
compiling stm32f10x_adc.c...
compiling stm32f10x_can.c...
compiling stm32f10x_cec.c...
compiling stm32f10x_crc.c...
compiling stm32f10x_dac.c...
compiling stm32f10x_dbgmcu.c...
compiling stm32f10x_dma.c...
compiling stm32f10x_exti.c...
compiling stm32f10x_flash.c...
compiling stm32f10x_gpio.c...
compiling stm32f10x_pwr.c...
compiling stm32f10x_fsmc.c...
compiling stm32f10x_i2c.c...
compiling stm32f10x_iwdg.c...
compiling stm32f10x_rcc.c...
compiling stm32f10x_rtc.c...
compiling stm32f10x_sdio.c...
compiling stm32f10x_spi.c...
compiling stm32f10x_tim.c...
compiling stm32f10x_usart.c...
compiling stm32f10x_wwdg.c...
assembling startup_stm32f10x_md.s...
compiling core_cm3.c...
compiling system_stm32f10x.c...
linking...
Program Size: Code=11708 RO-data=380 RW-data=152 ZI-data=1320  
FromELF: creating hex file...
"..\Output\Template.axf" - 0 Error(s), 1 Warning(s).

<h2>Collection of Component include folders:</h2>
  .\RTE\_Template
  D:\software\Keil\Pack\Keil\STM32F1xx_DFP\2.4.0\Device\Include

<h2>Collection of Component Files used:</h2>
Build Time Elapsed:  00:00:49
</pre>
</body>
</html>
