Component: ARM Compiler 5.06 update 4 (build 422) Tool: armlink [4d35d2]

==============================================================================

Section Cross References

    main.o(i.main) refers to misc.o(i.NVIC_PriorityGroupConfig) for NVIC_PriorityGroupConfig
    main.o(i.main) refers to usart.o(i.Usart_init) for Usart_init
    main.o(i.main) refers to delay.o(i.delay_init) for delay_init
    main.o(i.main) refers to beep.o(i.BEEP_GPIO_Init) for BEEP_GPIO_Init
    main.o(i.main) refers to motor.o(i.Motor_PWM_Init) for Motor_PWM_Init
    main.o(i.main) refers to servo.o(i.Servo_PWM_Init) for Servo_PWM_Init
    main.o(i.main) refers to timer.o(i.TIM2_Int_Init) for TIM2_Int_Init
    main.o(i.main) refers to motor.o(i.Motor_Unlock) for Motor_Unlock
    main.o(i.main) refers to beep.o(i.BEEP_GPIO_High) for BEEP_GPIO_High
    main.o(i.main) refers to frsky.o(i.FrSky_Uart2_Init) for FrSky_Uart2_Init
    main.o(i.main) refers to adc.o(i.Adc_Init) for Adc_Init
    main.o(i.main) refers to spi.o(i.SPI1_Init) for SPI1_Init
    main.o(i.main) refers to spl06.o(i.SPL06_Init) for SPL06_Init
    main.o(i.main) refers to mpuiic.o(i.MPU_IIC_Init) for MPU_IIC_Init
    main.o(i.main) refers to printfa.o(i.__0printf) for __2printf
    main.o(i.main) refers to delay.o(i.delay_ms) for delay_ms
    main.o(i.main) refers to mpu6050.o(i.MPU_Init) for MPU_Init
    main.o(i.main) refers to inv_mpu.o(i.mpu_dmp_init) for mpu_dmp_init
    main.o(i.main) refers to pid.o(i.PID_Init) for PID_Init
    main.o(i.main) refers to beep.o(i.BEEP_GPIO_Low) for BEEP_GPIO_Low
    main.o(i.main) refers to adc.o(i.Get_Bat_Voltage) for Get_Bat_Voltage
    main.o(i.main) refers to cfcmple.o(.text) for __aeabi_cfcmple
    main.o(i.main) refers to inv_mpu.o(i.mpu_dmp_get_data) for mpu_dmp_get_data
    main.o(i.main) refers to mpu6050.o(i.MPU_Get_Temperature) for MPU_Get_Temperature
    main.o(i.main) refers to mpu6050.o(i.MPU_Get_Accelerometer) for MPU_Get_Accelerometer
    main.o(i.main) refers to mpu6050.o(i.MPU_Get_Gyroscope) for MPU_Get_Gyroscope
    main.o(i.main) refers to ano.o(i.mpu6050_send_data) for mpu6050_send_data
    main.o(i.main) refers to fmul.o(.text) for __aeabi_fmul
    main.o(i.main) refers to ffixi.o(.text) for __aeabi_f2iz
    main.o(i.main) refers to ano.o(i.usart1_report_imu) for usart1_report_imu
    main.o(i.main) refers to pid.o(i.PID_Update) for PID_Update
    main.o(i.main) refers to frsky.o(i.update_channels) for update_channels
    main.o(i.main) refers to motor.o(i.Motor_PWM_Set) for Motor_PWM_Set
    main.o(i.main) refers to f2d.o(.text) for __aeabi_f2d
    main.o(i.main) refers to adc.o(.data) for Bat_Voltage
    main.o(i.main) refers to main.o(.data) for yaw
    main.o(i.main) refers to frsky.o(.data) for channels
    delay.o(i.delay_init) refers to misc.o(i.SysTick_CLKSourceConfig) for SysTick_CLKSourceConfig
    delay.o(i.delay_init) refers to system_stm32f10x.o(.data) for SystemCoreClock
    delay.o(i.delay_init) refers to delay.o(.data) for fac_us
    delay.o(i.delay_ms) refers to delay.o(.data) for fac_ms
    delay.o(i.delay_us) refers to delay.o(.data) for fac_us
    pwm.o(i.PWM_Init) refers to stm32f10x_rcc.o(i.RCC_APB2PeriphClockCmd) for RCC_APB2PeriphClockCmd
    pwm.o(i.PWM_Init) refers to stm32f10x_rcc.o(i.RCC_APB1PeriphClockCmd) for RCC_APB1PeriphClockCmd
    pwm.o(i.PWM_Init) refers to stm32f10x_gpio.o(i.GPIO_Init) for GPIO_Init
    pwm.o(i.PWM_Init) refers to stm32f10x_tim.o(i.TIM_TimeBaseInit) for TIM_TimeBaseInit
    pwm.o(i.PWM_Init) refers to stm32f10x_tim.o(i.TIM_CtrlPWMOutputs) for TIM_CtrlPWMOutputs
    pwm.o(i.PWM_Init) refers to stm32f10x_tim.o(i.TIM_OC1Init) for TIM_OC1Init
    pwm.o(i.PWM_Init) refers to stm32f10x_tim.o(i.TIM_OC1PreloadConfig) for TIM_OC1PreloadConfig
    pwm.o(i.PWM_Init) refers to stm32f10x_tim.o(i.TIM_OC2Init) for TIM_OC2Init
    pwm.o(i.PWM_Init) refers to stm32f10x_tim.o(i.TIM_OC2PreloadConfig) for TIM_OC2PreloadConfig
    pwm.o(i.PWM_Init) refers to stm32f10x_tim.o(i.TIM_OC3Init) for TIM_OC3Init
    pwm.o(i.PWM_Init) refers to stm32f10x_tim.o(i.TIM_OC3PreloadConfig) for TIM_OC3PreloadConfig
    pwm.o(i.PWM_Init) refers to stm32f10x_tim.o(i.TIM_OC4Init) for TIM_OC4Init
    pwm.o(i.PWM_Init) refers to stm32f10x_tim.o(i.TIM_OC4PreloadConfig) for TIM_OC4PreloadConfig
    pwm.o(i.PWM_Init) refers to stm32f10x_tim.o(i.TIM_Cmd) for TIM_Cmd
    timer.o(i.TIM2_IRQHandler) refers to stm32f10x_tim.o(i.TIM_GetITStatus) for TIM_GetITStatus
    timer.o(i.TIM2_IRQHandler) refers to fadd.o(.text) for __aeabi_fsub
    timer.o(i.TIM2_IRQHandler) refers to cfrcmple.o(.text) for __aeabi_cfrcmple
    timer.o(i.TIM2_IRQHandler) refers to cfcmple.o(.text) for __aeabi_cfcmple
    timer.o(i.TIM2_IRQHandler) refers to fmul.o(.text) for __aeabi_fmul
    timer.o(i.TIM2_IRQHandler) refers to ffixi.o(.text) for __aeabi_f2iz
    timer.o(i.TIM2_IRQHandler) refers to servo.o(i.Servo_PWM_Set) for Servo_PWM_Set
[...]
    i.SysTick_Handler                        0x08002d20   Section        0  stm32f10x_it.o(i.SysTick_Handler)
    i.SystemInit                             0x08002d24   Section        0  system_stm32f10x.o(i.SystemInit)
    i.TIM2_IRQHandler                        0x08002d84   Section        0  timer.o(i.TIM2_IRQHandler)
    i.TIM2_Int_Init                          0x08002f78   Section        0  timer.o(i.TIM2_Int_Init)
    i.TIM_ClearITPendingBit                  0x08002fd4   Section        0  stm32f10x_tim.o(i.TIM_ClearITPendingBit)
    i.TIM_Cmd                                0x08002fda   Section        0  stm32f10x_tim.o(i.TIM_Cmd)
    i.TIM_GetITStatus                        0x08002ff2   Section        0  stm32f10x_tim.o(i.TIM_GetITStatus)
    i.TIM_ITConfig                           0x08003014   Section        0  stm32f10x_tim.o(i.TIM_ITConfig)
    i.TIM_OC1Init                            0x08003028   Section        0  stm32f10x_tim.o(i.TIM_OC1Init)
    i.TIM_OC1PreloadConfig                   0x080030c0   Section        0  stm32f10x_tim.o(i.TIM_OC1PreloadConfig)
    i.TIM_OC2Init                            0x080030d4   Section        0  stm32f10x_tim.o(i.TIM_OC2Init)
    i.TIM_OC2PreloadConfig                   0x08003178   Section        0  stm32f10x_tim.o(i.TIM_OC2PreloadConfig)
    i.TIM_SetCompare1                        0x08003192   Section        0  stm32f10x_tim.o(i.TIM_SetCompare1)
    i.TIM_SetCompare2                        0x08003196   Section        0  stm32f10x_tim.o(i.TIM_SetCompare2)
    i.TIM_TimeBaseInit                       0x0800319c   Section        0  stm32f10x_tim.o(i.TIM_TimeBaseInit)
    i.USART1_IRQHandler                      0x08003240   Section        0  usart.o(i.USART1_IRQHandler)
    i.USART2_IRQHandler                      0x080032fc   Section        0  frsky.o(i.USART2_IRQHandler)
    i.USART_ClearITPendingBit                0x08003398   Section        0  stm32f10x_usart.o(i.USART_ClearITPendingBit)
    i.USART_Cmd                              0x080033b6   Section        0  stm32f10x_usart.o(i.USART_Cmd)
    i.USART_GetFlagStatus                    0x080033ce   Section        0  stm32f10x_usart.o(i.USART_GetFlagStatus)
    i.USART_GetITStatus                      0x080033e8   Section        0  stm32f10x_usart.o(i.USART_GetITStatus)
    i.USART_ITConfig                         0x0800343c   Section        0  stm32f10x_usart.o(i.USART_ITConfig)
    i.USART_Init                             0x08003488   Section        0  stm32f10x_usart.o(i.USART_Init)
    i.USART_ReceiveData                      0x08003560   Section        0  stm32f10x_usart.o(i.USART_ReceiveData)
    i.USART_SendData                         0x0800356a   Section        0  stm32f10x_usart.o(i.USART_SendData)
    i.UsageFault_Handler                     0x08003572   Section        0  stm32f10x_it.o(i.UsageFault_Handler)
    i.Usart_SendByte                         0x08003578   Section        0  usart.o(i.Usart_SendByte)
    i.Usart_init                             0x080035a8   Section        0  usart.o(i.Usart_init)
    i.__0printf                              0x08003650   Section        0  printfa.o(i.__0printf)
    i.__ARM_fpclassify                       0x08003670   Section        0  fpclassify.o(i.__ARM_fpclassify)
    i.__kernel_poly                          0x08003698   Section        0  poly.o(i.__kernel_poly)
    i.__mathlib_dbl_infnan                   0x08003742   Section        0  dunder.o(i.__mathlib_dbl_infnan)
    i.__mathlib_dbl_infnan2                  0x08003748   Section        0  dunder.o(i.__mathlib_dbl_infnan2)
    i.__mathlib_dbl_invalid                  0x0800374c   Section        0  dunder.o(i.__mathlib_dbl_invalid)
    i.__mathlib_dbl_underflow                0x08003758   Section        0  dunder.o(i.__mathlib_dbl_underflow)
    i.__scatterload_copy                     0x08003768   Section       14  handlers.o(i.__scatterload_copy)
    i.__scatterload_null                     0x08003776   Section        2  handlers.o(i.__scatterload_null)
    i.__scatterload_zeroinit                 0x08003778   Section       14  handlers.o(i.__scatterload_zeroinit)
    i.__set_errno                            0x08003788   Section        0  errno.o(i.__set_errno)
    i._fp_digits                             0x08003794   Section        0  printfa.o(i._fp_digits)
    _fp_digits                               0x08003795   Thumb Code   366  printfa.o(i._fp_digits)
    i._is_digit                              0x08003918   Section        0  scanf_fp.o(i._is_digit)
    i._printf_core                           0x08003928   Section        0  printfa.o(i._printf_core)
    _printf_core                             0x08003929   Thumb Code  1744  printfa.o(i._printf_core)
    i._printf_post_padding                   0x08004004   Section        0  printfa.o(i._printf_post_padding)
    _printf_post_padding                     0x08004005   Thumb Code    36  printfa.o(i._printf_post_padding)
    i._printf_pre_padding                    0x08004028   Section        0  printfa.o(i._printf_pre_padding)
    _printf_pre_padding                      0x08004029   Thumb Code    46  printfa.o(i._printf_pre_padding)
    i.accel_self_test                        0x08004058   Section        0  inv_mpu.o(i.accel_self_test)
    accel_self_test                          0x08004059   Thumb Code   164  inv_mpu.o(i.accel_self_test)
    i.asin                                   0x08004100   Section        0  asin.o(i.asin)
    i.atan                                   0x08004370   Section        0  atan.o(i.atan)
    i.atan2                                  0x08004590   Section        0  atan2.o(i.atan2)
    i.decode_gesture                         0x08004710   Section        0  inv_mpu_dmp_motion_driver.o(i.decode_gesture)
    decode_gesture                           0x08004711   Thumb Code    94  inv_mpu_dmp_motion_driver.o(i.decode_gesture)
    i.delay_init                             0x08004774   Section        0  delay.o(i.delay_init)
    i.delay_ms                               0x080047b8   Section        0  delay.o(i.delay_ms)
    i.delay_us                               0x08004804   Section        0  delay.o(i.delay_us)
    i.dmp_enable_6x_lp_quat                  0x08004850   Section        0  inv_mpu_dmp_motion_driver.o(i.dmp_enable_6x_lp_quat)
    i.dmp_enable_feature                     0x0800488c   Section        0  inv_mpu_dmp_motion_driver.o(i.dmp_enable_feature)
    i.dmp_enable_gyro_cal                    0x08004aa8   Section        0  inv_mpu_dmp_motion_driver.o(i.dmp_enable_gyro_cal)
    i.dmp_enable_lp_quat                     0x08004b00   Section        0  inv_mpu_dmp_motion_driver.o(i.dmp_enable_lp_quat)
    i.dmp_load_motion_driver_firmware        0x08004b3c   Section        0  inv_mpu_dmp_motion_driver.o(i.dmp_load_motion_driver_firmware)
    i.dmp_read_fifo                          0x08004b54   Section        0  inv_mpu_dmp_motion_driver.o(i.dmp_read_fifo)
    i.dmp_set_accel_bias                     0x08004d20   Section        0  inv_mpu_dmp_motion_driver.o(i.dmp_set_accel_bias)
    i.dmp_set_fifo_rate                      0x08004e50   Section        0  inv_mpu_dmp_motion_driver.o(i.dmp_set_fifo_rate)
    i.dmp_set_gyro_bias                      0x08004ec0   Section        0  inv_mpu_dmp_motion_driver.o(i.dmp_set_gyro_bias)
    i.dmp_set_orientation                    0x08004ff0   Section        0  inv_mpu_dmp_motion_driver.o(i.dmp_set_orientation)
    i.dmp_set_shake_reject_thresh            0x08005128   Section        0  inv_mpu_dmp_motion_driver.o(i.dmp_set_shake_reject_thresh)
    i.dmp_set_shake_reject_time              0x08005160   Section        0  inv_mpu_dmp_motion_driver.o(i.dmp_set_shake_reject_time)
    i.dmp_set_shake_reject_timeout           0x08005186   Section        0  inv_mpu_dmp_motion_driver.o(i.dmp_set_shake_reject_timeout)
    i.dmp_set_tap_axes                       0x080051ac   Section        0  inv_mpu_dmp_motion_driver.o(i.dmp_set_tap_axes)
    i.dmp_set_tap_count                      0x080051f2   Section        0  inv_mpu_dmp_motion_driver.o(i.dmp_set_tap_count)
    i.dmp_set_tap_thresh                     0x08005218   Section        0  inv_mpu_dmp_motion_driver.o(i.dmp_set_tap_thresh)
    i.dmp_set_tap_time                       0x080053b8   Section        0  inv_mpu_dmp_motion_driver.o(i.dmp_set_tap_time)
    i.dmp_set_tap_time_multi                 0x080053de   Section        0  inv_mpu_dmp_motion_driver.o(i.dmp_set_tap_time_multi)
    i.fputc                                  0x08005404   Section        0  usart.o(i.fputc)
    i.get_accel_prod_shift                   0x08005428   Section        0  inv_mpu.o(i.get_accel_prod_shift)
    get_accel_prod_shift                     0x08005429   Thumb Code   168  inv_mpu.o(i.get_accel_prod_shift)
    i.get_st_biases                          0x080054dc   Section        0  inv_mpu.o(i.get_st_biases)
    get_st_biases                            0x080054dd   Thumb Code  1132  inv_mpu.o(i.get_st_biases)
    i.gyro_self_test                         0x0800594c   Section        0  inv_mpu.o(i.gyro_self_test)
    gyro_self_test                           0x0800594d   Thumb Code   256  inv_mpu.o(i.gyro_self_test)
    i.inv_orientation_matrix_to_scalar       0x08005a5c   Section        0  inv_mpu.o(i.inv_orientation_matrix_to_scalar)
    i.inv_row_2_scale                        0x08005a84   Section        0  inv_mpu.o(i.inv_row_2_scale)
    i.main                                   0x08005ad4   Section        0  main.o(i.main)
    i.mget_ms                                0x08005d40   Section        0  inv_mpu.o(i.mget_ms)
    i.mpu6050_send_data                      0x08005d42   Section        0  ano.o(i.mpu6050_send_data)
    i.mpu_configure_fifo                     0x08005db0   Section        0  inv_mpu.o(i.mpu_configure_fifo)
    i.mpu_dmp_get_data                       0x08005e20   Section        0  inv_mpu.o(i.mpu_dmp_get_data)
    i.mpu_dmp_init                           0x08006044   Section        0  inv_mpu.o(i.mpu_dmp_init)
    i.mpu_get_accel_fsr                      0x080060e4   Section        0  inv_mpu.o(i.mpu_get_accel_fsr)
    i.mpu_get_accel_sens                     0x08006130   Section        0  inv_mpu.o(i.mpu_get_accel_sens)
    i.mpu_get_fifo_config                    0x08006184   Section        0  inv_mpu.o(i.mpu_get_fifo_config)
    i.mpu_get_gyro_fsr                       0x08006194   Section        0  inv_mpu.o(i.mpu_get_gyro_fsr)
    i.mpu_get_gyro_sens                      0x080061d8   Section        0  inv_mpu.o(i.mpu_get_gyro_sens)
    i.mpu_get_lpf                            0x08006228   Section        0  inv_mpu.o(i.mpu_get_lpf)
    i.mpu_get_sample_rate                    0x08006278   Section        0  inv_mpu.o(i.mpu_get_sample_rate)
    i.mpu_init                               0x08006298   Section        0  inv_mpu.o(i.mpu_init)
    i.mpu_load_firmware                      0x08006488   Section        0  inv_mpu.o(i.mpu_load_firmware)
    i.mpu_lp_accel_mode                      0x08006540   Section        0  inv_mpu.o(i.mpu_lp_accel_mode)
    i.mpu_read_fifo_stream                   0x08006620   Section        0  inv_mpu.o(i.mpu_read_fifo_stream)
    i.mpu_read_mem                           0x080066e0   Section        0  inv_mpu.o(i.mpu_read_mem)
    i.mpu_reset_fifo                         0x08006760   Section        0  inv_mpu.o(i.mpu_reset_fifo)
    i.mpu_run_self_test                      0x08006928   Section        0  inv_mpu.o(i.mpu_run_self_test)
    i.mpu_set_accel_fsr                      0x08006a44   Section        0  inv_mpu.o(i.mpu_set_accel_fsr)
    i.mpu_set_bypass                         0x08006ac8   Section        0  inv_mpu.o(i.mpu_set_bypass)
    i.mpu_set_dmp_state                      0x08006c14   Section        0  inv_mpu.o(i.mpu_set_dmp_state)
    i.mpu_set_gyro_fsr                       0x08006ca4   Section        0  inv_mpu.o(i.mpu_set_gyro_fsr)
    i.mpu_set_int_latched                    0x08006d2c   Section        0  inv_mpu.o(i.mpu_set_int_latched)
    i.mpu_set_lpf                            0x08006d98   Section        0  inv_mpu.o(i.mpu_set_lpf)
    i.mpu_set_sample_rate                    0x08006e1c   Section        0  inv_mpu.o(i.mpu_set_sample_rate)
    i.mpu_set_sensors                        0x08006eb8   Section        0  inv_mpu.o(i.mpu_set_sensors)
    i.mpu_write_mem                          0x08006f88   Section        0  inv_mpu.o(i.mpu_write_mem)
    i.run_self_test                          0x08007008   Section        0  inv_mpu.o(i.run_self_test)
    i.set_int_enable                         0x0800709c   Section        0  inv_mpu.o(i.set_int_enable)
    set_int_enable                           0x0800709d   Thumb Code   138  inv_mpu.o(i.set_int_enable)
    i.sqrt                                   0x0800712c   Section        0  sqrt.o(i.sqrt)
    i.update_channels                        0x08007178   Section        0  frsky.o(i.update_channels)
    i.usart1_niming_report                   0x08007320   Section        0  ano.o(i.usart1_niming_report)
    i.usart1_report_imu                      0x0800739c   Section        0  ano.o(i.usart1_report_imu)
    .constdata                               0x0800745c   Section       80  inv_mpu.o(.constdata)
    .constdata                               0x080074ac   Section     3062  inv_mpu_dmp_motion_driver.o(.constdata)
    dmp_memory                               0x080074ac   Data        3062  inv_mpu_dmp_motion_driver.o(.constdata)
    .constdata                               0x080080a8   Section       80  asin.o(.constdata)
    pS                                       0x080080a8   Data          48  asin.o(.constdata)
    qS                                       0x080080d8   Data          32  asin.o(.constdata)
    .constdata                               0x080080f8   Section      152  atan.o(.constdata)
    atanhi                                   0x080080f8   Data          32  atan.o(.constdata)
    atanlo                                   0x08008118   Data          32  atan.o(.constdata)
    aTodd                                    0x08008138   Data          40  atan.o(.constdata)
    aTeven                                   0x08008160   Data          48  atan.o(.constdata)
    .constdata                               0x08008190   Section        8  qnan.o(.constdata)
    .constdata                               0x08008198   Section       64  ctype_c.o(.constdata)
    .conststring                             0x080081d8   Section       77  inv_mpu.o(.conststring)
    .data                                    0x20000000   Section       54  main.o(.data)
    .data                                    0x20000036   Section        4  delay.o(.data)
    fac_us                                   0x20000036   Data           1  delay.o(.data)
    fac_ms                                   0x20000038   Data           2  delay.o(.data)
    .data                                    0x2000003c   Section        6  usart.o(.data)
    .data                                    0x20000044   Section       53  inv_mpu.o(.data)
    st                                       0x20000044   Data          44  inv_mpu.o(.data)
    gyro_orientation                         0x20000070   Data           9  inv_mpu.o(.data)
    .data                                    0x2000007a   Section       65  frsky.o(.data)
    .data                                    0x200000bc   Section        4  adc.o(.data)
    .data                                    0x200000c0   Section       32  spl06.o(.data)
    _C0                                      0x200000c0   Data           2  spl06.o(.data)
    _C1                                      0x200000c2   Data           2  spl06.o(.data)
    _C01                                     0x200000c4   Data           2  spl06.o(.data)
    _C11                                     0x200000c6   Data           2  spl06.o(.data)
    _C20                                     0x200000c8   Data           2  spl06.o(.data)
    _C21                                     0x200000ca   Data           2  spl06.o(.data)
    _C30                                     0x200000cc   Data           2  spl06.o(.data)
    _C00                                     0x200000d0   Data           4  spl06.o(.data)
    _C10                                     0x200000d4   Data           4  spl06.o(.data)
    _kT                                      0x200000d8   Data           4  spl06.o(.data)
    _kP                                      0x200000dc   Data           4  spl06.o(.data)
    .data                                    0x200000e0   Section       20  stm32f10x_rcc.o(.data)
    APBAHBPrescTable                         0x200000e0   Data          16  stm32f10x_rcc.o(.data)
    ADCPrescTable                            0x200000f0   Data           4  stm32f10x_rcc.o(.data)
    .data                                    0x200000f4   Section       20  system_stm32f10x.o(.data)
    .data                                    0x20000108   Section        4  errno.o(.data)
    _errno                                   0x20000108   Data           4  errno.o(.data)
    .bss                                     0x2000010c   Section      200  usart.o(.bss)
    .bss                                     0x200001d4   Section       16  inv_mpu_dmp_motion_driver.o(.bss)
    dmp                                      0x200001d4   Data          16  inv_mpu_dmp_motion_driver.o(.bss)
    .bss                                     0x200001e4   Section       25  frsky.o(.bss)
    .bss                                     0x20000200   Section       64  spl06.o(.bss)
    .bss                                     0x20000240   Section       96  pid.o(.bss)
    STACK                                    0x200002a0   Section     1024  startup_stm32f10x_md.o(STACK)

    Global Symbols

    Symbol Name                              Value     Ov Type        Size  Object(Section)

    BuildAttributes$$THM_ISAv4$P$D$K$B$S$PE$A:L22UL41UL21$X:L11$S22US41US21$IEEE1$IW$USESV6$~STKCKD$USESV7$~SHL$OTIME$ROPI$IEEEX$EBA8$MICROLIB$REQ8$PRES8$EABIv2 0x00000000   Number         0  anon$$obj.o ABSOLUTE
    __ARM_use_no_argv                        0x00000000   Number         0  main.o ABSOLUTE
    __use_no_errno                           0x00000000   Number         0  useno.o ABSOLUTE
    __use_no_exception_handling              0x00000000   Number         0  useno.o ABSOLUTE
    __use_no_fp                              0x00000000   Number         0  useno.o ABSOLUTE
    __use_no_heap                            0x00000000   Number         0  useno.o ABSOLUTE
    __use_no_heap_region                     0x00000000   Number         0  useno.o ABSOLUTE
    __use_no_semihosting                     0x00000000   Number         0  useno.o ABSOLUTE
    __use_no_semihosting_swi                 0x00000000   Number         0  useno.o ABSOLUTE
    __use_no_signal_handling                 0x00000000   Number         0  useno.o ABSOLUTE
    _printf_a                                0x00000000   Number         0  stubs.o ABSOLUTE
    _printf_c                                0x00000000   Number         0  stubs.o ABSOLUTE
    _printf_charcount                        0x00000000   Number         0  stubs.o ABSOLUTE
    _printf_d                                0x00000000   Number         0  stubs.o ABSOLUTE
    _printf_e                                0x00000000   Number         0  stubs.o ABSOLUTE
    _printf_f                                0x00000000   Number         0  stubs.o ABSOLUTE
    _printf_flags                            0x00000000   Number         0  stubs.o ABSOLUTE
    _printf_fp_dec                           0x00000000   Number         0  stubs.o ABSOLUTE
    _printf_fp_hex                           0x00000000   Number         0  stubs.o ABSOLUTE
    _printf_g                                0x00000000   Number         0  stubs.o ABSOLUTE
    _printf_i                                0x00000000   Number         0  stubs.o ABSOLUTE
    _printf_int_dec                          0x00000000   Number         0  stubs.o ABSOLUTE
    _printf_l                                0x00000000   Number         0  stubs.o ABSOLUTE
    _printf_lc                               0x00000000   Number         0  stubs.o ABSOLUTE
    _printf_ll                               0x00000000   Number         0  stubs.o ABSOLUTE
    _printf_lld                              0x00000000   Number         0  stubs.o ABSOLUTE
    _printf_lli                              0x00000000   Number         0  stubs.o ABSOLUTE
    _printf_llo                              0x00000000   Number         0  stubs.o ABSOLUTE
    _printf_llu                              0x00000000   Number         0  stubs.o ABSOLUTE
    _printf_llx                              0x00000000   Number         0  stubs.o ABSOLUTE
    _printf_longlong_dec                     0x00000000   Number         0  stubs.o ABSOLUTE
    _printf_longlong_hex                     0x00000000   Number         0  stubs.o ABSOLUTE
    _printf_longlong_oct                     0x00000000   Number         0  stubs.o ABSOLUTE
    _printf_ls                               0x00000000   Number         0  stubs.o ABSOLUTE
    _printf_mbtowc                           0x00000000   Number         0  stubs.o ABSOLUTE
    _printf_n                                0x00000000   Number         0  stubs.o ABSOLUTE
    _printf_o                                0x00000000   Number         0  stubs.o ABSOLUTE
    _printf_p                                0x00000000   Number         0  stubs.o ABSOLUTE
    _printf_percent                          0x00000000   Number         0  stubs.o ABSOLUTE
    _printf_pre_padding                      0x00000000   Number         0  stubs.o ABSOLUTE
    _printf_return_value                     0x00000000   Number         0  stubs.o ABSOLUTE
    _printf_s                                0x00000000   Number         0  stubs.o ABSOLUTE
    _printf_sizespec                         0x00000000   Number         0  stubs.o ABSOLUTE
    _printf_str                              0x00000000   Number         0  stubs.o ABSOLUTE
    _printf_truncate_signed                  0x00000000   Number         0  stubs.o ABSOLUTE
    _printf_truncate_unsigned                0x00000000   Number         0  stubs.o ABSOLUTE
    _printf_u                                0x00000000   Number         0  stubs.o ABSOLUTE
    _printf_wc                               0x00000000   Number         0  stubs.o ABSOLUTE
    _printf_wctomb                           0x00000000   Number         0  stubs.o ABSOLUTE
    _printf_widthprec                        0x00000000   Number         0  stubs.o ABSOLUTE
    _printf_x                                0x00000000   Number         0  stubs.o ABSOLUTE
    __cpp_initialize__aeabi_                  - Undefined Weak Reference
    __cxa_finalize                            - Undefined Weak Reference
    __decompress                              - Undefined Weak Reference
    _clock_init                               - Undefined Weak Reference
    _microlib_exit                            - Undefined Weak Reference
    _scanf_int                                - Undefined Weak Reference
    _scanf_longlong                           - Undefined Weak Reference
    _scanf_string                             - Undefined Weak Reference
    __Vectors_Size                           0x000000ec   Number         0  startup_stm32f10x_md.o ABSOLUTE
    __Vectors                                0x08000000   Data           4  startup_stm32f10x_md.o(RESET)
    __Vectors_End                            0x080000ec   Data           0  startup_stm32f10x_md.o(RESET)
    __main                                   0x080000ed   Thumb Code     0  entry.o(.ARM.Collect$$$$00000000)
    _main_stk                                0x080000ed   Thumb Code     0  entry2.o(.ARM.Collect$$$$00000001)
    _main_scatterload                        0x080000f1   Thumb Code     0  entry5.o(.ARM.Collect$$$$00000004)
    __main_after_scatterload                 0x080000f5   Thumb Code     0  entry5.o(.ARM.Collect$$$$00000004)
    _main_clock                              0x080000f5   Thumb Code     0  entry7b.o(.ARM.Collect$$$$00000008)
    _main_cpp_init                           0x080000f5   Thumb Code     0  entry8b.o(.ARM.Collect$$$$0000000A)
    _main_init                               0x080000f5   Thumb Code     0  entry9a.o(.ARM.Collect$$$$0000000B)
    __rt_final_cpp                           0x080000fd   Thumb Code     0  entry10a.o(.ARM.Collect$$$$0000000D)
    __rt_final_exit                          0x080000fd   Thumb Code     0  entry11a.o(.ARM.Collect$$$$0000000F)
    Reset_Handler                            0x08000101   Thumb Code     8  startup_stm32f10x_md.o(.text)
    ADC1_2_IRQHandler                        0x0800011b   Thumb Code     0  startup_stm32f10x_md.o(.text)
    CAN1_RX1_IRQHandler                      0x0800011b   Thumb Code     0  startup_stm32f10x_md.o(.text)
    CAN1_SCE_IRQHandler                      0x0800011b   Thumb Code     0  startup_stm32f10x_md.o(.text)
    DMA1_Channel1_IRQHandler                 0x0800011b   Thumb Code     0  startup_stm32f10x_md.o(.text)
    DMA1_Channel2_IRQHandler                 0x0800011b   Thumb Code     0  startup_stm32f10x_md.o(.text)
    DMA1_Channel3_IRQHandler                 0x0800011b   Thumb Code     0  startup_stm32f10x_md.o(.text)
    DMA1_Channel4_IRQHandler                 0x0800011b   Thumb Code     0  startup_stm32f10x_md.o(.text)
    DMA1_Channel5_IRQHandler                 0x0800011b   Thumb Code     0  startup_stm32f10x_md.o(.text)
    DMA1_Channel6_IRQHandler                 0x0800011b   Thumb Code     0  startup_stm32f10x_md.o(.text)
    DMA1_Channel7_IRQHandler                 0x0800011b   Thumb Code     0  startup_stm32f10x_md.o(.text)
    EXTI0_IRQHandler                         0x0800011b   Thumb Code     0  startup_stm32f10x_md.o(.text)
    EXTI15_10_IRQHandler                     0x0800011b   Thumb Code     0  startup_stm32f10x_md.o(.text)
    EXTI1_IRQHandler                         0x0800011b   Thumb Code     0  startup_stm32f10x_md.o(.text)
    EXTI2_IRQHandler                         0x0800011b   Thumb Code     0  startup_stm32f10x_md.o(.text)
    EXTI3_IRQHandler                         0x0800011b   Thumb Code     0  startup_stm32f10x_md.o(.text)
    EXTI9_5_IRQHandler                       0x0800011b   Thumb Code     0  startup_stm32f10x_md.o(.text)
    FLASH_IRQHandler                         0x0800011b   Thumb Code     0  startup_stm32f10x_md.o(.text)
    I2C1_ER_IRQHandler                       0x0800011b   Thumb Code     0  startup_stm32f10x_md.o(.text)
    I2C1_EV_IRQHandler                       0x0800011b   Thumb Code     0  startup_stm32f10x_md.o(.text)
    I2C2_ER_IRQHandler                       0x0800011b   Thumb Code     0  startup_stm32f10x_md.o(.text)
    I2C2_EV_IRQHandler                       0x0800011b   Thumb Code     0  startup_stm32f10x_md.o(.text)
    PVD_IRQHandler                           0x0800011b   Thumb Code     0  startup_stm32f10x_md.o(.text)
    RCC_IRQHandler                           0x0800011b   Thumb Code     0  startup_stm32f10x_md.o(.text)
    RTCAlarm_IRQHandler                      0x0800011b   Thumb Code     0  startup_stm32f10x_md.o(.text)
    RTC_IRQHandler                           0x0800011b   Thumb Code     0  startup_stm32f10x_md.o(.text)
    SPI1_IRQHandler                          0x0800011b   Thumb Code     0  startup_stm32f10x_md.o(.text)
    SPI2_IRQHandler                          0x0800011b   Thumb Code     0  startup_stm32f10x_md.o(.text)
    TAMPER_IRQHandler                        0x0800011b   Thumb Code     0  startup_stm32f10x_md.o(.text)
    TIM1_BRK_IRQHandler                      0x0800011b   Thumb Code     0  startup_stm32f10x_md.o(.text)
    TIM1_CC_IRQHandler                       0x0800011b   Thumb Code     0  startup_stm32f10x_md.o(.text)
    TIM1_TRG_COM_IRQHandler                  0x0800011b   Thumb Code     0  startup_stm32f10x_md.o(.text)
    TIM1_UP_IRQHandler                       0x0800011b   Thumb Code     0  startup_stm32f10x_md.o(.text)
    TIM3_IRQHandler                          0x0800011b   Thumb Code     0  startup_stm32f10x_md.o(.text)
    TIM4_IRQHandler                          0x0800011b   Thumb Code     0  startup_stm32f10x_md.o(.text)
    USART3_IRQHandler                        0x0800011b   Thumb Code     0  startup_stm32f10x_md.o(.text)
    USBWakeUp_IRQHandler                     0x0800011b   Thumb Code     0  startup_stm32f10x_md.o(.text)
    USB_HP_CAN1_TX_IRQHandler                0x0800011b   Thumb Code     0  startup_stm32f10x_md.o(.text)
    USB_LP_CAN1_RX0_IRQHandler               0x0800011b   Thumb Code     0  startup_stm32f10x_md.o(.text)
    WWDG_IRQHandler                          0x0800011b   Thumb Code     0  startup_stm32f10x_md.o(.text)
    __aeabi_ldivmod                          0x08000125   Thumb Code    98  ldiv.o(.text)
    __aeabi_memcpy                           0x08000187   Thumb Code    36  memcpya.o(.text)
    __aeabi_memcpy4                          0x08000187   Thumb Code     0  memcpya.o(.text)
    __aeabi_memcpy8                          0x08000187   Thumb Code     0  memcpya.o(.text)
    __aeabi_memset                           0x080001ab   Thumb Code    14  memseta.o(.text)
    __aeabi_memset4                          0x080001ab   Thumb Code     0  memseta.o(.text)
    __aeabi_memset8                          0x080001ab   Thumb Code     0  memseta.o(.text)
    __aeabi_memclr                           0x080001b9   Thumb Code     4  memseta.o(.text)
    __aeabi_memclr4                          0x080001b9   Thumb Code     0  memseta.o(.text)
    __aeabi_memclr8                          0x080001b9   Thumb Code     0  memseta.o(.text)
    _memset$wrapper                          0x080001bd   Thumb Code    18  memseta.o(.text)
    memcmp                                   0x080001cf   Thumb Code    26  memcmp.o(.text)
    __0sscanf                                0x080001e9   Thumb Code    48  __0sscanf.o(.text)
    _scanf_real                              0x08000321   Thumb Code     0  scanf_fp.o(.text)
    _scanf_really_real                       0x08000321   Thumb Code   556  scanf_fp.o(.text)
    __aeabi_fadd                             0x08000559   Thumb Code   164  fadd.o(.text)
    __aeabi_fsub                             0x080005fd   Thumb Code     6  fadd.o(.text)
    __aeabi_frsub                            0x08000603   Thumb Code     6  fadd.o(.text)
    __aeabi_fmul                             0x08000609   Thumb Code   100  fmul.o(.text)
    __aeabi_fdiv                             0x0800066d   Thumb Code   124  fdiv.o(.text)
    __aeabi_dadd                             0x080006e9   Thumb Code   322  dadd.o(.text)
    __aeabi_dsub                             0x0800082b   Thumb Code     6  dadd.o(.text)
    __aeabi_drsub                            0x08000831   Thumb Code     6  dadd.o(.text)
    __aeabi_dmul                             0x08000837   Thumb Code   228  dmul.o(.text)
    __aeabi_ddiv                             0x0800091b   Thumb Code   222  ddiv.o(.text)
    __aeabi_i2f                              0x080009f9   Thumb Code    18  fflti.o(.text)
    __aeabi_ui2f                             0x08000a0b   Thumb Code    10  ffltui.o(.text)
    __aeabi_i2d                              0x08000a15   Thumb Code    34  dflti.o(.text)
    __aeabi_f2iz                             0x08000a37   Thumb Code    50  ffixi.o(.text)
    __aeabi_f2uiz                            0x08000a69   Thumb Code    40  ffixui.o(.text)
    __aeabi_f2d                              0x08000a91   Thumb Code    38  f2d.o(.text)
    __aeabi_d2f                              0x08000ab7   Thumb Code    56  d2f.o(.text)
    __aeabi_cfcmpeq                          0x08000af1   Thumb Code     0  cfcmple.o(.text)
    __aeabi_cfcmple                          0x08000af1   Thumb Code    20  cfcmple.o(.text)
    __aeabi_cfrcmple                         0x08000b05   Thumb Code    20  cfrcmple.o(.text)
    __aeabi_uidiv                            0x08000b19   Thumb Code     0  uidiv.o(.text)
    __aeabi_uidivmod                         0x08000b19   Thumb Code    44  uidiv.o(.text)
    __aeabi_uldivmod                         0x08000b45   Thumb Code    98  uldiv.o(.text)
    __aeabi_llsl                             0x08000ba7   Thumb Code    30  llshl.o(.text)
    _ll_shift_l                              0x08000ba7   Thumb Code     0  llshl.o(.text)
    __aeabi_lasr                             0x08000bc5   Thumb Code    36  llsshr.o(.text)
    _ll_sshift_r                             0x08000bc5   Thumb Code     0  llsshr.o(.text)
    __vfscanf_char                           0x08000bf5   Thumb Code    20  scanf_char.o(.text)
    _sgetc                                   0x08000c11   Thumb Code    30  _sgetc.o(.text)
    _sbackspace                              0x08000c2f   Thumb Code    34  _sgetc.o(.text)
    __I$use$fp                               0x08000c51   Thumb Code     0  iusefp.o(.text)
    _float_round                             0x08000c51   Thumb Code    18  fepilogue.o(.text)
    _float_epilogue                          0x08000c63   Thumb Code    92  fepilogue.o(.text)
    _double_round                            0x08000cbf   Thumb Code    30  depilogue.o(.text)
    _double_epilogue                         0x08000cdd   Thumb Code   156  depilogue.o(.text)
    __ARM_scalbn                             0x08000d79   Thumb Code    46  dscalb.o(.text)
    scalbn                                   0x08000d79   Thumb Code     0  dscalb.o(.text)
    __aeabi_ul2d                             0x08000da7   Thumb Code    24  dfltul.o(.text)
    __aeabi_d2ulz                            0x08000dbf   Thumb Code    48  dfixul.o(.text)
    __aeabi_cdrcmple                         0x08000df1   Thumb Code    48  cdrcmple.o(.text)
    __scatterload                            0x08000e21   Thumb Code    28  init.o(.text)
    __scatterload_rt2                        0x08000e21   Thumb Code     0  init.o(.text)
    __aeabi_llsr                             0x08000e45   Thumb Code    32  llushr.o(.text)
    _ll_ushift_r                             0x08000e45   Thumb Code     0  llushr.o(.text)
    isspace                                  0x08000e65   Thumb Code    10  isspace_c.o(.text)
    __vfscanf                                0x08000e71   Thumb Code   808  _scanf.o(.text)
    _dsqrt                                   0x0800119d   Thumb Code   162  dsqrt.o(.text)
    __ctype_lookup                           0x08001241   Thumb Code    34  ctype_c.o(.text)
    ADC_Cmd                                  0x08001269   Thumb Code    22  stm32f10x_adc.o(i.ADC_Cmd)
    ADC_DeInit                               0x08001281   Thumb Code    78  stm32f10x_adc.o(i.ADC_DeInit)
    ADC_GetCalibrationStatus                 0x080012dd   Thumb Code    20  stm32f10x_adc.o(i.ADC_GetCalibrationStatus)
    ADC_GetConversionValue                   0x080012f1   Thumb Code     8  stm32f10x_adc.o(i.ADC_GetConversionValue)
    ADC_GetFlagStatus                        0x080012f9   Thumb Code    18  stm32f10x_adc.o(i.ADC_GetFlagStatus)
    ADC_GetResetCalibrationStatus            0x0800130b   Thumb Code    20  stm32f10x_adc.o(i.ADC_GetResetCalibrationStatus)
    ADC_Init                                 0x08001321   Thumb Code    70  stm32f10x_adc.o(i.ADC_Init)
    ADC_RegularChannelConfig                 0x08001371   Thumb Code   184  stm32f10x_adc.o(i.ADC_RegularChannelConfig)
    ADC_ResetCalibration                     0x08001429   Thumb Code    10  stm32f10x_adc.o(i.ADC_ResetCalibration)
    ADC_SoftwareStartConvCmd                 0x08001433   Thumb Code    22  stm32f10x_adc.o(i.ADC_SoftwareStartConvCmd)
    ADC_StartCalibration                     0x08001449   Thumb Code    10  stm32f10x_adc.o(i.ADC_StartCalibration)
    Adc_Init                                 0x08001455   Thumb Code   132  adc.o(i.Adc_Init)
    BEEP_GPIO_High                           0x080014e1   Thumb Code    14  beep.o(i.BEEP_GPIO_High)
    BEEP_GPIO_Init                           0x080014f5   Thumb Code    38  beep.o(i.BEEP_GPIO_Init)
    BEEP_GPIO_Low                            0x08001521   Thumb Code    14  beep.o(i.BEEP_GPIO_Low)
    BusFault_Handler                         0x08001535   Thumb Code     4  stm32f10x_it.o(i.BusFault_Handler)
    DebugMon_Handler                         0x08001539   Thumb Code     2  stm32f10x_it.o(i.DebugMon_Handler)
    EXTI4_IRQHandler                         0x0800153d   Thumb Code    52  exti.o(i.EXTI4_IRQHandler)
    EXTI_ClearITPendingBit                   0x08001575   Thumb Code     6  stm32f10x_exti.o(i.EXTI_ClearITPendingBit)
    FrSky_Uart2_Init                         0x08001581   Thumb Code   172  frsky.o(i.FrSky_Uart2_Init)
    GPIO_Init                                0x08001635   Thumb Code   278  stm32f10x_gpio.o(i.GPIO_Init)
    GPIO_PinRemapConfig                      0x0800174d   Thumb Code   138  stm32f10x_gpio.o(i.GPIO_PinRemapConfig)
    GPIO_ResetBits                           0x080017dd   Thumb Code     4  stm32f10x_gpio.o(i.GPIO_ResetBits)
    GPIO_SetBits                             0x080017e1   Thumb Code     4  stm32f10x_gpio.o(i.GPIO_SetBits)
    Get_Adc                                  0x080017e5   Thumb Code    46  adc.o(i.Get_Adc)
    Get_Bat_Voltage                          0x08001819   Thumb Code    72  adc.o(i.Get_Bat_Voltage)
    HardFault_Handler                        0x0800186d   Thumb Code     4  stm32f10x_it.o(i.HardFault_Handler)
    MPU_Get_Accelerometer                    0x08001871   Thumb Code    80  mpu6050.o(i.MPU_Get_Accelerometer)
    MPU_Get_Gyroscope                        0x080018c1   Thumb Code    80  mpu6050.o(i.MPU_Get_Gyroscope)
    MPU_Get_Temperature                      0x08001911   Thumb Code    86  mpu6050.o(i.MPU_Get_Temperature)
    MPU_IIC_Ack                              0x08001979   Thumb Code    62  mpuiic.o(i.MPU_IIC_Ack)
    MPU_IIC_Delay                            0x080019c5   Thumb Code    10  mpuiic.o(i.MPU_IIC_Delay)
    MPU_IIC_Init                             0x080019d1   Thumb Code    50  mpuiic.o(i.MPU_IIC_Init)
    MPU_IIC_NAck                             0x08001a09   Thumb Code    62  mpuiic.o(i.MPU_IIC_NAck)
    MPU_IIC_Read_Byte                        0x08001a55   Thumb Code    94  mpuiic.o(i.MPU_IIC_Read_Byte)
    MPU_IIC_Send_Byte                        0x08001ac1   Thumb Code    80  mpuiic.o(i.MPU_IIC_Send_Byte)
    MPU_IIC_Start                            0x08001b1d   Thumb Code    60  mpuiic.o(i.MPU_IIC_Start)
    MPU_IIC_Stop                             0x08001b65   Thumb Code    58  mpuiic.o(i.MPU_IIC_Stop)
    MPU_IIC_Wait_Ack                         0x08001bad   Thumb Code    86  mpuiic.o(i.MPU_IIC_Wait_Ack)
    MPU_Init                                 0x08001c11   Thumb Code   130  mpu6050.o(i.MPU_Init)
    MPU_Read_Byte                            0x08001ca5   Thumb Code    58  mpu6050.o(i.MPU_Read_Byte)
    MPU_Read_Len                             0x08001cdf   Thumb Code   116  mpu6050.o(i.MPU_Read_Len)
    MPU_Set_Accel_Fsr                        0x08001d53   Thumb Code    16  mpu6050.o(i.MPU_Set_Accel_Fsr)
    MPU_Set_Gyro_Fsr                         0x08001d63   Thumb Code    16  mpu6050.o(i.MPU_Set_Gyro_Fsr)
    MPU_Set_LPF                              0x08001d73   Thumb Code    58  mpu6050.o(i.MPU_Set_LPF)
    MPU_Set_Rate                             0x08001dad   Thumb Code    58  mpu6050.o(i.MPU_Set_Rate)
    MPU_Write_Byte                           0x08001de7   Thumb Code    68  mpu6050.o(i.MPU_Write_Byte)
    MPU_Write_Len                            0x08001e2b   Thumb Code    96  mpu6050.o(i.MPU_Write_Len)
    MemManage_Handler                        0x08001e8b   Thumb Code     4  stm32f10x_it.o(i.MemManage_Handler)
    Motor_PWM_Init                           0x08001e91   Thumb Code   146  motor.o(i.Motor_PWM_Init)
    Motor_PWM_Set                            0x08001f2d   Thumb Code    24  motor.o(i.Motor_PWM_Set)
    Motor_Unlock                             0x08001f49   Thumb Code   104  motor.o(i.Motor_Unlock)
    NMI_Handler                              0x08001fb1   Thumb Code     2  stm32f10x_it.o(i.NMI_Handler)
    NVIC_Init                                0x08001fb5   Thumb Code   100  misc.o(i.NVIC_Init)
    NVIC_PriorityGroupConfig                 0x08002025   Thumb Code    10  misc.o(i.NVIC_PriorityGroupConfig)
    PID_Init                                 0x08002039   Thumb Code    92  pid.o(i.PID_Init)
    PID_Update                               0x080020b5   Thumb Code   176  pid.o(i.PID_Update)
    PendSV_Handler                           0x08002179   Thumb Code     2  stm32f10x_it.o(i.PendSV_Handler)
    RCC_ADCCLKConfig                         0x0800217d   Thumb Code    18  stm32f10x_rcc.o(i.RCC_ADCCLKConfig)
    RCC_APB1PeriphClockCmd                   0x08002195   Thumb Code    26  stm32f10x_rcc.o(i.RCC_APB1PeriphClockCmd)
    RCC_APB2PeriphClockCmd                   0x080021b5   Thumb Code    26  stm32f10x_rcc.o(i.RCC_APB2PeriphClockCmd)
    RCC_APB2PeriphResetCmd                   0x080021d5   Thumb Code    26  stm32f10x_rcc.o(i.RCC_APB2PeriphResetCmd)
    RCC_GetClocksFreq                        0x080021f5   Thumb Code   192  stm32f10x_rcc.o(i.RCC_GetClocksFreq)
    SPI1_Init                                0x080022c9   Thumb Code   138  spi.o(i.SPI1_Init)
    SPI1_RW_Byte                             0x08002361   Thumb Code    42  spi.o(i.SPI1_RW_Byte)
    SPI1_Read_Reg                            0x08002391   Thumb Code    20  spi.o(i.SPI1_Read_Reg)
    SPI1_Read_Reg_Buffer                     0x080023a5   Thumb Code    42  spi.o(i.SPI1_Read_Reg_Buffer)
    SPI1_Write_Reg                           0x080023cf   Thumb Code    24  spi.o(i.SPI1_Write_Reg)
    SPI_Cmd                                  0x080023e7   Thumb Code    24  stm32f10x_spi.o(i.SPI_Cmd)
    SPI_Init                                 0x080023ff   Thumb Code    60  stm32f10x_spi.o(i.SPI_Init)
    SPL06_Config_Pressure                    0x0800243d   Thumb Code   142  spl06.o(i.SPL06_Config_Pressure)
    SPL06_Config_Temperature                 0x080024ed   Thumb Code   146  spl06.o(i.SPL06_Config_Temperature)
    SPL06_Get_Pressure_Adc                   0x080025a1   Thumb Code    52  spl06.o(i.SPL06_Get_Pressure_Adc)
    SPL06_Get_Temperature_Adc                0x080025d5   Thumb Code    52  spl06.o(i.SPL06_Get_Temperature_Adc)
    SPL06_Init                               0x08002609   Thumb Code   772  spl06.o(i.SPL06_Init)
    SPL06_Read_Buffer                        0x0800294d   Thumb Code    36  spl06.o(i.SPL06_Read_Buffer)
    SPL06_Read_Reg                           0x08002979   Thumb Code    30  spl06.o(i.SPL06_Read_Reg)
    SPL06_Start                              0x080029a1   Thumb Code    14  spl06.o(i.SPL06_Start)
    SPL06_Update                             0x080029b1   Thumb Code    24  spl06.o(i.SPL06_Update)
    SPL06_Update_Pressure                    0x080029cd   Thumb Code   294  spl06.o(i.SPL06_Update_Pressure)
    SPL06_Write_Reg                          0x08002b25   Thumb Code    32  spl06.o(i.SPL06_Write_Reg)
    SVC_Handler                              0x08002b4d   Thumb Code     2  stm32f10x_it.o(i.SVC_Handler)
    Servo_PWM_Init                           0x08002b51   Thumb Code   154  servo.o(i.Servo_PWM_Init)
    Servo_PWM_Set                            0x08002bf5   Thumb Code    24  servo.o(i.Servo_PWM_Set)
    SysTick_CLKSourceConfig                  0x08002cf9   Thumb Code    40  misc.o(i.SysTick_CLKSourceConfig)
    SysTick_Handler                          0x08002d21   Thumb Code     2  stm32f10x_it.o(i.SysTick_Handler)
    SystemInit                               0x08002d25   Thumb Code    78  system_stm32f10x.o(i.SystemInit)
    TIM2_IRQHandler                          0x08002d85   Thumb Code   460  timer.o(i.TIM2_IRQHandler)
    TIM2_Int_Init                            0x08002f79   Thumb Code    92  timer.o(i.TIM2_Int_Init)
    TIM_ClearITPendingBit                    0x08002fd5   Thumb Code     6  stm32f10x_tim.o(i.TIM_ClearITPendingBit)
    TIM_Cmd                                  0x08002fdb   Thumb Code    24  stm32f10x_tim.o(i.TIM_Cmd)
    TIM_GetITStatus                          0x08002ff3   Thumb Code    34  stm32f10x_tim.o(i.TIM_GetITStatus)
    TIM_ITConfig                             0x08003015   Thumb Code    18  stm32f10x_tim.o(i.TIM_ITConfig)
    TIM_OC1Init                              0x08003029   Thumb Code   132  stm32f10x_tim.o(i.TIM_OC1Init)
    TIM_OC1PreloadConfig                     0x080030c1   Thumb Code    18  stm32f10x_tim.o(i.TIM_OC1PreloadConfig)
    TIM_OC2Init                              0x080030d5   Thumb Code   154  stm32f10x_tim.o(i.TIM_OC2Init)
    TIM_OC2PreloadConfig                     0x08003179   Thumb Code    26  stm32f10x_tim.o(i.TIM_OC2PreloadConfig)
    TIM_SetCompare1                          0x08003193   Thumb Code     4  stm32f10x_tim.o(i.TIM_SetCompare1)
    TIM_SetCompare2                          0x08003197   Thumb Code     4  stm32f10x_tim.o(i.TIM_SetCompare2)
    TIM_TimeBaseInit                         0x0800319d   Thumb Code   122  stm32f10x_tim.o(i.TIM_TimeBaseInit)
    USART1_IRQHandler                        0x08003241   Thumb Code   174  usart.o(i.USART1_IRQHandler)
    USART2_IRQHandler                        0x080032fd   Thumb Code   134  frsky.o(i.USART2_IRQHandler)
    USART_ClearITPendingBit                  0x08003399   Thumb Code    30  stm32f10x_usart.o(i.USART_ClearITPendingBit)
    USART_Cmd                                0x080033b7   Thumb Code    24  stm32f10x_usart.o(i.USART_Cmd)
    USART_GetFlagStatus                      0x080033cf   Thumb Code    26  stm32f10x_usart.o(i.USART_GetFlagStatus)
    USART_GetITStatus                        0x080033e9   Thumb Code    84  stm32f10x_usart.o(i.USART_GetITStatus)
    USART_ITConfig                           0x0800343d   Thumb Code    74  stm32f10x_usart.o(i.USART_ITConfig)
    USART_Init                               0x08003489   Thumb Code   210  stm32f10x_usart.o(i.USART_Init)
    USART_ReceiveData                        0x08003561   Thumb Code    10  stm32f10x_usart.o(i.USART_ReceiveData)
    USART_SendData                           0x0800356b   Thumb Code     8  stm32f10x_usart.o(i.USART_SendData)
    UsageFault_Handler                       0x08003573   Thumb Code     4  stm32f10x_it.o(i.UsageFault_Handler)
    Usart_SendByte                           0x08003579   Thumb Code    42  usart.o(i.Usart_SendByte)
    Usart_init                               0x080035a9   Thumb Code   160  usart.o(i.Usart_init)
    __0printf                                0x08003651   Thumb Code    22  printfa.o(i.__0printf)
    __1printf                                0x08003651   Thumb Code     0  printfa.o(i.__0printf)
    __2printf                                0x08003651   Thumb Code     0  printfa.o(i.__0printf)
    __c89printf                              0x08003651   Thumb Code     0  printfa.o(i.__0printf)
    printf                                   0x08003651   Thumb Code     0  printfa.o(i.__0printf)
    __ARM_fpclassify                         0x08003671   Thumb Code    40  fpclassify.o(i.__ARM_fpclassify)
    __kernel_poly                            0x08003699   Thumb Code   170  poly.o(i.__kernel_poly)
    __mathlib_dbl_infnan                     0x08003743   Thumb Code     6  dunder.o(i.__mathlib_dbl_infnan)
    __mathlib_dbl_infnan2                    0x08003749   Thumb Code     4  dunder.o(i.__mathlib_dbl_infnan2)
    __mathlib_dbl_invalid                    0x0800374d   Thumb Code    12  dunder.o(i.__mathlib_dbl_invalid)
    __mathlib_dbl_underflow                  0x08003759   Thumb Code    10  dunder.o(i.__mathlib_dbl_underflow)
    __scatterload_copy                       0x08003769   Thumb Code    14  handlers.o(i.__scatterload_copy)
    __scatterload_null                       0x08003777   Thumb Code     2  handlers.o(i.__scatterload_null)
    __scatterload_zeroinit                   0x08003779   Thumb Code    14  handlers.o(i.__scatterload_zeroinit)
    __set_errno                              0x08003789   Thumb Code     6  errno.o(i.__set_errno)
    _is_digit                                0x08003919   Thumb Code    14  scanf_fp.o(i._is_digit)
    asin                                     0x08004101   Thumb Code   572  asin.o(i.asin)
    atan                                     0x08004371   Thumb Code   474  atan.o(i.atan)
    atan2                                    0x08004591   Thumb Code   346  atan2.o(i.atan2)
    delay_init                               0x08004775   Thumb Code    50  delay.o(i.delay_init)
    delay_ms                                 0x080047b9   Thumb Code    72  delay.o(i.delay_ms)
    delay_us                                 0x08004805   Thumb Code    72  delay.o(i.delay_us)
    dmp_enable_6x_lp_quat                    0x08004851   Thumb Code    60  inv_mpu_dmp_motion_driver.o(i.dmp_enable_6x_lp_quat)
    dmp_enable_feature                       0x0800488d   Thumb Code   530  inv_mpu_dmp_motion_driver.o(i.dmp_enable_feature)
    dmp_enable_gyro_cal                      0x08004aa9   Thumb Code    62  inv_mpu_dmp_motion_driver.o(i.dmp_enable_gyro_cal)
    dmp_enable_lp_quat                       0x08004b01   Thumb Code    60  inv_mpu_dmp_motion_driver.o(i.dmp_enable_lp_quat)
    dmp_load_motion_driver_firmware          0x08004b3d   Thumb Code    20  inv_mpu_dmp_motion_driver.o(i.dmp_load_motion_driver_firmware)
    dmp_read_fifo                            0x08004b55   Thumb Code   456  inv_mpu_dmp_motion_driver.o(i.dmp_read_fifo)
    dmp_set_accel_bias                       0x08004d21   Thumb Code   300  inv_mpu_dmp_motion_driver.o(i.dmp_set_accel_bias)
    dmp_set_fifo_rate                        0x08004e51   Thumb Code    96  inv_mpu_dmp_motion_driver.o(i.dmp_set_fifo_rate)
    dmp_set_gyro_bias                        0x08004ec1   Thumb Code   294  inv_mpu_dmp_motion_driver.o(i.dmp_set_gyro_bias)
    dmp_set_orientation                      0x08004ff1   Thumb Code   290  inv_mpu_dmp_motion_driver.o(i.dmp_set_orientation)
    dmp_set_shake_reject_thresh              0x08005129   Thumb Code    56  inv_mpu_dmp_motion_driver.o(i.dmp_set_shake_reject_thresh)
    dmp_set_shake_reject_time                0x08005161   Thumb Code    38  inv_mpu_dmp_motion_driver.o(i.dmp_set_shake_reject_time)
    dmp_set_shake_reject_timeout             0x08005187   Thumb Code    38  inv_mpu_dmp_motion_driver.o(i.dmp_set_shake_reject_timeout)
    dmp_set_tap_axes                         0x080051ad   Thumb Code    70  inv_mpu_dmp_motion_driver.o(i.dmp_set_tap_axes)
    dmp_set_tap_count                        0x080051f3   Thumb Code    38  inv_mpu_dmp_motion_driver.o(i.dmp_set_tap_count)
    dmp_set_tap_thresh                       0x08005219   Thumb Code   396  inv_mpu_dmp_motion_driver.o(i.dmp_set_tap_thresh)
    dmp_set_tap_time                         0x080053b9   Thumb Code    38  inv_mpu_dmp_motion_driver.o(i.dmp_set_tap_time)
    dmp_set_tap_time_multi                   0x080053df   Thumb Code    38  inv_mpu_dmp_motion_driver.o(i.dmp_set_tap_time_multi)
    fputc                                    0x08005405   Thumb Code    32  usart.o(i.fputc)
    inv_orientation_matrix_to_scalar         0x08005a5d   Thumb Code    40  inv_mpu.o(i.inv_orientation_matrix_to_scalar)
    inv_row_2_scale                          0x08005a85   Thumb Code    78  inv_mpu.o(i.inv_row_2_scale)
    main                                     0x08005ad5   Thumb Code   490  main.o(i.main)
    mget_ms                                  0x08005d41   Thumb Code     2  inv_mpu.o(i.mget_ms)
    mpu6050_send_data                        0x08005d43   Thumb Code   110  ano.o(i.mpu6050_send_data)
    mpu_configure_fifo                       0x08005db1   Thumb Code   106  inv_mpu.o(i.mpu_configure_fifo)
    mpu_dmp_get_data                         0x08005e21   Thumb Code   544  inv_mpu.o(i.mpu_dmp_get_data)
    mpu_dmp_init                             0x08006045   Thumb Code   154  inv_mpu.o(i.mpu_dmp_init)
    mpu_get_accel_fsr                        0x080060e5   Thumb Code    72  inv_mpu.o(i.mpu_get_accel_fsr)
    mpu_get_accel_sens                       0x08006131   Thumb Code    78  inv_mpu.o(i.mpu_get_accel_sens)
    mpu_get_fifo_config                      0x08006185   Thumb Code    12  inv_mpu.o(i.mpu_get_fifo_config)
    mpu_get_gyro_fsr                         0x08006195   Thumb Code    64  inv_mpu.o(i.mpu_get_gyro_fsr)
    mpu_get_gyro_sens                        0x080061d9   Thumb Code    58  inv_mpu.o(i.mpu_get_gyro_sens)
    mpu_get_lpf                              0x08006229   Thumb Code    74  inv_mpu.o(i.mpu_get_lpf)
    mpu_get_sample_rate                      0x08006279   Thumb Code    26  inv_mpu.o(i.mpu_get_sample_rate)
    mpu_init                                 0x08006299   Thumb Code   416  inv_mpu.o(i.mpu_init)
    mpu_load_firmware                        0x08006489   Thumb Code   180  inv_mpu.o(i.mpu_load_firmware)
    mpu_lp_accel_mode                        0x08006541   Thumb Code   218  inv_mpu.o(i.mpu_lp_accel_mode)
    mpu_read_fifo_stream                     0x08006621   Thumb Code   186  inv_mpu.o(i.mpu_read_fifo_stream)
    mpu_read_mem                             0x080066e1   Thumb Code   122  inv_mpu.o(i.mpu_read_mem)
    mpu_reset_fifo                           0x08006761   Thumb Code   450  inv_mpu.o(i.mpu_reset_fifo)
    mpu_run_self_test                        0x08006929   Thumb Code   278  inv_mpu.o(i.mpu_run_self_test)
    mpu_set_accel_fsr                        0x08006a45   Thumb Code   126  inv_mpu.o(i.mpu_set_accel_fsr)
    mpu_set_bypass                           0x08006ac9   Thumb Code   328  inv_mpu.o(i.mpu_set_bypass)
    mpu_set_dmp_state                        0x08006c15   Thumb Code   138  inv_mpu.o(i.mpu_set_dmp_state)
    mpu_set_gyro_fsr                         0x08006ca5   Thumb Code   132  inv_mpu.o(i.mpu_set_gyro_fsr)
    mpu_set_int_latched                      0x08006d2d   Thumb Code   102  inv_mpu.o(i.mpu_set_int_latched)
    mpu_set_lpf                              0x08006d99   Thumb Code   126  inv_mpu.o(i.mpu_set_lpf)
    mpu_set_sample_rate                      0x08006e1d   Thumb Code   152  inv_mpu.o(i.mpu_set_sample_rate)
    mpu_set_sensors                          0x08006eb9   Thumb Code   202  inv_mpu.o(i.mpu_set_sensors)
    mpu_write_mem                            0x08006f89   Thumb Code   122  inv_mpu.o(i.mpu_write_mem)
    run_self_test                            0x08007009   Thumb Code   148  inv_mpu.o(i.run_self_test)
    sqrt                                     0x0800712d   Thumb Code    76  sqrt.o(i.sqrt)
    update_channels                          0x08007179   Thumb Code   410  frsky.o(i.update_channels)
    usart1_niming_report                     0x08007321   Thumb Code   120  ano.o(i.usart1_niming_report)
    usart1_report_imu                        0x0800739d   Thumb Code   192  ano.o(i.usart1_report_imu)
    reg                                      0x0800745c   Data          27  inv_mpu.o(.constdata)
    hw                                       0x08007478   Data          12  inv_mpu.o(.constdata)
    test                                     0x08007484   Data          40  inv_mpu.o(.constdata)
    __mathlib_zero                           0x08008190   Data           8  qnan.o(.constdata)
    __ctype_categories                       0x08008198   Data          64  ctype_c.o(.constdata)
    Region$$Table$$Base                      0x08008228   Number         0  anon$$obj.o(Region$$Table)
    Region$$Table$$Limit                     0x08008248   Number         0  anon$$obj.o(Region$$Table)
    report                                   0x20000000   Data           1  main.o(.data)
    motor1                                   0x20000004   Data           4  main.o(.data)
    motor2                                   0x20000008   Data           4  main.o(.data)
    servo1                                   0x2000000c   Data           4  main.o(.data)
    servo2                                   0x20000010   Data           4  main.o(.data)
    Setpitch                                 0x20000014   Data           4  main.o(.data)
    Setroll                                  0x20000018   Data           4  main.o(.data)
    pitch                                    0x2000001c   Data           4  main.o(.data)
    roll                                     0x20000020   Data           4  main.o(.data)
    yaw                                      0x20000024   Data           4  main.o(.data)
    aacx                                     0x20000028   Data           2  main.o(.data)
    aacy                                     0x2000002a   Data           2  main.o(.data)
    aacz                                     0x2000002c   Data           2  main.o(.data)
    gyrox                                    0x2000002e   Data           2  main.o(.data)
    gyroy                                    0x20000030   Data           2  main.o(.data)
    gyroz                                    0x20000032   Data           2  main.o(.data)
    temp                                     0x20000034   Data           2  main.o(.data)
    __stdout                                 0x2000003c   Data           4  usart.o(.data)
    USART_RX_STA                             0x20000040   Data           2  usart.o(.data)
    sbus_data                                0x2000007a   Data          25  frsky.o(.data)
    channels                                 0x20000094   Data          36  frsky.o(.data)
    toChannels                               0x200000b8   Data           1  frsky.o(.data)
    failsafe_status                          0x200000b9   Data           1  frsky.o(.data)
    bufferIndex                              0x200000ba   Data           1  frsky.o(.data)
    Bat_Voltage                              0x200000bc   Data           4  adc.o(.data)
    SystemCoreClock                          0x200000f4   Data           4  system_stm32f10x.o(.data)
    AHBPrescTable                            0x200000f8   Data          16  system_stm32f10x.o(.data)
    USART_RX_BUF                             0x2000010c   Data         200  usart.o(.bss)
    inBuffer                                 0x200001e4   Data          25  frsky.o(.bss)
    Baro                                     0x20000200   Data          64  spl06.o(.bss)
    servo1_pid                               0x20000240   Data          48  pid.o(.bss)
    servo2_pid                               0x20000270   Data          48  pid.o(.bss)
    __initial_sp                             0x200006a0   Data           0  startup_stm32f10x_md.o(STACK)



==============================================================================

Memory Map of the image

  Image Entry point : 0x080000ed

  Load Region LR_IROM1 (Base: 0x08000000, Size: 0x00008354, Max: 0x00010000, ABSOLUTE)

    Execution Region ER_IROM1 (Base: 0x08000000, Size: 0x00008248, Max: 0x00010000, ABSOLUTE)

    Base Addr    Size         Type   Attr      Idx    E Section Name        Object

    0x08000000   0x000000ec   Data   RO         4499    RESET               startup_stm32f10x_md.o
    0x080000ec   0x00000000   Code   RO         4542  * .ARM.Collect$$$$00000000  mc_w.l(entry.o)
    0x080000ec   0x00000004   Code   RO         4905    .ARM.Collect$$$$00000001  mc_w.l(entry2.o)
    0x080000f0   0x00000004   Code   RO         4908    .ARM.Collect$$$$00000004  mc_w.l(entry5.o)
    0x080000f4   0x00000000   Code   RO         4910    .ARM.Collect$$$$00000008  mc_w.l(entry7b.o)
    0x080000f4   0x00000000   Code   RO         4912    .ARM.Collect$$$$0000000A  mc_w.l(entry8b.o)
    0x080000f4   0x00000008   Code   RO         4913    .ARM.Collect$$$$0000000B  mc_w.l(entry9a.o)
    0x080000fc   0x00000000   Code   RO         4915    .ARM.Collect$$$$0000000D  mc_w.l(entry10a.o)
    0x080000fc   0x00000000   Code   RO         4917    .ARM.Collect$$$$0000000F  mc_w.l(entry11a.o)
    0x080000fc   0x00000004   Code   RO         4906    .ARM.Collect$$$$00002712  mc_w.l(entry2.o)
    0x08000100   0x00000024   Code   RO         4500    .text               startup_stm32f10x_md.o
    0x08000124   0x00000062   Code   RO         4545    .text               mc_w.l(ldiv.o)
    0x08000186   0x00000024   Code   RO         4547    .text               mc_w.l(memcpya.o)
    0x080001aa   0x00000024   Code   RO         4549    .text               mc_w.l(memseta.o)
    0x080001ce   0x0000001a   Code   RO         4551    .text               mc_w.l(memcmp.o)
    0x080001e8   0x00000038   Code   RO         4816    .text               mc_w.l(__0sscanf.o)
    0x08000220   0x00000338   Code   RO         4818    .text               mc_w.l(scanf_fp.o)
    0x08000558   0x000000b0   Code   RO         4822    .text               mf_w.l(fadd.o)
    0x08000608   0x00000064   Code   RO         4824    .text               mf_w.l(fmul.o)
    0x0800066c   0x0000007c   Code   RO         4826    .text               mf_w.l(fdiv.o)
    0x080006e8   0x0000014e   Code   RO         4828    .text               mf_w.l(dadd.o)
    0x08000836   0x000000e4   Code   RO         4830    .text               mf_w.l(dmul.o)
    0x0800091a   0x000000de   Code   RO         4832    .text               mf_w.l(ddiv.o)
    0x080009f8   0x00000012   Code   RO         4834    .text               mf_w.l(fflti.o)
    0x08000a0a   0x0000000a   Code   RO         4836    .text               mf_w.l(ffltui.o)
    0x08000a14   0x00000022   Code   RO         4838    .text               mf_w.l(dflti.o)
    0x08000a36   0x00000032   Code   RO         4840    .text               mf_w.l(ffixi.o)
    0x08000a68   0x00000028   Code   RO         4842    .text               mf_w.l(ffixui.o)
    0x08000a90   0x00000026   Code   RO         4844    .text               mf_w.l(f2d.o)
    0x08000ab6   0x00000038   Code   RO         4846    .text               mf_w.l(d2f.o)
    0x08000aee   0x00000002   PAD
    0x08000af0   0x00000014   Code   RO         4848    .text               mf_w.l(cfcmple.o)
    0x08000b04   0x00000014   Code   RO         4850    .text               mf_w.l(cfrcmple.o)
    0x08000b18   0x0000002c   Code   RO         4919    .text               mc_w.l(uidiv.o)
    0x08000b44   0x00000062   Code   RO         4921    .text               mc_w.l(uldiv.o)
    0x08000ba6   0x0000001e   Code   RO         4923    .text               mc_w.l(llshl.o)
    0x08000bc4   0x00000024   Code   RO         4925    .text               mc_w.l(llsshr.o)
    0x08000be8   0x00000028   Code   RO         4934    .text               mc_w.l(scanf_char.o)
    0x08000c10   0x00000040   Code   RO         4936    .text               mc_w.l(_sgetc.o)
    0x08000c50   0x00000000   Code   RO         4938    .text               mc_w.l(iusefp.o)
    0x08000c50   0x0000006e   Code   RO         4939    .text               mf_w.l(fepilogue.o)
    0x08000cbe   0x000000ba   Code   RO         4945    .text               mf_w.l(depilogue.o)
    0x08000d78   0x0000002e   Code   RO         4947    .text               mf_w.l(dscalb.o)
    0x08000da6   0x00000018   Code   RO         4949    .text               mf_w.l(dfltul.o)
    0x08000dbe   0x00000030   Code   RO         4951    .text               mf_w.l(dfixul.o)
    0x08000dee   0x00000002   PAD
    0x08000df0   0x00000030   Code   RO         4953    .text               mf_w.l(cdrcmple.o)
    0x08000e20   0x00000024   Code   RO         4957    .text               mc_w.l(init.o)
    0x08000e44   0x00000020   Code   RO         4959    .text               mc_w.l(llushr.o)
    0x08000e64   0x0000000a   Code   RO         4961    .text               mc_w.l(isspace_c.o)
    0x08000e6e   0x00000002   PAD
    0x08000e70   0x0000032c   Code   RO         4963    .text               mc_w.l(_scanf.o)
    0x0800119c   0x000000a2   Code   RO         4965    .text               mf_w.l(dsqrt.o)
    0x0800123e   0x00000002   PAD
    0x08001240   0x00000028   Code   RO         4969    .text               mc_w.l(ctype_c.o)
    0x08001268   0x00000016   Code   RO         1527    i.ADC_Cmd           stm32f10x_adc.o
    0x0800127e   0x00000002   PAD
    0x08001280   0x0000005c   Code   RO         1529    i.ADC_DeInit        stm32f10x_adc.o
    0x080012dc   0x00000014   Code   RO         1535    i.ADC_GetCalibrationStatus  stm32f10x_adc.o
    0x080012f0   0x00000008   Code   RO         1536    i.ADC_GetConversionValue  stm32f10x_adc.o
    0x080012f8   0x00000012   Code   RO         1538    i.ADC_GetFlagStatus  stm32f10x_adc.o
    0x0800130a   0x00000014   Code   RO         1541    i.ADC_GetResetCalibrationStatus  stm32f10x_adc.o
    0x0800131e   0x00000002   PAD
    0x08001320   0x00000050   Code   RO         1545    i.ADC_Init          stm32f10x_adc.o
    0x08001370   0x000000b8   Code   RO         1549    i.ADC_RegularChannelConfig  stm32f10x_adc.o
    0x08001428   0x0000000a   Code   RO         1550    i.ADC_ResetCalibration  stm32f10x_adc.o
    0x08001432   0x00000016   Code   RO         1552    i.ADC_SoftwareStartConvCmd  stm32f10x_adc.o
    0x08001448   0x0000000a   Code   RO         1554    i.ADC_StartCalibration  stm32f10x_adc.o
    0x08001452   0x00000002   PAD
    0x08001454   0x0000008c   Code   RO         1303    i.Adc_Init          adc.o
    0x080014e0   0x00000014   Code   RO         1431    i.BEEP_GPIO_High    beep.o
    0x080014f4   0x0000002c   Code   RO         1432    i.BEEP_GPIO_Init    beep.o
    0x08001520   0x00000014   Code   RO         1433    i.BEEP_GPIO_Low     beep.o
    0x08001534   0x00000004   Code   RO          198    i.BusFault_Handler  stm32f10x_it.o
    0x08001538   0x00000002   Code   RO          199    i.DebugMon_Handler  stm32f10x_it.o
    0x0800153a   0x00000002   PAD
    0x0800153c   0x00000038   Code   RO          438    i.EXTI4_IRQHandler  exti.o
    0x08001574   0x0000000c   Code   RO         2283    i.EXTI_ClearITPendingBit  stm32f10x_exti.o
    0x08001580   0x000000b4   Code   RO         1272    i.FrSky_Uart2_Init  frsky.o
    0x08001634   0x00000116   Code   RO         2636    i.GPIO_Init         stm32f10x_gpio.o
    0x0800174a   0x00000002   PAD
    0x0800174c   0x00000090   Code   RO         2638    i.GPIO_PinRemapConfig  stm32f10x_gpio.o
    0x080017dc   0x00000004   Code   RO         2643    i.GPIO_ResetBits    stm32f10x_gpio.o
    0x080017e0   0x00000004   Code   RO         2644    i.GPIO_SetBits      stm32f10x_gpio.o
    0x080017e4   0x00000034   Code   RO         1304    i.Get_Adc           adc.o
    0x08001818   0x00000054   Code   RO         1306    i.Get_Bat_Voltage   adc.o
    0x0800186c   0x00000004   Code   RO          200    i.HardFault_Handler  stm32f10x_it.o
    0x08001870   0x00000050   Code   RO         1134    i.MPU_Get_Accelerometer  mpu6050.o
    0x080018c0   0x00000050   Code   RO         1135    i.MPU_Get_Gyroscope  mpu6050.o
    0x08001910   0x00000068   Code   RO         1136    i.MPU_Get_Temperature  mpu6050.o
    0x08001978   0x0000004c   Code   RO         1212    i.MPU_IIC_Ack       mpuiic.o
    0x080019c4   0x0000000a   Code   RO         1213    i.MPU_IIC_Delay     mpuiic.o
    0x080019ce   0x00000002   PAD
    0x080019d0   0x00000038   Code   RO         1214    i.MPU_IIC_Init      mpuiic.o
    0x08001a08   0x0000004c   Code   RO         1215    i.MPU_IIC_NAck      mpuiic.o
    0x08001a54   0x0000006c   Code   RO         1216    i.MPU_IIC_Read_Byte  mpuiic.o
    0x08001ac0   0x0000005c   Code   RO         1217    i.MPU_IIC_Send_Byte  mpuiic.o
    0x08001b1c   0x00000048   Code   RO         1218    i.MPU_IIC_Start     mpuiic.o
    0x08001b64   0x00000048   Code   RO         1219    i.MPU_IIC_Stop      mpuiic.o
    0x08001bac   0x00000064   Code   RO         1220    i.MPU_IIC_Wait_Ack  mpuiic.o
    0x08001c10   0x00000094   Code   RO         1137    i.MPU_Init          mpu6050.o
    0x08001ca4   0x0000003a   Code   RO         1138    i.MPU_Read_Byte     mpu6050.o
    0x08001cde   0x00000074   Code   RO         1139    i.MPU_Read_Len      mpu6050.o
    0x08001d52   0x00000010   Code   RO         1140    i.MPU_Set_Accel_Fsr  mpu6050.o
    0x08001d62   0x00000010   Code   RO         1141    i.MPU_Set_Gyro_Fsr  mpu6050.o
    0x08001d72   0x0000003a   Code   RO         1142    i.MPU_Set_LPF       mpu6050.o
    0x08001dac   0x0000003a   Code   RO         1143    i.MPU_Set_Rate      mpu6050.o
    0x08001de6   0x00000044   Code   RO         1144    i.MPU_Write_Byte    mpu6050.o
    0x08001e2a   0x00000060   Code   RO         1145    i.MPU_Write_Len     mpu6050.o
    0x08001e8a   0x00000004   Code   RO          201    i.MemManage_Handler  stm32f10x_it.o
    0x08001e8e   0x00000002   PAD
    0x08001e90   0x0000009c   Code   RO          495    i.Motor_PWM_Init    motor.o
    0x08001f2c   0x0000001c   Code   RO          496    i.Motor_PWM_Set     motor.o
    0x08001f48   0x00000068   Code   RO          497    i.Motor_Unlock      motor.o
    0x08001fb0   0x00000002   Code   RO          202    i.NMI_Handler       stm32f10x_it.o
    0x08001fb2   0x00000002   PAD
    0x08001fb4   0x00000070   Code   RO         1485    i.NVIC_Init         misc.o
    0x08002024   0x00000014   Code   RO         1486    i.NVIC_PriorityGroupConfig  misc.o
    0x08002038   0x0000007c   Code   RO         1460    i.PID_Init          pid.o
    0x080020b4   0x000000c4   Code   RO         1461    i.PID_Update        pid.o
    0x08002178   0x00000002   Code   RO          203    i.PendSV_Handler    stm32f10x_it.o
    0x0800217a   0x00000002   PAD
    0x0800217c   0x00000018   Code   RO         3050    i.RCC_ADCCLKConfig  stm32f10x_rcc.o
    0x08002194   0x00000020   Code   RO         3052    i.RCC_APB1PeriphClockCmd  stm32f10x_rcc.o
    0x080021b4   0x00000020   Code   RO         3054    i.RCC_APB2PeriphClockCmd  stm32f10x_rcc.o
    0x080021d4   0x00000020   Code   RO         3055    i.RCC_APB2PeriphResetCmd  stm32f10x_rcc.o
    0x080021f4   0x000000d4   Code   RO         3062    i.RCC_GetClocksFreq  stm32f10x_rcc.o
    0x080022c8   0x00000098   Code   RO          459    i.SPI1_Init         spi.o
    0x08002360   0x00000030   Code   RO          460    i.SPI1_RW_Byte      spi.o
    0x08002390   0x00000014   Code   RO          461    i.SPI1_Read_Reg     spi.o
    0x080023a4   0x0000002a   Code   RO          462    i.SPI1_Read_Reg_Buffer  spi.o
    0x080023ce   0x00000018   Code   RO          463    i.SPI1_Write_Reg    spi.o
    0x080023e6   0x00000018   Code   RO         3531    i.SPI_Cmd           stm32f10x_spi.o
    0x080023fe   0x0000003c   Code   RO         3544    i.SPI_Init          stm32f10x_spi.o
    0x0800243a   0x00000002   PAD
    0x0800243c   0x000000b0   Code   RO         1339    i.SPL06_Config_Pressure  spl06.o
    0x080024ec   0x000000b4   Code   RO         1340    i.SPL06_Config_Temperature  spl06.o
    0x080025a0   0x00000034   Code   RO         1343    i.SPL06_Get_Pressure_Adc  spl06.o
    0x080025d4   0x00000034   Code   RO         1344    i.SPL06_Get_Temperature_Adc  spl06.o
    0x08002608   0x00000344   Code   RO         1345    i.SPL06_Init        spl06.o
    0x0800294c   0x0000002c   Code   RO         1346    i.SPL06_Read_Buffer  spl06.o
    0x08002978   0x00000028   Code   RO         1347    i.SPL06_Read_Reg    spl06.o
    0x080029a0   0x0000000e   Code   RO         1348    i.SPL06_Start       spl06.o
    0x080029ae   0x00000002   PAD
    0x080029b0   0x0000001c   Code   RO         1349    i.SPL06_Update      spl06.o
    0x080029cc   0x00000158   Code   RO         1350    i.SPL06_Update_Pressure  spl06.o
    0x08002b24   0x00000028   Code   RO         1351    i.SPL06_Write_Reg   spl06.o
    0x08002b4c   0x00000002   Code   RO          204    i.SVC_Handler       stm32f10x_it.o
    0x08002b4e   0x00000002   PAD
    0x08002b50   0x000000a4   Code   RO          519    i.Servo_PWM_Init    servo.o
    0x08002bf4   0x0000001c   Code   RO          520    i.Servo_PWM_Set     servo.o
    0x08002c10   0x00000008   Code   RO         4463    i.SetSysClock       system_stm32f10x.o
    0x08002c18   0x000000e0   Code   RO         4464    i.SetSysClockTo72   system_stm32f10x.o
    0x08002cf8   0x00000028   Code   RO         1489    i.SysTick_CLKSourceConfig  misc.o
    0x08002d20   0x00000002   Code   RO          205    i.SysTick_Handler   stm32f10x_it.o
    0x08002d22   0x00000002   PAD
    0x08002d24   0x00000060   Code   RO         4466    i.SystemInit        system_stm32f10x.o
    0x08002d84   0x000001f4   Code   RO          343    i.TIM2_IRQHandler   timer.o
    0x08002f78   0x0000005c   Code   RO          344    i.TIM2_Int_Init     timer.o
    0x08002fd4   0x00000006   Code   RO         3681    i.TIM_ClearITPendingBit  stm32f10x_tim.o
    0x08002fda   0x00000018   Code   RO         3686    i.TIM_Cmd           stm32f10x_tim.o
    0x08002ff2   0x00000022   Code   RO         3707    i.TIM_GetITStatus   stm32f10x_tim.o
    0x08003014   0x00000012   Code   RO         3711    i.TIM_ITConfig      stm32f10x_tim.o
    0x08003026   0x00000002   PAD
    0x08003028   0x00000098   Code   RO         3715    i.TIM_OC1Init       stm32f10x_tim.o
    0x080030c0   0x00000012   Code   RO         3718    i.TIM_OC1PreloadConfig  stm32f10x_tim.o
    0x080030d2   0x00000002   PAD
    0x080030d4   0x000000a4   Code   RO         3720    i.TIM_OC2Init       stm32f10x_tim.o
    0x08003178   0x0000001a   Code   RO         3723    i.TIM_OC2PreloadConfig  stm32f10x_tim.o
    0x08003192   0x00000004   Code   RO         3747    i.TIM_SetCompare1   stm32f10x_tim.o
    0x08003196   0x00000004   Code   RO         3748    i.TIM_SetCompare2   stm32f10x_tim.o
    0x0800319a   0x00000002   PAD
    0x0800319c   0x000000a4   Code   RO         3757    i.TIM_TimeBaseInit  stm32f10x_tim.o
    0x08003240   0x000000bc   Code   RO          361    i.USART1_IRQHandler  usart.o
    0x080032fc   0x0000009c   Code   RO         1273    i.USART2_IRQHandler  frsky.o
    0x08003398   0x0000001e   Code   RO         4219    i.USART_ClearITPendingBit  stm32f10x_usart.o
    0x080033b6   0x00000018   Code   RO         4222    i.USART_Cmd         stm32f10x_usart.o
    0x080033ce   0x0000001a   Code   RO         4225    i.USART_GetFlagStatus  stm32f10x_usart.o
    0x080033e8   0x00000054   Code   RO         4226    i.USART_GetITStatus  stm32f10x_usart.o
    0x0800343c   0x0000004a   Code   RO         4228    i.USART_ITConfig    stm32f10x_usart.o
    0x08003486   0x00000002   PAD
    0x08003488   0x000000d8   Code   RO         4229    i.USART_Init        stm32f10x_usart.o
    0x08003560   0x0000000a   Code   RO         4236    i.USART_ReceiveData  stm32f10x_usart.o
    0x0800356a   0x00000008   Code   RO         4239    i.USART_SendData    stm32f10x_usart.o
    0x08003572   0x00000004   Code   RO          206    i.UsageFault_Handler  stm32f10x_it.o
    0x08003576   0x00000002   PAD
    0x08003578   0x00000030   Code   RO          363    i.Usart_SendByte    usart.o
    0x080035a8   0x000000a8   Code   RO          366    i.Usart_init        usart.o
    0x08003650   0x00000020   Code   RO         4788    i.__0printf         mc_w.l(printfa.o)
    0x08003670   0x00000028   Code   RO         4876    i.__ARM_fpclassify  m_ws.l(fpclassify.o)
    0x08003698   0x000000aa   Code   RO         4894    i.__kernel_poly     m_ws.l(poly.o)
    0x08003742   0x00000006   Code   RO         4863    i.__mathlib_dbl_infnan  m_ws.l(dunder.o)
    0x08003748   0x00000004   Code   RO         4864    i.__mathlib_dbl_infnan2  m_ws.l(dunder.o)
    0x0800374c   0x0000000c   Code   RO         4865    i.__mathlib_dbl_invalid  m_ws.l(dunder.o)
    0x08003758   0x00000010   Code   RO         4868    i.__mathlib_dbl_underflow  m_ws.l(dunder.o)
    0x08003768   0x0000000e   Code   RO         4974    i.__scatterload_copy  mc_w.l(handlers.o)
    0x08003776   0x00000002   Code   RO         4975    i.__scatterload_null  mc_w.l(handlers.o)
    0x08003778   0x0000000e   Code   RO         4976    i.__scatterload_zeroinit  mc_w.l(handlers.o)
    0x08003786   0x00000002   PAD
    0x08003788   0x0000000c   Code   RO         4929    i.__set_errno       mc_w.l(errno.o)
    0x08003794   0x00000184   Code   RO         4795    i._fp_digits        mc_w.l(printfa.o)
    0x08003918   0x0000000e   Code   RO         4820    i._is_digit         mc_w.l(scanf_fp.o)
    0x08003926   0x00000002   PAD
    0x08003928   0x000006dc   Code   RO         4796    i._printf_core      mc_w.l(printfa.o)
    0x08004004   0x00000024   Code   RO         4797    i._printf_post_padding  mc_w.l(printfa.o)
    0x08004028   0x0000002e   Code   RO         4798    i._printf_pre_padding  mc_w.l(printfa.o)
    0x08004056   0x00000002   PAD
    0x08004058   0x000000a8   Code   RO          621    i.accel_self_test   inv_mpu.o
    0x08004100   0x00000270   Code   RO         4505    i.asin              m_ws.l(asin.o)
    0x08004370   0x00000220   Code   RO         4853    i.atan              m_ws.l(atan.o)
    0x08004590   0x00000180   Code   RO         4515    i.atan2             m_ws.l(atan2.o)
    0x08004710   0x00000064   Code   RO          952    i.decode_gesture    inv_mpu_dmp_motion_driver.o
    0x08004774   0x00000044   Code   RO          258    i.delay_init        delay.o
    0x080047b8   0x0000004c   Code   RO          259    i.delay_ms          delay.o
    0x08004804   0x0000004c   Code   RO          260    i.delay_us          delay.o
    0x08004850   0x0000003c   Code   RO          953    i.dmp_enable_6x_lp_quat  inv_mpu_dmp_motion_driver.o
    0x0800488c   0x0000021c   Code   RO          954    i.dmp_enable_feature  inv_mpu_dmp_motion_driver.o
    0x08004aa8   0x00000058   Code   RO          955    i.dmp_enable_gyro_cal  inv_mpu_dmp_motion_driver.o
    0x08004b00   0x0000003c   Code   RO          956    i.dmp_enable_lp_quat  inv_mpu_dmp_motion_driver.o
    0x08004b3c   0x00000018   Code   RO          961    i.dmp_load_motion_driver_firmware  inv_mpu_dmp_motion_driver.o
    0x08004b54   0x000001cc   Code   RO          962    i.dmp_read_fifo     inv_mpu_dmp_motion_driver.o
    0x08004d20   0x00000130   Code   RO          965    i.dmp_set_accel_bias  inv_mpu_dmp_motion_driver.o
    0x08004e50   0x00000070   Code   RO          966    i.dmp_set_fifo_rate  inv_mpu_dmp_motion_driver.o
    0x08004ec0   0x00000130   Code   RO          967    i.dmp_set_gyro_bias  inv_mpu_dmp_motion_driver.o
    0x08004ff0   0x00000138   Code   RO          969    i.dmp_set_orientation  inv_mpu_dmp_motion_driver.o
    0x08005128   0x00000038   Code   RO          972    i.dmp_set_shake_reject_thresh  inv_mpu_dmp_motion_driver.o
    0x08005160   0x00000026   Code   RO          973    i.dmp_set_shake_reject_time  inv_mpu_dmp_motion_driver.o
    0x08005186   0x00000026   Code   RO          974    i.dmp_set_shake_reject_timeout  inv_mpu_dmp_motion_driver.o
    0x080051ac   0x00000046   Code   RO          975    i.dmp_set_tap_axes  inv_mpu_dmp_motion_driver.o
    0x080051f2   0x00000026   Code   RO          976    i.dmp_set_tap_count  inv_mpu_dmp_motion_driver.o
    0x08005218   0x000001a0   Code   RO          977    i.dmp_set_tap_thresh  inv_mpu_dmp_motion_driver.o
    0x080053b8   0x00000026   Code   RO          978    i.dmp_set_tap_time  inv_mpu_dmp_motion_driver.o
    0x080053de   0x00000026   Code   RO          979    i.dmp_set_tap_time_multi  inv_mpu_dmp_motion_driver.o
    0x08005404   0x00000024   Code   RO          369    i.fputc             usart.o
    0x08005428   0x000000b4   Code   RO          622    i.get_accel_prod_shift  inv_mpu.o
    0x080054dc   0x00000470   Code   RO          623    i.get_st_biases     inv_mpu.o
    0x0800594c   0x00000110   Code   RO          624    i.gyro_self_test    inv_mpu.o
    0x08005a5c   0x00000028   Code   RO          625    i.inv_orientation_matrix_to_scalar  inv_mpu.o
    0x08005a84   0x0000004e   Code   RO          626    i.inv_row_2_scale   inv_mpu.o
    0x08005ad2   0x00000002   PAD
    0x08005ad4   0x0000026c   Code   RO            1    i.main              main.o
    0x08005d40   0x00000002   Code   RO          627    i.mget_ms           inv_mpu.o
    0x08005d42   0x0000006e   Code   RO          597    i.mpu6050_send_data  ano.o
    0x08005db0   0x00000070   Code   RO          628    i.mpu_configure_fifo  inv_mpu.o
    0x08005e20   0x00000224   Code   RO          629    i.mpu_dmp_get_data  inv_mpu.o
    0x08006044   0x000000a0   Code   RO          630    i.mpu_dmp_init      inv_mpu.o
    0x080060e4   0x0000004c   Code   RO          631    i.mpu_get_accel_fsr  inv_mpu.o
    0x08006130   0x00000054   Code   RO          633    i.mpu_get_accel_sens  inv_mpu.o
    0x08006184   0x00000010   Code   RO          638    i.mpu_get_fifo_config  inv_mpu.o
    0x08006194   0x00000044   Code   RO          639    i.mpu_get_gyro_fsr  inv_mpu.o
    0x080061d8   0x00000050   Code   RO          641    i.mpu_get_gyro_sens  inv_mpu.o
    0x08006228   0x00000050   Code   RO          643    i.mpu_get_lpf       inv_mpu.o
    0x08006278   0x00000020   Code   RO          645    i.mpu_get_sample_rate  inv_mpu.o
    0x08006298   0x000001f0   Code   RO          647    i.mpu_init          inv_mpu.o
    0x08006488   0x000000b8   Code   RO          648    i.mpu_load_firmware  inv_mpu.o
    0x08006540   0x000000e0   Code   RO          649    i.mpu_lp_accel_mode  inv_mpu.o
    0x08006620   0x000000c0   Code   RO          652    i.mpu_read_fifo_stream  inv_mpu.o
    0x080066e0   0x00000080   Code   RO          653    i.mpu_read_mem      inv_mpu.o
    0x08006760   0x000001c8   Code   RO          656    i.mpu_reset_fifo    inv_mpu.o
    0x08006928   0x0000011c   Code   RO          657    i.mpu_run_self_test  inv_mpu.o
    0x08006a44   0x00000084   Code   RO          659    i.mpu_set_accel_fsr  inv_mpu.o
    0x08006ac8   0x0000014c   Code   RO          660    i.mpu_set_bypass    inv_mpu.o
    0x08006c14   0x00000090   Code   RO          662    i.mpu_set_dmp_state  inv_mpu.o
    0x08006ca4   0x00000088   Code   RO          663    i.mpu_set_gyro_fsr  inv_mpu.o
    0x08006d2c   0x0000006c   Code   RO          664    i.mpu_set_int_latched  inv_mpu.o
    0x08006d98   0x00000084   Code   RO          666    i.mpu_set_lpf       inv_mpu.o
    0x08006e1c   0x0000009c   Code   RO          667    i.mpu_set_sample_rate  inv_mpu.o
    0x08006eb8   0x000000d0   Code   RO          668    i.mpu_set_sensors   inv_mpu.o
    0x08006f88   0x00000080   Code   RO          669    i.mpu_write_mem     inv_mpu.o
    0x08007008   0x00000094   Code   RO          670    i.run_self_test     inv_mpu.o
    0x0800709c   0x00000090   Code   RO          671    i.set_int_enable    inv_mpu.o
    0x0800712c   0x0000004c   Code   RO         4898    i.sqrt              m_ws.l(sqrt.o)
    0x08007178   0x000001a8   Code   RO         1274    i.update_channels   frsky.o
    0x08007320   0x0000007c   Code   RO          598    i.usart1_niming_report  ano.o
    0x0800739c   0x000000c0   Code   RO          599    i.usart1_report_imu  ano.o
    0x0800745c   0x00000050   Data   RO          673    .constdata          inv_mpu.o
    0x080074ac   0x00000bf6   Data   RO          981    .constdata          inv_mpu_dmp_motion_driver.o
    0x080080a2   0x00000006   PAD
    0x080080a8   0x00000050   Data   RO         4506    .constdata          m_ws.l(asin.o)
    0x080080f8   0x00000098   Data   RO         4854    .constdata          m_ws.l(atan.o)
    0x08008190   0x00000008   Data   RO         4896    .constdata          m_ws.l(qnan.o)
    0x08008198   0x00000040   Data   RO         4970    .constdata          mc_w.l(ctype_c.o)
    0x080081d8   0x0000004d   Data   RO          674    .conststring        inv_mpu.o
    0x08008225   0x00000003   PAD
    0x08008228   0x00000020   Data   RO         4972    Region$$Table       anon$$obj.o


    Execution Region RW_IRAM1 (Base: 0x20000000, Size: 0x000006a0, Max: 0x00005000, ABSOLUTE)

    Base Addr    Size         Type   Attr      Idx    E Section Name        Object

    0x20000000   0x00000036   Data   RW            2    .data               main.o
    0x20000036   0x00000004   Data   RW          261    .data               delay.o
    0x2000003a   0x00000002   PAD
    0x2000003c   0x00000006   Data   RW          371    .data               usart.o
    0x20000042   0x00000002   PAD
    0x20000044   0x00000035   Data   RW          675    .data               inv_mpu.o
    0x20000079   0x00000001   PAD
    0x2000007a   0x00000041   Data   RW         1276    .data               frsky.o
    0x200000bb   0x00000001   PAD
    0x200000bc   0x00000004   Data   RW         1307    .data               adc.o
    0x200000c0   0x00000020   Data   RW         1353    .data               spl06.o
    0x200000e0   0x00000014   Data   RW         3082    .data               stm32f10x_rcc.o
    0x200000f4   0x00000014   Data   RW         4467    .data               system_stm32f10x.o
    0x20000108   0x00000004   Data   RW         4930    .data               mc_w.l(errno.o)
    0x2000010c   0x000000c8   Zero   RW          370    .bss                usart.o
    0x200001d4   0x00000010   Zero   RW          980    .bss                inv_mpu_dmp_motion_driver.o
    0x200001e4   0x00000019   Zero   RW         1275    .bss                frsky.o
    0x200001fd   0x00000003   PAD
    0x20000200   0x00000040   Zero   RW         1352    .bss                spl06.o
    0x20000240   0x00000060   Zero   RW         1462    .bss                pid.o
    0x200002a0   0x00000400   Zero   RW         4497    STACK               startup_stm32f10x_md.o


==============================================================================

Image component sizes


      Code (inc. data)   RO Data    RW Data    ZI Data      Debug   Object Name

       276         26          0          4          0       1793   adc.o
       426          4          0          0          0       2815   ano.o
        84         18          0          0          0       1346   beep.o
         0          0          0          0          0         32   core_cm3.o
       220         26          0          4          0     203363   delay.o
        56          4          0          0          0        463   exti.o
       760         44          0         65         25       2530   frsky.o
      6864        290        157         53          0      29904   inv_mpu.o
      3096        122       3062          0         16      20014   inv_mpu_dmp_motion_driver.o
       620        130          0         54          0     268650   main.o
       172         22          0          0          0       1973   misc.o
       288         14          0          0          0       1880   motor.o
       898         36          0          0          0       7853   mpu6050.o
       662        100          0          0          0       4598   mpuiic.o
       320         52          0          0         96       2025   pid.o
       192         14          0          0          0       1289   servo.o
       286         20          0          0          0       3087   spi.o
      1806        228          0         32         64       9052   spl06.o
        36          8        236          0       1024        824   startup_stm32f10x_md.o
       486         24          0          0          0       8362   stm32f10x_adc.o
        12          6          0          0          0        501   stm32f10x_exti.o
       430          6          0          0          0       3758   stm32f10x_gpio.o
        26          0          0          0          0       3794   stm32f10x_it.o
       332         44          0         20          0       5426   stm32f10x_rcc.o
        84          0          0          0          0       2065   stm32f10x_spi.o
       614         72          0          0          0       7016   stm32f10x_tim.o
       472          6          0          0          0       6611   stm32f10x_usart.o
       328         28          0         20          0       2233   system_stm32f10x.o
       592         40          0          0          0       1238   timer.o
       440         32          0          6        200       4186   usart.o

    ----------------------------------------------------------------------
     20916       1416       3496        264       1428     608681   Object Totals
         0          0         32          0          0          0   (incl. Generated)
        38          0          9          6          3          0   (incl. Padding)

    ----------------------------------------------------------------------

      Code (inc. data)   RO Data    RW Data    ZI Data      Debug   Library Member Name

       624         52         80          0          0        168   asin.o
       544         70        152          0          0        124   atan.o
       384         38          0          0          0        144   atan2.o
        38          6          0          0          0        272   dunder.o
        40          0          0          0          0         68   fpclassify.o
       170          0          0          0          0         96   poly.o
         0          0          8          0          0          0   qnan.o
        76          0          0          0          0         84   sqrt.o
        56          8          0          0          0         84   __0sscanf.o
       812          4          0          0          0        112   _scanf.o
        64          0          0          0          0         84   _sgetc.o
        40          6         64          0          0         68   ctype_c.o
         0          0          0          0          0          0   entry.o
         0          0          0          0          0          0   entry10a.o
         0          0          0          0          0          0   entry11a.o
         8          4          0          0          0          0   entry2.o
         4          0          0          0          0          0   entry5.o
         0          0          0          0          0          0   entry7b.o
         0          0          0          0          0          0   entry8b.o
         8          4          0          0          0          0   entry9a.o
        12          6          0          4          0         68   errno.o
        30          0          0          0          0          0   handlers.o
        36          8          0          0          0         68   init.o
        10          0          0          0          0         68   isspace_c.o
         0          0          0          0          0          0   iusefp.o
        98          0          0          0          0         84   ldiv.o
        30          0          0          0          0         68   llshl.o
        36          0          0          0          0         68   llsshr.o
        32          0          0          0          0         68   llushr.o
        26          0          0          0          0         80   memcmp.o
        36          0          0          0          0         68   memcpya.o
        36          0          0          0          0        108   memseta.o
      2258         90          0          0          0        452   printfa.o
        40          8          0          0          0         84   scanf_char.o
       838         12          0          0          0        216   scanf_fp.o
        44          0          0          0          0         80   uidiv.o
        98          0          0          0          0         92   uldiv.o
        48          0          0          0          0         68   cdrcmple.o
        20          0          0          0          0         68   cfcmple.o
        20          0          0          0          0         68   cfrcmple.o
        56          0          0          0          0         88   d2f.o
       334          0          0          0          0        148   dadd.o
       222          0          0          0          0        100   ddiv.o
       186          0          0          0          0        176   depilogue.o
        48          0          0          0          0         68   dfixul.o
        34          0          0          0          0         76   dflti.o
        24          0          0          0          0         76   dfltul.o
       228          0          0          0          0         96   dmul.o
        46          0          0          0          0         80   dscalb.o
       162          0          0          0          0        100   dsqrt.o
        38          0          0          0          0         68   f2d.o
       176          0          0          0          0        140   fadd.o
       124          0          0          0          0         88   fdiv.o
       110          0          0          0          0        168   fepilogue.o
        50          0          0          0          0         68   ffixi.o
        40          0          0          0          0         68   ffixui.o
        18          0          0          0          0         68   fflti.o
        10          0          0          0          0         68   ffltui.o
       100          0          0          0          0         76   fmul.o

    ----------------------------------------------------------------------
      8636        316        304          4          0       5000   Library Totals
        14          0          0          0          0          0   (incl. Padding)

    ----------------------------------------------------------------------

      Code (inc. data)   RO Data    RW Data    ZI Data      Debug   Library Name

      1876        166        240          0          0        956   m_ws.l
      4652        150         64          4          0       2020   mc_w.l
      2094          0          0          0          0       2024   mf_w.l

    ----------------------------------------------------------------------
      8636        316        304          4          0       5000   Library Totals

    ----------------------------------------------------------------------

==============================================================================


      Code (inc. data)   RO Data    RW Data    ZI Data      Debug   

     29552       1732       3800        268       1428     602029   Grand Totals
     29552       1732       3800        268       1428     602029   ELF Image Totals
     29552       1732       3800        268          0          0   ROM Totals

==============================================================================

    Total RO  Size (Code + RO Data)                33352 (  32.57kB)
    Total RW  Size (RW Data + ZI Data)              1696 (   1.66kB)
    Total ROM Size (Code + RO Data + RW Data)      33620 (  32.83kB)

==============================================================================

