Component: ARM Compiler 5.06 update 4 (build 422) Tool: armlink [4d35d2]

==============================================================================

Section Cross References

    main.o(i.main) refers to misc.o(i.NVIC_PriorityGroupConfig) for NVIC_PriorityGroupConfig
    main.o(i.main) refers to usart.o(i.Usart_init) for Usart_init
    main.o(i.main) refers to delay.o(i.delay_init) for delay_init
    main.o(i.main) refers to beep.o(i.BEEP_GPIO_Init) for BEEP_GPIO_Init
    main.o(i.main) refers to motor.o(i.Motor_PWM_Init) for Motor_PWM_Init
    main.o(i.main) refers to servo.o(i.Servo_PWM_Init) for Servo_PWM_Init
    main.o(i.main) refers to motor.o(i.Motor_Unlock) for Motor_Unlock
    main.o(i.main) refers to beep.o(i.BEEP_GPIO_High) for BEEP_GPIO_High
    main.o(i.main) refers to frsky.o(i.FrSky_Uart2_Init) for FrSky_Uart2_Init
    main.o(i.main) refers to adc.o(i.Adc_Init) for Adc_Init
    main.o(i.main) refers to spi.o(i.SPI1_Init) for SPI1_Init
    main.o(i.main) refers to spl06.o(i.SPL06_Init) for SPL06_Init
    main.o(i.main) refers to mpuiic.o(i.MPU_IIC_Init) for MPU_IIC_Init
    main.o(i.main) refers to beep.o(i.BEEP_GPIO_Low) for BEEP_GPIO_Low
    main.o(i.main) refers to adc.o(i.Get_Bat_Voltage) for Get_Bat_Voltage
    main.o(i.main) refers to cfcmple.o(.text) for __aeabi_cfcmple
    main.o(i.main) refers to frsky.o(i.update_channels) for update_channels
    main.o(i.main) refers to printf8.o(i.__0printf$8) for __2printf
    main.o(i.main) refers to motor.o(i.Motor_PWM_Set) for Motor_PWM_Set
    main.o(i.main) refers to servo.o(i.Servo_PWM_Set) for Servo_PWM_Set
    main.o(i.main) refers to adc.o(.data) for Bat_Voltage
    main.o(i.main) refers to frsky.o(.data) for channels
    main.o(i.main) refers to main.o(.data) for motor2
    delay.o(i.delay_init) refers to misc.o(i.SysTick_CLKSourceConfig) for SysTick_CLKSourceConfig
    delay.o(i.delay_init) refers to system_stm32f10x.o(.data) for SystemCoreClock
    delay.o(i.delay_init) refers to delay.o(.data) for fac_us
    delay.o(i.delay_ms) refers to delay.o(.data) for fac_ms
    delay.o(i.delay_us) refers to delay.o(.data) for fac_us
    pwm.o(i.PWM_Init) refers to stm32f10x_rcc.o(i.RCC_APB2PeriphClockCmd) for RCC_APB2PeriphClockCmd
    pwm.o(i.PWM_Init) refers to stm32f10x_rcc.o(i.RCC_APB1PeriphClockCmd) for RCC_APB1PeriphClockCmd
    pwm.o(i.PWM_Init) refers to stm32f10x_gpio.o(i.GPIO_Init) for GPIO_Init
    pwm.o(i.PWM_Init) refers to stm32f10x_tim.o(i.TIM_TimeBaseInit) for TIM_TimeBaseInit
    pwm.o(i.PWM_Init) refers to stm32f10x_tim.o(i.TIM_CtrlPWMOutputs) for TIM_CtrlPWMOutputs
    pwm.o(i.PWM_Init) refers to stm32f10x_tim.o(i.TIM_OC1Init) for TIM_OC1Init
    pwm.o(i.PWM_Init) refers to stm32f10x_tim.o(i.TIM_OC1PreloadConfig) for TIM_OC1PreloadConfig
    pwm.o(i.PWM_Init) refers to stm32f10x_tim.o(i.TIM_OC2Init) for TIM_OC2Init
    pwm.o(i.PWM_Init) refers to stm32f10x_tim.o(i.TIM_OC2PreloadConfig) for TIM_OC2PreloadConfig
    pwm.o(i.PWM_Init) refers to stm32f10x_tim.o(i.TIM_OC3Init) for TIM_OC3Init
    pwm.o(i.PWM_Init) refers to stm32f10x_tim.o(i.TIM_OC3PreloadConfig) for TIM_OC3PreloadConfig
    pwm.o(i.PWM_Init) refers to stm32f10x_tim.o(i.TIM_OC4Init) for TIM_OC4Init
    pwm.o(i.PWM_Init) refers to stm32f10x_tim.o(i.TIM_OC4PreloadConfig) for TIM_OC4PreloadConfig
    pwm.o(i.PWM_Init) refers to stm32f10x_tim.o(i.TIM_Cmd) for TIM_Cmd
    timer.o(i.TIM3_Int_Init) refers to stm32f10x_rcc.o(i.RCC_APB1PeriphClockCmd) for RCC_APB1PeriphClockCmd
    timer.o(i.TIM3_Int_Init) refers to stm32f10x_tim.o(i.TIM_TimeBaseInit) for TIM_TimeBaseInit
    timer.o(i.TIM3_Int_Init) refers to stm32f10x_tim.o(i.TIM_ITConfig) for TIM_ITConfig
    timer.o(i.TIM3_Int_Init) refers to misc.o(i.NVIC_Init) for NVIC_Init
    timer.o(i.TIM3_Int_Init) refers to stm32f10x_tim.o(i.TIM_Cmd) for TIM_Cmd
    usart.o(i.USART1_IRQHandler) refers to stm32f10x_usart.o(i.USART_GetITStatus) for USART_GetITStatus
    usart.o(i.USART1_IRQHandler) refers to stm32f10x_usart.o(i.USART_ReceiveData) for USART_ReceiveData
    usart.o(i.USART1_IRQHandler) refers to stm32f10x_usart.o(i.USART_SendData) for USART_SendData
    usart.o(i.USART1_IRQHandler) refers to stm32f10x_usart.o(i.USART_GetFlagStatus) for USART_GetFlagStatus
    usart.o(i.USART1_IRQHandler) refers to stm32f10x_usart.o(i.USART_ITConfig) for USART_ITConfig
    usart.o(i.USART1_IRQHandler) refers to usart.o(.data) for USART_RX_STA
    usart.o(i.USART1_IRQHandler) refers to usart.o(.bss) for USART_RX_BUF
    usart.o(i.Usart_SendArray) refers to stm32f10x_usart.o(i.USART_ITConfig) for USART_ITConfig
    usart.o(i.Usart_SendArray) refers to usart.o(i.Usart_SendByte) for Usart_SendByte
    usart.o(i.Usart_SendArray) refers to stm32f10x_usart.o(i.USART_GetFlagStatus) for USART_GetFlagStatus
    usart.o(i.Usart_SendByte) refers to stm32f10x_usart.o(i.USART_ITConfig) for USART_ITConfig
    usart.o(i.Usart_SendByte) refers to stm32f10x_usart.o(i.USART_SendData) for USART_SendData
[...]
    Removing stm32f10x_fsmc.o(i.FSMC_ITConfig), (128 bytes).
    Removing stm32f10x_fsmc.o(i.FSMC_NANDCmd), (92 bytes).
    Removing stm32f10x_fsmc.o(i.FSMC_NANDDeInit), (68 bytes).
    Removing stm32f10x_fsmc.o(i.FSMC_NANDECCCmd), (92 bytes).
    Removing stm32f10x_fsmc.o(i.FSMC_NANDInit), (136 bytes).
    Removing stm32f10x_fsmc.o(i.FSMC_NANDStructInit), (54 bytes).
    Removing stm32f10x_fsmc.o(i.FSMC_NORSRAMCmd), (52 bytes).
    Removing stm32f10x_fsmc.o(i.FSMC_NORSRAMDeInit), (54 bytes).
    Removing stm32f10x_fsmc.o(i.FSMC_NORSRAMInit), (230 bytes).
    Removing stm32f10x_fsmc.o(i.FSMC_NORSRAMStructInit), (114 bytes).
    Removing stm32f10x_fsmc.o(i.FSMC_PCCARDCmd), (48 bytes).
    Removing stm32f10x_fsmc.o(i.FSMC_PCCARDDeInit), (40 bytes).
    Removing stm32f10x_fsmc.o(i.FSMC_PCCARDInit), (132 bytes).
    Removing stm32f10x_fsmc.o(i.FSMC_PCCARDStructInit), (60 bytes).
    Removing stm32f10x_gpio.o(i.GPIO_AFIODeInit), (20 bytes).
    Removing stm32f10x_gpio.o(i.GPIO_DeInit), (200 bytes).
    Removing stm32f10x_gpio.o(i.GPIO_ETH_MediaInterfaceConfig), (12 bytes).
    Removing stm32f10x_gpio.o(i.GPIO_EXTILineConfig), (64 bytes).
    Removing stm32f10x_gpio.o(i.GPIO_EventOutputCmd), (12 bytes).
    Removing stm32f10x_gpio.o(i.GPIO_EventOutputConfig), (32 bytes).
    Removing stm32f10x_gpio.o(i.GPIO_PinLockConfig), (18 bytes).
    Removing stm32f10x_gpio.o(i.GPIO_ReadInputData), (8 bytes).
    Removing stm32f10x_gpio.o(i.GPIO_ReadInputDataBit), (18 bytes).
    Removing stm32f10x_gpio.o(i.GPIO_ReadOutputData), (8 bytes).
    Removing stm32f10x_gpio.o(i.GPIO_ReadOutputDataBit), (18 bytes).
    Removing stm32f10x_gpio.o(i.GPIO_StructInit), (16 bytes).
    Removing stm32f10x_gpio.o(i.GPIO_Write), (4 bytes).
    Removing stm32f10x_gpio.o(i.GPIO_WriteBit), (10 bytes).
    Removing stm32f10x_i2c.o(i.I2C_ARPCmd), (24 bytes).
    Removing stm32f10x_i2c.o(i.I2C_AcknowledgeConfig), (24 bytes).
    Removing stm32f10x_i2c.o(i.I2C_CalculatePEC), (24 bytes).
    Removing stm32f10x_i2c.o(i.I2C_CheckEvent), (42 bytes).
    Removing stm32f10x_i2c.o(i.I2C_ClearFlag), (12 bytes).
    Removing stm32f10x_i2c.o(i.I2C_ClearITPendingBit), (12 bytes).
    Removing stm32f10x_i2c.o(i.I2C_Cmd), (24 bytes).
    Removing stm32f10x_i2c.o(i.I2C_DMACmd), (24 bytes).
    Removing stm32f10x_i2c.o(i.I2C_DMALastTransferCmd), (24 bytes).
    Removing stm32f10x_i2c.o(i.I2C_DeInit), (56 bytes).
    Removing stm32f10x_i2c.o(i.I2C_DualAddressCmd), (24 bytes).
    Removing stm32f10x_i2c.o(i.I2C_FastModeDutyCycleConfig), (28 bytes).
    Removing stm32f10x_i2c.o(i.I2C_GeneralCallCmd), (24 bytes).
    Removing stm32f10x_i2c.o(i.I2C_GenerateSTART), (24 bytes).
    Removing stm32f10x_i2c.o(i.I2C_GenerateSTOP), (24 bytes).
    Removing stm32f10x_i2c.o(i.I2C_GetFlagStatus), (58 bytes).
    Removing stm32f10x_i2c.o(i.I2C_GetITStatus), (38 bytes).
    Removing stm32f10x_i2c.o(i.I2C_GetLastEvent), (26 bytes).
    Removing stm32f10x_i2c.o(i.I2C_GetPEC), (8 bytes).
    Removing stm32f10x_i2c.o(i.I2C_ITConfig), (18 bytes).
    Removing stm32f10x_i2c.o(i.I2C_Init), (236 bytes).
    Removing stm32f10x_i2c.o(i.I2C_NACKPositionConfig), (28 bytes).
    Removing stm32f10x_i2c.o(i.I2C_OwnAddress2Config), (22 bytes).
    Removing stm32f10x_i2c.o(i.I2C_PECPositionConfig), (28 bytes).
    Removing stm32f10x_i2c.o(i.I2C_ReadRegister), (22 bytes).
    Removing stm32f10x_i2c.o(i.I2C_ReceiveData), (8 bytes).
    Removing stm32f10x_i2c.o(i.I2C_SMBusAlertConfig), (28 bytes).
    Removing stm32f10x_i2c.o(i.I2C_Send7bitAddress), (18 bytes).
    Removing stm32f10x_i2c.o(i.I2C_SendData), (4 bytes).
    Removing stm32f10x_i2c.o(i.I2C_SoftwareResetCmd), (22 bytes).
    Removing stm32f10x_i2c.o(i.I2C_StretchClockCmd), (24 bytes).
    Removing stm32f10x_i2c.o(i.I2C_StructInit), (30 bytes).
    Removing stm32f10x_i2c.o(i.I2C_TransmitPEC), (24 bytes).
    Removing stm32f10x_iwdg.o(i.IWDG_Enable), (16 bytes).
    Removing stm32f10x_iwdg.o(i.IWDG_GetFlagStatus), (24 bytes).
    Removing stm32f10x_iwdg.o(i.IWDG_ReloadCounter), (16 bytes).
    Removing stm32f10x_iwdg.o(i.IWDG_SetPrescaler), (12 bytes).
    Removing stm32f10x_iwdg.o(i.IWDG_SetReload), (12 bytes).
    Removing stm32f10x_iwdg.o(i.IWDG_WriteAccessCmd), (12 bytes).
    Removing stm32f10x_pwr.o(i.PWR_BackupAccessCmd), (12 bytes).
    Removing stm32f10x_pwr.o(i.PWR_ClearFlag), (20 bytes).
    Removing stm32f10x_pwr.o(i.PWR_DeInit), (22 bytes).
    Removing stm32f10x_pwr.o(i.PWR_EnterSTANDBYMode), (52 bytes).
    Removing stm32f10x_pwr.o(i.PWR_EnterSTOPMode), (64 bytes).
    Removing stm32f10x_pwr.o(i.PWR_GetFlagStatus), (24 bytes).
    Removing stm32f10x_pwr.o(i.PWR_PVDCmd), (12 bytes).
    Removing stm32f10x_pwr.o(i.PWR_PVDLevelConfig), (24 bytes).
    Removing stm32f10x_pwr.o(i.PWR_WakeUpPinCmd), (12 bytes).
    Removing stm32f10x_rcc.o(i.RCC_AHBPeriphClockCmd), (32 bytes).
    Removing stm32f10x_rcc.o(i.RCC_APB1PeriphResetCmd), (32 bytes).
    Removing stm32f10x_rcc.o(i.RCC_AdjustHSICalibrationValue), (24 bytes).
    Removing stm32f10x_rcc.o(i.RCC_BackupResetCmd), (12 bytes).
    Removing stm32f10x_rcc.o(i.RCC_ClearFlag), (20 bytes).
    Removing stm32f10x_rcc.o(i.RCC_ClearITPendingBit), (12 bytes).
    Removing stm32f10x_rcc.o(i.RCC_ClockSecuritySystemCmd), (12 bytes).
    Removing stm32f10x_rcc.o(i.RCC_DeInit), (76 bytes).
    Removing stm32f10x_rcc.o(i.RCC_GetFlagStatus), (60 bytes).
    Removing stm32f10x_rcc.o(i.RCC_GetITStatus), (24 bytes).
    Removing stm32f10x_rcc.o(i.RCC_GetSYSCLKSource), (16 bytes).
    Removing stm32f10x_rcc.o(i.RCC_HCLKConfig), (24 bytes).
    Removing stm32f10x_rcc.o(i.RCC_HSEConfig), (76 bytes).
    Removing stm32f10x_rcc.o(i.RCC_HSICmd), (12 bytes).
    Removing stm32f10x_rcc.o(i.RCC_ITConfig), (32 bytes).
    Removing stm32f10x_rcc.o(i.RCC_LSEConfig), (52 bytes).
    Removing stm32f10x_rcc.o(i.RCC_LSICmd), (12 bytes).
    Removing stm32f10x_rcc.o(i.RCC_MCOConfig), (12 bytes).
    Removing stm32f10x_rcc.o(i.RCC_PCLK1Config), (24 bytes).
    Removing stm32f10x_rcc.o(i.RCC_PCLK2Config), (24 bytes).
    Removing stm32f10x_rcc.o(i.RCC_PLLCmd), (12 bytes).
    Removing stm32f10x_rcc.o(i.RCC_PLLConfig), (28 bytes).
    Removing stm32f10x_rcc.o(i.RCC_RTCCLKCmd), (12 bytes).
    Removing stm32f10x_rcc.o(i.RCC_RTCCLKConfig), (16 bytes).
    Removing stm32f10x_rcc.o(i.RCC_SYSCLKConfig), (24 bytes).
    Removing stm32f10x_rcc.o(i.RCC_USBCLKConfig), (12 bytes).
    Removing stm32f10x_rcc.o(i.RCC_WaitForHSEStartUp), (56 bytes).
    Removing stm32f10x_rtc.o(i.RTC_ClearFlag), (16 bytes).
    Removing stm32f10x_rtc.o(i.RTC_ClearITPendingBit), (16 bytes).
    Removing stm32f10x_rtc.o(i.RTC_EnterConfigMode), (20 bytes).
    Removing stm32f10x_rtc.o(i.RTC_ExitConfigMode), (20 bytes).
    Removing stm32f10x_rtc.o(i.RTC_GetCounter), (20 bytes).
    Removing stm32f10x_rtc.o(i.RTC_GetDivider), (24 bytes).
    Removing stm32f10x_rtc.o(i.RTC_GetFlagStatus), (24 bytes).
    Removing stm32f10x_rtc.o(i.RTC_GetITStatus), (36 bytes).
    Removing stm32f10x_rtc.o(i.RTC_ITConfig), (32 bytes).
    Removing stm32f10x_rtc.o(i.RTC_SetAlarm), (28 bytes).
    Removing stm32f10x_rtc.o(i.RTC_SetCounter), (28 bytes).
    Removing stm32f10x_rtc.o(i.RTC_SetPrescaler), (32 bytes).
    Removing stm32f10x_rtc.o(i.RTC_WaitForLastTask), (20 bytes).
    Removing stm32f10x_rtc.o(i.RTC_WaitForSynchro), (36 bytes).
    Removing stm32f10x_sdio.o(i.SDIO_CEATAITCmd), (16 bytes).
    Removing stm32f10x_sdio.o(i.SDIO_ClearFlag), (12 bytes).
    Removing stm32f10x_sdio.o(i.SDIO_ClearITPendingBit), (12 bytes).
    Removing stm32f10x_sdio.o(i.SDIO_ClockCmd), (12 bytes).
    Removing stm32f10x_sdio.o(i.SDIO_CmdStructInit), (14 bytes).
    Removing stm32f10x_sdio.o(i.SDIO_CommandCompletionCmd), (12 bytes).
    Removing stm32f10x_sdio.o(i.SDIO_DMACmd), (12 bytes).
    Removing stm32f10x_sdio.o(i.SDIO_DataConfig), (48 bytes).
    Removing stm32f10x_sdio.o(i.SDIO_DataStructInit), (20 bytes).
    Removing stm32f10x_sdio.o(i.SDIO_DeInit), (36 bytes).
    Removing stm32f10x_sdio.o(i.SDIO_GetCommandResponse), (12 bytes).
    Removing stm32f10x_sdio.o(i.SDIO_GetDataCounter), (12 bytes).
    Removing stm32f10x_sdio.o(i.SDIO_GetFIFOCount), (12 bytes).
    Removing stm32f10x_sdio.o(i.SDIO_GetFlagStatus), (24 bytes).
    Removing stm32f10x_sdio.o(i.SDIO_GetITStatus), (24 bytes).
    Removing stm32f10x_sdio.o(i.SDIO_GetPowerState), (16 bytes).
    Removing stm32f10x_sdio.o(i.SDIO_GetResponse), (24 bytes).
    Removing stm32f10x_sdio.o(i.SDIO_ITConfig), (32 bytes).
    Removing stm32f10x_sdio.o(i.SDIO_Init), (48 bytes).
    Removing stm32f10x_sdio.o(i.SDIO_ReadData), (12 bytes).
    Removing stm32f10x_sdio.o(i.SDIO_SendCEATACmd), (12 bytes).
    Removing stm32f10x_sdio.o(i.SDIO_SendCommand), (44 bytes).
    Removing stm32f10x_sdio.o(i.SDIO_SendSDIOSuspendCmd), (12 bytes).
    Removing stm32f10x_sdio.o(i.SDIO_SetPowerState), (28 bytes).
    Removing stm32f10x_sdio.o(i.SDIO_SetSDIOOperation), (12 bytes).
    Removing stm32f10x_sdio.o(i.SDIO_SetSDIOReadWaitMode), (12 bytes).
    Removing stm32f10x_sdio.o(i.SDIO_StartSDIOReadWait), (12 bytes).
    Removing stm32f10x_sdio.o(i.SDIO_StopSDIOReadWait), (12 bytes).
    Removing stm32f10x_sdio.o(i.SDIO_StructInit), (16 bytes).
    Removing stm32f10x_sdio.o(i.SDIO_WriteData), (12 bytes).
    Removing stm32f10x_spi.o(i.I2S_Cmd), (24 bytes).
    Removing stm32f10x_spi.o(i.I2S_Init), (232 bytes).
    Removing stm32f10x_spi.o(i.I2S_StructInit), (20 bytes).
    Removing stm32f10x_spi.o(i.SPI_BiDirectionalLineConfig), (28 bytes).
    Removing stm32f10x_spi.o(i.SPI_CalculateCRC), (24 bytes).
    Removing stm32f10x_spi.o(i.SPI_DataSizeConfig), (18 bytes).
    Removing stm32f10x_spi.o(i.SPI_GetCRC), (16 bytes).
    Removing stm32f10x_spi.o(i.SPI_GetCRCPolynomial), (6 bytes).
    Removing stm32f10x_spi.o(i.SPI_I2S_ClearFlag), (6 bytes).
    Removing stm32f10x_spi.o(i.SPI_I2S_ClearITPendingBit), (20 bytes).
    Removing stm32f10x_spi.o(i.SPI_I2S_DMACmd), (18 bytes).
    Removing stm32f10x_spi.o(i.SPI_I2S_DeInit), (88 bytes).
    Removing stm32f10x_spi.o(i.SPI_I2S_GetFlagStatus), (18 bytes).
    Removing stm32f10x_spi.o(i.SPI_I2S_GetITStatus), (52 bytes).
    Removing stm32f10x_spi.o(i.SPI_I2S_ITConfig), (32 bytes).
    Removing stm32f10x_spi.o(i.SPI_I2S_ReceiveData), (6 bytes).
    Removing stm32f10x_spi.o(i.SPI_I2S_SendData), (4 bytes).
    Removing stm32f10x_spi.o(i.SPI_NSSInternalSoftwareConfig), (30 bytes).
    Removing stm32f10x_spi.o(i.SPI_SSOutputCmd), (24 bytes).
    Removing stm32f10x_spi.o(i.SPI_StructInit), (24 bytes).
    Removing stm32f10x_spi.o(i.SPI_TransmitCRC), (10 bytes).
    Removing stm32f10x_tim.o(i.TI1_Config), (128 bytes).
    Removing stm32f10x_tim.o(i.TI2_Config), (152 bytes).
    Removing stm32f10x_tim.o(i.TI3_Config), (144 bytes).
    Removing stm32f10x_tim.o(i.TI4_Config), (152 bytes).
    Removing stm32f10x_tim.o(i.TIM_ARRPreloadConfig), (24 bytes).
    Removing stm32f10x_tim.o(i.TIM_BDTRConfig), (32 bytes).
    Removing stm32f10x_tim.o(i.TIM_BDTRStructInit), (18 bytes).
    Removing stm32f10x_tim.o(i.TIM_CCPreloadControl), (24 bytes).
    Removing stm32f10x_tim.o(i.TIM_CCxCmd), (30 bytes).
    Removing stm32f10x_tim.o(i.TIM_CCxNCmd), (30 bytes).
    Removing stm32f10x_tim.o(i.TIM_ClearFlag), (6 bytes).
    Removing stm32f10x_tim.o(i.TIM_ClearITPendingBit), (6 bytes).
    Removing stm32f10x_tim.o(i.TIM_ClearOC1Ref), (18 bytes).
    Removing stm32f10x_tim.o(i.TIM_ClearOC2Ref), (24 bytes).
    Removing stm32f10x_tim.o(i.TIM_ClearOC3Ref), (18 bytes).
    Removing stm32f10x_tim.o(i.TIM_ClearOC4Ref), (24 bytes).
    Removing stm32f10x_tim.o(i.TIM_CounterModeConfig), (18 bytes).
    Removing stm32f10x_tim.o(i.TIM_CtrlPWMOutputs), (30 bytes).
    Removing stm32f10x_tim.o(i.TIM_DMACmd), (18 bytes).
    Removing stm32f10x_tim.o(i.TIM_DMAConfig), (10 bytes).
    Removing stm32f10x_tim.o(i.TIM_DeInit), (488 bytes).
    Removing stm32f10x_tim.o(i.TIM_ETRClockMode1Config), (54 bytes).
    Removing stm32f10x_tim.o(i.TIM_ETRClockMode2Config), (32 bytes).
    Removing stm32f10x_tim.o(i.TIM_ETRConfig), (28 bytes).
    Removing stm32f10x_tim.o(i.TIM_EncoderInterfaceConfig), (66 bytes).
    Removing stm32f10x_tim.o(i.TIM_ForcedOC1Config), (18 bytes).
    Removing stm32f10x_tim.o(i.TIM_ForcedOC2Config), (26 bytes).
    Removing stm32f10x_tim.o(i.TIM_ForcedOC3Config), (18 bytes).
    Removing stm32f10x_tim.o(i.TIM_ForcedOC4Config), (26 bytes).
    Removing stm32f10x_tim.o(i.TIM_GenerateEvent), (4 bytes).
    Removing stm32f10x_tim.o(i.TIM_GetCapture1), (6 bytes).
    Removing stm32f10x_tim.o(i.TIM_GetCapture2), (6 bytes).
    Removing stm32f10x_tim.o(i.TIM_GetCapture3), (6 bytes).
    Removing stm32f10x_tim.o(i.TIM_GetCapture4), (8 bytes).
    Removing stm32f10x_tim.o(i.TIM_GetCounter), (6 bytes).
    Removing stm32f10x_tim.o(i.TIM_GetFlagStatus), (18 bytes).
    Removing stm32f10x_tim.o(i.TIM_GetITStatus), (34 bytes).
    Removing stm32f10x_tim.o(i.TIM_GetPrescaler), (6 bytes).
    Removing stm32f10x_tim.o(i.TIM_ICInit), (172 bytes).
    Removing stm32f10x_tim.o(i.TIM_ICStructInit), (18 bytes).
    Removing stm32f10x_tim.o(i.TIM_ITConfig), (18 bytes).
    Removing stm32f10x_tim.o(i.TIM_ITRxExternalClockConfig), (24 bytes).
    Removing stm32f10x_tim.o(i.TIM_InternalClockConfig), (12 bytes).
    Removing stm32f10x_tim.o(i.TIM_OC1FastConfig), (18 bytes).
    Removing stm32f10x_tim.o(i.TIM_OC1NPolarityConfig), (18 bytes).
    Removing stm32f10x_tim.o(i.TIM_OC1PolarityConfig), (18 bytes).
    Removing stm32f10x_tim.o(i.TIM_OC2FastConfig), (26 bytes).
    Removing stm32f10x_tim.o(i.TIM_OC2NPolarityConfig), (26 bytes).
    Removing stm32f10x_tim.o(i.TIM_OC2PolarityConfig), (26 bytes).
    Removing stm32f10x_tim.o(i.TIM_OC3FastConfig), (18 bytes).
    Removing stm32f10x_tim.o(i.TIM_OC3Init), (160 bytes).
    Removing stm32f10x_tim.o(i.TIM_OC3NPolarityConfig), (26 bytes).
    Removing stm32f10x_tim.o(i.TIM_OC3PolarityConfig), (26 bytes).
    Removing stm32f10x_tim.o(i.TIM_OC3PreloadConfig), (18 bytes).
    Removing stm32f10x_tim.o(i.TIM_OC4FastConfig), (26 bytes).
    Removing stm32f10x_tim.o(i.TIM_OC4Init), (124 bytes).
    Removing stm32f10x_tim.o(i.TIM_OC4PolarityConfig), (26 bytes).
    Removing stm32f10x_tim.o(i.TIM_OC4PreloadConfig), (26 bytes).
    Removing stm32f10x_tim.o(i.TIM_OCStructInit), (20 bytes).
    Removing stm32f10x_tim.o(i.TIM_PWMIConfig), (124 bytes).
    Removing stm32f10x_tim.o(i.TIM_PrescalerConfig), (6 bytes).
    Removing stm32f10x_tim.o(i.TIM_SelectCCDMA), (24 bytes).
    Removing stm32f10x_tim.o(i.TIM_SelectCOM), (24 bytes).
    Removing stm32f10x_tim.o(i.TIM_SelectHallSensor), (24 bytes).
    Removing stm32f10x_tim.o(i.TIM_SelectInputTrigger), (18 bytes).
    Removing stm32f10x_tim.o(i.TIM_SelectMasterSlaveMode), (18 bytes).
    Removing stm32f10x_tim.o(i.TIM_SelectOCxM), (82 bytes).
    Removing stm32f10x_tim.o(i.TIM_SelectOnePulseMode), (18 bytes).
    Removing stm32f10x_tim.o(i.TIM_SelectOutputTrigger), (18 bytes).
    Removing stm32f10x_tim.o(i.TIM_SelectSlaveMode), (18 bytes).
    Removing stm32f10x_tim.o(i.TIM_SetAutoreload), (4 bytes).
    Removing stm32f10x_tim.o(i.TIM_SetClockDivision), (18 bytes).
    Removing stm32f10x_tim.o(i.TIM_SetCompare3), (4 bytes).
    Removing stm32f10x_tim.o(i.TIM_SetCompare4), (6 bytes).
    Removing stm32f10x_tim.o(i.TIM_SetCounter), (4 bytes).
    Removing stm32f10x_tim.o(i.TIM_SetIC1Prescaler), (18 bytes).
    Removing stm32f10x_tim.o(i.TIM_SetIC2Prescaler), (26 bytes).
    Removing stm32f10x_tim.o(i.TIM_SetIC3Prescaler), (18 bytes).
    Removing stm32f10x_tim.o(i.TIM_SetIC4Prescaler), (26 bytes).
    Removing stm32f10x_tim.o(i.TIM_TIxExternalClockConfig), (62 bytes).
    Removing stm32f10x_tim.o(i.TIM_TimeBaseStructInit), (18 bytes).
    Removing stm32f10x_tim.o(i.TIM_UpdateDisableConfig), (24 bytes).
    Removing stm32f10x_tim.o(i.TIM_UpdateRequestConfig), (24 bytes).
    Removing stm32f10x_usart.o(i.USART_ClearFlag), (18 bytes).
    Removing stm32f10x_usart.o(i.USART_ClockInit), (34 bytes).
    Removing stm32f10x_usart.o(i.USART_ClockStructInit), (12 bytes).
    Removing stm32f10x_usart.o(i.USART_DMACmd), (18 bytes).
    Removing stm32f10x_usart.o(i.USART_DeInit), (156 bytes).
    Removing stm32f10x_usart.o(i.USART_HalfDuplexCmd), (24 bytes).
    Removing stm32f10x_usart.o(i.USART_IrDACmd), (24 bytes).
    Removing stm32f10x_usart.o(i.USART_IrDAConfig), (18 bytes).
    Removing stm32f10x_usart.o(i.USART_LINBreakDetectLengthConfig), (18 bytes).
    Removing stm32f10x_usart.o(i.USART_LINCmd), (24 bytes).
    Removing stm32f10x_usart.o(i.USART_OneBitMethodCmd), (24 bytes).
    Removing stm32f10x_usart.o(i.USART_OverSampling8Cmd), (22 bytes).
    Removing stm32f10x_usart.o(i.USART_ReceiverWakeUpCmd), (24 bytes).
    Removing stm32f10x_usart.o(i.USART_SendBreak), (10 bytes).
    Removing stm32f10x_usart.o(i.USART_SetAddress), (18 bytes).
    Removing stm32f10x_usart.o(i.USART_SetGuardTime), (16 bytes).
    Removing stm32f10x_usart.o(i.USART_SetPrescaler), (16 bytes).
    Removing stm32f10x_usart.o(i.USART_SmartCardCmd), (24 bytes).
    Removing stm32f10x_usart.o(i.USART_SmartCardNACKCmd), (24 bytes).
    Removing stm32f10x_usart.o(i.USART_StructInit), (24 bytes).
    Removing stm32f10x_usart.o(i.USART_WakeUpConfig), (18 bytes).
    Removing stm32f10x_wwdg.o(i.WWDG_ClearFlag), (12 bytes).
    Removing stm32f10x_wwdg.o(i.WWDG_DeInit), (22 bytes).
    Removing stm32f10x_wwdg.o(i.WWDG_Enable), (16 bytes).
    Removing stm32f10x_wwdg.o(i.WWDG_EnableIT), (12 bytes).
    Removing stm32f10x_wwdg.o(i.WWDG_GetFlagStatus), (12 bytes).
    Removing stm32f10x_wwdg.o(i.WWDG_SetCounter), (16 bytes).
    Removing stm32f10x_wwdg.o(i.WWDG_SetPrescaler), (24 bytes).
    Removing stm32f10x_wwdg.o(i.WWDG_SetWindowValue), (40 bytes).
    Removing core_cm3.o(.emb_text), (32 bytes).
    Removing system_stm32f10x.o(i.SystemCoreClockUpdate), (164 bytes).
    Removing startup_stm32f10x_md.o(HEAP), (512 bytes).
    Removing ddiv.o(.text), (222 bytes).
    Removing dflti.o(.text), (34 bytes).
    Removing ffixi.o(.text), (50 bytes).
    Removing ffixui.o(.text), (40 bytes).
    Removing cfrcmple.o(.text), (20 bytes).
    Removing fscalb.o(.text), (24 bytes).
    Removing frnd.o(.text), (60 bytes).
    Removing dscalb.o(.text), (46 bytes).
    Removing dfixul.o(.text), (48 bytes).
    Removing cdrcmple.o(.text), (48 bytes).
    Removing fpstat.o(.text), (4 bytes).
    Removing dsqrt.o(.text), (162 bytes).
    Removing cdcmple.o(.text), (48 bytes).

580 unused section(s) (total 37170 bytes) removed from the image.

==============================================================================

Image Symbol Table

    Local Symbols

    Symbol Name                              Value     Ov Type        Size  Object(Section)

    ../clib/microlib/division.c              0x00000000   Number         0  uldiv.o ABSOLUTE
    ../clib/microlib/division.c              0x00000000   Number         0  uidiv.o ABSOLUTE
    ../clib/microlib/division.c              0x00000000   Number         0  ldiv.o ABSOLUTE
    ../clib/microlib/errno.c                 0x00000000   Number         0  errno.o ABSOLUTE
    ../clib/microlib/init/entry.s            0x00000000   Number         0  entry10a.o ABSOLUTE
    ../clib/microlib/init/entry.s            0x00000000   Number         0  entry9a.o ABSOLUTE
    ../clib/microlib/init/entry.s            0x00000000   Number         0  entry8b.o ABSOLUTE
    ../clib/microlib/init/entry.s            0x00000000   Number         0  entry7a.o ABSOLUTE
    ../clib/microlib/init/entry.s            0x00000000   Number         0  entry.o ABSOLUTE
    ../clib/microlib/init/entry.s            0x00000000   Number         0  entry2.o ABSOLUTE
    ../clib/microlib/init/entry.s            0x00000000   Number         0  entry7b.o ABSOLUTE
    ../clib/microlib/init/entry.s            0x00000000   Number         0  entry8a.o ABSOLUTE
    ../clib/microlib/init/entry.s            0x00000000   Number         0  entry5.o ABSOLUTE
    ../clib/microlib/init/entry.s            0x00000000   Number         0  entry9b.o ABSOLUTE
    ../clib/microlib/init/entry.s            0x00000000   Number         0  entry11a.o ABSOLUTE
    ../clib/microlib/init/entry.s            0x00000000   Number         0  entry10b.o ABSOLUTE
    ../clib/microlib/init/entry.s            0x00000000   Number         0  entry11b.o ABSOLUTE
    ../clib/microlib/longlong.c              0x00000000   Number         0  llushr.o ABSOLUTE
    ../clib/microlib/longlong.c              0x00000000   Number         0  llsshr.o ABSOLUTE
    ../clib/microlib/longlong.c              0x00000000   Number         0  llshl.o ABSOLUTE
    ../clib/microlib/printf/printf.c         0x00000000   Number         0  printfa.o ABSOLUTE
    ../clib/microlib/printf/printf.c         0x00000000   Number         0  printf0.o ABSOLUTE
    ../clib/microlib/printf/printf.c         0x00000000   Number         0  printfb.o ABSOLUTE
    ../clib/microlib/printf/printf.c         0x00000000   Number         0  printf1.o ABSOLUTE
    ../clib/microlib/printf/printf.c         0x00000000   Number         0  printf2.o ABSOLUTE
    ../clib/microlib/printf/printf.c         0x00000000   Number         0  printf3.o ABSOLUTE
    ../clib/microlib/printf/printf.c         0x00000000   Number         0  printf4.o ABSOLUTE
    ../clib/microlib/printf/printf.c         0x00000000   Number         0  printf5.o ABSOLUTE
    ../clib/microlib/printf/printf.c         0x00000000   Number         0  printf6.o ABSOLUTE
    ../clib/microlib/printf/printf.c         0x00000000   Number         0  printf7.o ABSOLUTE
    ../clib/microlib/printf/printf.c         0x00000000   Number         0  printf8.o ABSOLUTE
    ../clib/microlib/printf/stubs.s          0x00000000   Number         0  stubs.o ABSOLUTE
    ../clib/microlib/string/memcmp.c         0x00000000   Number         0  memcmp.o ABSOLUTE
    ../clib/microlib/string/memcpy.c         0x00000000   Number         0  memcpyb.o ABSOLUTE
    ../clib/microlib/string/memcpy.c         0x00000000   Number         0  memcpya.o ABSOLUTE
    ../clib/microlib/string/memset.c         0x00000000   Number         0  memseta.o ABSOLUTE
    ../clib/microlib/stubs.s                 0x00000000   Number         0  useno.o ABSOLUTE
    ../clib/microlib/stubs.s                 0x00000000   Number         0  iusefp.o ABSOLUTE
    ../fplib/microlib/d2f.c                  0x00000000   Number         0  d2f.o ABSOLUTE
    ../fplib/microlib/f2d.c                  0x00000000   Number         0  f2d.o ABSOLUTE
    ../fplib/microlib/fpadd.c                0x00000000   Number         0  fadd.o ABSOLUTE
    ../fplib/microlib/fpadd.c                0x00000000   Number         0  dadd.o ABSOLUTE
    ../fplib/microlib/fpdiv.c                0x00000000   Number         0  ddiv.o ABSOLUTE
    ../fplib/microlib/fpdiv.c                0x00000000   Number         0  fdiv.o ABSOLUTE
    ../fplib/microlib/fpepilogue.c           0x00000000   Number         0  fepilogue.o ABSOLUTE
    ../fplib/microlib/fpepilogue.c           0x00000000   Number         0  depilogue.o ABSOLUTE
    ../fplib/microlib/fpfix.c                0x00000000   Number         0  ffixi.o ABSOLUTE
    ../fplib/microlib/fpfix.c                0x00000000   Number         0  ffixui.o ABSOLUTE
    ../fplib/microlib/fpfix.c                0x00000000   Number         0  dfixul.o ABSOLUTE
    ../fplib/microlib/fpflt.c                0x00000000   Number         0  ffltui.o ABSOLUTE
    ../fplib/microlib/fpflt.c                0x00000000   Number         0  dflti.o ABSOLUTE
    ../fplib/microlib/fpflt.c                0x00000000   Number         0  fflti.o ABSOLUTE
    ../fplib/microlib/fpmul.c                0x00000000   Number         0  fmul.o ABSOLUTE
    ../fplib/microlib/fpmul.c                0x00000000   Number         0  dmul.o ABSOLUTE
    ../fplib/microlib/fprnd.c                0x00000000   Number         0  frnd.o ABSOLUTE
    ../fplib/microlib/fpscalb.c              0x00000000   Number         0  fscalb.o ABSOLUTE
    ../fplib/microlib/fpscalb.c              0x00000000   Number         0  dscalb.o ABSOLUTE
    ../fplib/microlib/fpsqrt.c               0x00000000   Number         0  dsqrt.o ABSOLUTE
    ../fplib/microlib/fpstat.c               0x00000000   Number         0  fpstat.o ABSOLUTE
    ../mathlib/asin.c                        0x00000000   Number         0  asin_x.o ABSOLUTE
    ../mathlib/asin.c                        0x00000000   Number         0  asin.o ABSOLUTE
    ../mathlib/atan.c                        0x00000000   Number         0  atan.o ABSOLUTE
    ../mathlib/atan.c                        0x00000000   Number         0  atan_x.o ABSOLUTE
    ../mathlib/atan2.c                       0x00000000   Number         0  atan2_x.o ABSOLUTE
    ../mathlib/atan2.c                       0x00000000   Number         0  atan2.o ABSOLUTE
    ../mathlib/dunder.c                      0x00000000   Number         0  dunder.o ABSOLUTE
    ../mathlib/expf.c                        0x00000000   Number         0  expf_x.o ABSOLUTE
    ../mathlib/expf.c                        0x00000000   Number         0  expf.o ABSOLUTE
    ../mathlib/fpclassify.c                  0x00000000   Number         0  fpclassify.o ABSOLUTE
    ../mathlib/fpclassifyf.c                 0x00000000   Number         0  fpclassifyf.o ABSOLUTE
    ../mathlib/funder.c                      0x00000000   Number         0  funder.o ABSOLUTE
    ../mathlib/logf.c                        0x00000000   Number         0  logf_x.o ABSOLUTE
    ../mathlib/logf.c                        0x00000000   Number         0  logf.o ABSOLUTE
    ../mathlib/poly.c                        0x00000000   Number         0  poly.o ABSOLUTE
    ../mathlib/qnan.c                        0x00000000   Number         0  qnan.o ABSOLUTE
    ../mathlib/sqrt.c                        0x00000000   Number         0  sqrt.o ABSOLUTE
    ../mathlib/sqrt.c                        0x00000000   Number         0  sqrt_x.o ABSOLUTE
    ..\Control\pid.c                         0x00000000   Number         0  pid.o ABSOLUTE
    ..\Drivers\ANO.c                         0x00000000   Number         0  ano.o ABSOLUTE
    ..\Drivers\FrSky.c                       0x00000000   Number         0  frsky.o ABSOLUTE
    ..\Drivers\beep.c                        0x00000000   Number         0  beep.o ABSOLUTE
    ..\Drivers\inv_mpu.c                     0x00000000   Number         0  inv_mpu.o ABSOLUTE
    ..\Drivers\inv_mpu_dmp_motion_driver.c   0x00000000   Number         0  inv_mpu_dmp_motion_driver.o ABSOLUTE
    ..\Drivers\key.c                         0x00000000   Number         0  key.o ABSOLUTE
    ..\Drivers\led.c                         0x00000000   Number         0  led.o ABSOLUTE
    ..\Drivers\motor.c                       0x00000000   Number         0  motor.o ABSOLUTE
    ..\Drivers\mpu6050.c                     0x00000000   Number         0  mpu6050.o ABSOLUTE
    ..\Drivers\mpuiic.c                      0x00000000   Number         0  mpuiic.o ABSOLUTE
    ..\Drivers\servo.c                       0x00000000   Number         0  servo.o ABSOLUTE
    ..\Drivers\spl06.c                       0x00000000   Number         0  spl06.o ABSOLUTE
    ..\Libraries\CMSIS\core_cm3.c            0x00000000   Number         0  core_cm3.o ABSOLUTE
    ..\Libraries\CMSIS\startup\arm\startup_stm32f10x_md.s 0x00000000   Number         0  startup_stm32f10x_md.o ABSOLUTE
    ..\Libraries\CMSIS\system_stm32f10x.c    0x00000000   Number         0  system_stm32f10x.o ABSOLUTE
    ..\Libraries\src\misc.c                  0x00000000   Number         0  misc.o ABSOLUTE
    ..\Libraries\src\stm32f10x_adc.c         0x00000000   Number         0  stm32f10x_adc.o ABSOLUTE
    ..\Libraries\src\stm32f10x_bkp.c         0x00000000   Number         0  stm32f10x_bkp.o ABSOLUTE
    ..\Libraries\src\stm32f10x_can.c         0x00000000   Number         0  stm32f10x_can.o ABSOLUTE
    ..\Libraries\src\stm32f10x_cec.c         0x00000000   Number         0  stm32f10x_cec.o ABSOLUTE
    ..\Libraries\src\stm32f10x_crc.c         0x00000000   Number         0  stm32f10x_crc.o ABSOLUTE
    ..\Libraries\src\stm32f10x_dac.c         0x00000000   Number         0  stm32f10x_dac.o ABSOLUTE
    ..\Libraries\src\stm32f10x_dbgmcu.c      0x00000000   Number         0  stm32f10x_dbgmcu.o ABSOLUTE
    ..\Libraries\src\stm32f10x_dma.c         0x00000000   Number         0  stm32f10x_dma.o ABSOLUTE
    ..\Libraries\src\stm32f10x_exti.c        0x00000000   Number         0  stm32f10x_exti.o ABSOLUTE
    ..\Libraries\src\stm32f10x_flash.c       0x00000000   Number         0  stm32f10x_flash.o ABSOLUTE
    ..\Libraries\src\stm32f10x_fsmc.c        0x00000000   Number         0  stm32f10x_fsmc.o ABSOLUTE
    ..\Libraries\src\stm32f10x_gpio.c        0x00000000   Number         0  stm32f10x_gpio.o ABSOLUTE
    ..\Libraries\src\stm32f10x_i2c.c         0x00000000   Number         0  stm32f10x_i2c.o ABSOLUTE
    ..\Libraries\src\stm32f10x_iwdg.c        0x00000000   Number         0  stm32f10x_iwdg.o ABSOLUTE
    ..\Libraries\src\stm32f10x_pwr.c         0x00000000   Number         0  stm32f10x_pwr.o ABSOLUTE
    ..\Libraries\src\stm32f10x_rcc.c         0x00000000   Number         0  stm32f10x_rcc.o ABSOLUTE
    ..\Libraries\src\stm32f10x_rtc.c         0x00000000   Number         0  stm32f10x_rtc.o ABSOLUTE
    ..\Libraries\src\stm32f10x_sdio.c        0x00000000   Number         0  stm32f10x_sdio.o ABSOLUTE
    ..\Libraries\src\stm32f10x_spi.c         0x00000000   Number         0  stm32f10x_spi.o ABSOLUTE
    ..\Libraries\src\stm32f10x_tim.c         0x00000000   Number         0  stm32f10x_tim.o ABSOLUTE
    ..\Libraries\src\stm32f10x_usart.c       0x00000000   Number         0  stm32f10x_usart.o ABSOLUTE
    ..\Libraries\src\stm32f10x_wwdg.c        0x00000000   Number         0  stm32f10x_wwdg.o ABSOLUTE
    ..\System\PWM.c                          0x00000000   Number         0  pwm.o ABSOLUTE
    ..\System\adc.c                          0x00000000   Number         0  adc.o ABSOLUTE
    ..\System\delay.c                        0x00000000   Number         0  delay.o ABSOLUTE
    ..\System\exti.c                         0x00000000   Number         0  exti.o ABSOLUTE
    ..\System\spi.c                          0x00000000   Number         0  spi.o ABSOLUTE
    ..\System\sys.c                          0x00000000   Number         0  sys.o ABSOLUTE
    ..\System\timer.c                        0x00000000   Number         0  timer.o ABSOLUTE
    ..\System\usart.c                        0x00000000   Number         0  usart.o ABSOLUTE
    ..\User\main.c                           0x00000000   Number         0  main.o ABSOLUTE
    ..\User\stm32f10x_it.c                   0x00000000   Number         0  stm32f10x_it.o ABSOLUTE
    ..\\Libraries\\CMSIS\\core_cm3.c         0x00000000   Number         0  core_cm3.o ABSOLUTE
    cdcmple.s                                0x00000000   Number         0  cdcmple.o ABSOLUTE
    cdrcmple.s                               0x00000000   Number         0  cdrcmple.o ABSOLUTE
    cfcmple.s                                0x00000000   Number         0  cfcmple.o ABSOLUTE
    cfrcmple.s                               0x00000000   Number         0  cfrcmple.o ABSOLUTE
    dc.s                                     0x00000000   Number         0  dc.o ABSOLUTE
    handlers.s                               0x00000000   Number         0  handlers.o ABSOLUTE
    init.s                                   0x00000000   Number         0  init.o ABSOLUTE
    RESET                                    0x08000000   Section      236  startup_stm32f10x_md.o(RESET)
    .ARM.Collect$$$$00000000                 0x080000ec   Section        0  entry.o(.ARM.Collect$$$$00000000)
    .ARM.Collect$$$$00000001                 0x080000ec   Section        4  entry2.o(.ARM.Collect$$$$00000001)
    .ARM.Collect$$$$00000004                 0x080000f0   Section        4  entry5.o(.ARM.Collect$$$$00000004)
    .ARM.Collect$$$$00000008                 0x080000f4   Section        0  entry7b.o(.ARM.Collect$$$$00000008)
    .ARM.Collect$$$$0000000A                 0x080000f4   Section        0  entry8b.o(.ARM.Collect$$$$0000000A)
    .ARM.Collect$$$$0000000B                 0x080000f4   Section        8  entry9a.o(.ARM.Collect$$$$0000000B)
    .ARM.Collect$$$$0000000D                 0x080000fc   Section        0  entry10a.o(.ARM.Collect$$$$0000000D)
    .ARM.Collect$$$$0000000F                 0x080000fc   Section        0  entry11a.o(.ARM.Collect$$$$0000000F)
    .ARM.Collect$$$$00002712                 0x080000fc   Section        4  entry2.o(.ARM.Collect$$$$00002712)
    __lit__00000000                          0x080000fc   Data           4  entry2.o(.ARM.Collect$$$$00002712)
    .text                                    0x08000100   Section       36  startup_stm32f10x_md.o(.text)
    .text                                    0x08000124   Section        0  memcpya.o(.text)
    .text                                    0x08000148   Section        0  fadd.o(.text)
    .text                                    0x080001f8   Section        0  fmul.o(.text)
    .text                                    0x0800025c   Section        0  fdiv.o(.text)
    .text                                    0x080002d8   Section        0  dadd.o(.text)
    .text                                    0x08000426   Section        0  dmul.o(.text)
    .text                                    0x0800050a   Section        0  fflti.o(.text)
    .text                                    0x0800051c   Section        0  ffltui.o(.text)
    .text                                    0x08000526   Section        0  f2d.o(.text)
    .text                                    0x0800054c   Section        0  d2f.o(.text)
    .text                                    0x08000584   Section       20  cfcmple.o(.text)
    .text                                    0x08000598   Section        0  uldiv.o(.text)
    .text                                    0x080005fa   Section        0  llshl.o(.text)
    .text                                    0x08000618   Section        0  llsshr.o(.text)
    .text                                    0x0800063c   Section        0  fepilogue.o(.text)
    .text                                    0x0800063c   Section        0  iusefp.o(.text)
    .text                                    0x080006aa   Section        0  depilogue.o(.text)
    .text                                    0x08000764   Section       36  init.o(.text)
    .text                                    0x08000788   Section        0  llushr.o(.text)
    i.ADC_Cmd                                0x080007a8   Section        0  stm32f10x_adc.o(i.ADC_Cmd)
    i.ADC_DeInit                             0x080007c0   Section        0  stm32f10x_adc.o(i.ADC_DeInit)
    i.ADC_GetCalibrationStatus               0x0800081c   Section        0  stm32f10x_adc.o(i.ADC_GetCalibrationStatus)
    i.ADC_GetConversionValue                 0x08000830   Section        0  stm32f10x_adc.o(i.ADC_GetConversionValue)
    i.ADC_GetFlagStatus                      0x08000838   Section        0  stm32f10x_adc.o(i.ADC_GetFlagStatus)
    i.ADC_GetResetCalibrationStatus          0x0800084a   Section        0  stm32f10x_adc.o(i.ADC_GetResetCalibrationStatus)
    i.ADC_Init                               0x08000860   Section        0  stm32f10x_adc.o(i.ADC_Init)
    i.ADC_RegularChannelConfig               0x080008b0   Section        0  stm32f10x_adc.o(i.ADC_RegularChannelConfig)
    i.ADC_ResetCalibration                   0x08000968   Section        0  stm32f10x_adc.o(i.ADC_ResetCalibration)
    i.ADC_SoftwareStartConvCmd               0x08000972   Section        0  stm32f10x_adc.o(i.ADC_SoftwareStartConvCmd)
    i.ADC_StartCalibration                   0x08000988   Section        0  stm32f10x_adc.o(i.ADC_StartCalibration)
    i.Adc_Init                               0x08000994   Section        0  adc.o(i.Adc_Init)
    i.BEEP_GPIO_High                         0x08000a20   Section        0  beep.o(i.BEEP_GPIO_High)
    i.BEEP_GPIO_Init                         0x08000a34   Section        0  beep.o(i.BEEP_GPIO_Init)
    i.BEEP_GPIO_Low                          0x08000a60   Section        0  beep.o(i.BEEP_GPIO_Low)
    i.BusFault_Handler                       0x08000a74   Section        0  stm32f10x_it.o(i.BusFault_Handler)
    i.DebugMon_Handler                       0x08000a78   Section        0  stm32f10x_it.o(i.DebugMon_Handler)
    i.EXTI4_IRQHandler                       0x08000a7c   Section        0  exti.o(i.EXTI4_IRQHandler)
    i.EXTI_ClearITPendingBit                 0x08000ab4   Section        0  stm32f10x_exti.o(i.EXTI_ClearITPendingBit)
    i.FrSky_Uart2_Init                       0x08000ac0   Section        0  frsky.o(i.FrSky_Uart2_Init)
    i.GPIO_Init                              0x08000b74   Section        0  stm32f10x_gpio.o(i.GPIO_Init)
    i.GPIO_PinRemapConfig                    0x08000c8c   Section        0  stm32f10x_gpio.o(i.GPIO_PinRemapConfig)
    i.GPIO_ResetBits                         0x08000d1c   Section        0  stm32f10x_gpio.o(i.GPIO_ResetBits)
    i.GPIO_SetBits                           0x08000d20   Section        0  stm32f10x_gpio.o(i.GPIO_SetBits)
    i.Get_Adc                                0x08000d24   Section        0  adc.o(i.Get_Adc)
    i.Get_Bat_Voltage                        0x08000d58   Section        0  adc.o(i.Get_Bat_Voltage)
    i.HardFault_Handler                      0x08000dac   Section        0  stm32f10x_it.o(i.HardFault_Handler)
    i.MPU_IIC_Init                           0x08000db0   Section        0  mpuiic.o(i.MPU_IIC_Init)
    i.MemManage_Handler                      0x08000de8   Section        0  stm32f10x_it.o(i.MemManage_Handler)
    i.Motor_PWM_Init                         0x08000dec   Section        0  motor.o(i.Motor_PWM_Init)
    i.Motor_PWM_Set                          0x08000e88   Section        0  motor.o(i.Motor_PWM_Set)
    i.Motor_Unlock                           0x08000ea4   Section        0  motor.o(i.Motor_Unlock)
    i.NMI_Handler                            0x08000f0c   Section        0  stm32f10x_it.o(i.NMI_Handler)
    i.NVIC_Init                              0x08000f10   Section        0  misc.o(i.NVIC_Init)
    i.NVIC_PriorityGroupConfig               0x08000f80   Section        0  misc.o(i.NVIC_PriorityGroupConfig)
    i.PendSV_Handler                         0x08000f94   Section        0  stm32f10x_it.o(i.PendSV_Handler)
    i.RCC_ADCCLKConfig                       0x08000f98   Section        0  stm32f10x_rcc.o(i.RCC_ADCCLKConfig)
    i.RCC_APB1PeriphClockCmd                 0x08000fb0   Section        0  stm32f10x_rcc.o(i.RCC_APB1PeriphClockCmd)
    i.RCC_APB2PeriphClockCmd                 0x08000fd0   Section        0  stm32f10x_rcc.o(i.RCC_APB2PeriphClockCmd)
    i.RCC_APB2PeriphResetCmd                 0x08000ff0   Section        0  stm32f10x_rcc.o(i.RCC_APB2PeriphResetCmd)
    i.RCC_GetClocksFreq                      0x08001010   Section        0  stm32f10x_rcc.o(i.RCC_GetClocksFreq)
    i.SPI1_Init                              0x080010e4   Section        0  spi.o(i.SPI1_Init)
    i.SPI1_RW_Byte                           0x0800117c   Section        0  spi.o(i.SPI1_RW_Byte)
    i.SPI1_Read_Reg                          0x080011ac   Section        0  spi.o(i.SPI1_Read_Reg)
    i.SPI1_Read_Reg_Buffer                   0x080011c0   Section        0  spi.o(i.SPI1_Read_Reg_Buffer)
    i.SPI1_Write_Reg                         0x080011ea   Section        0  spi.o(i.SPI1_Write_Reg)
    i.SPI_Cmd                                0x08001202   Section        0  stm32f10x_spi.o(i.SPI_Cmd)
    i.SPI_Init                               0x0800121a   Section        0  stm32f10x_spi.o(i.SPI_Init)
    i.SPL06_Config_Pressure                  0x08001258   Section        0  spl06.o(i.SPL06_Config_Pressure)
    i.SPL06_Config_Temperature               0x08001308   Section        0  spl06.o(i.SPL06_Config_Temperature)
    i.SPL06_Get_Pressure_Adc                 0x080013bc   Section        0  spl06.o(i.SPL06_Get_Pressure_Adc)
    i.SPL06_Get_Temperature_Adc              0x080013f0   Section        0  spl06.o(i.SPL06_Get_Temperature_Adc)
    i.SPL06_Init                             0x08001424   Section        0  spl06.o(i.SPL06_Init)
    i.SPL06_Read_Buffer                      0x08001768   Section        0  spl06.o(i.SPL06_Read_Buffer)
    i.SPL06_Read_Reg                         0x08001794   Section        0  spl06.o(i.SPL06_Read_Reg)
    i.SPL06_Start                            0x080017bc   Section        0  spl06.o(i.SPL06_Start)
    i.SPL06_Update                           0x080017cc   Section        0  spl06.o(i.SPL06_Update)
    i.SPL06_Update_Pressure                  0x080017e8   Section        0  spl06.o(i.SPL06_Update_Pressure)
    i.SPL06_Write_Reg                        0x08001940   Section        0  spl06.o(i.SPL06_Write_Reg)
    i.SVC_Handler                            0x08001968   Section        0  stm32f10x_it.o(i.SVC_Handler)
    i.Servo_PWM_Init                         0x0800196c   Section        0  servo.o(i.Servo_PWM_Init)
    i.Servo_PWM_Set                          0x08001a10   Section        0  servo.o(i.Servo_PWM_Set)
    i.SetSysClock                            0x08001a2c   Section        0  system_stm32f10x.o(i.SetSysClock)
    SetSysClock                              0x08001a2d   Thumb Code     8  system_stm32f10x.o(i.SetSysClock)
    i.SetSysClockTo72                        0x08001a34   Section        0  system_stm32f10x.o(i.SetSysClockTo72)
    SetSysClockTo72                          0x08001a35   Thumb Code   214  system_stm32f10x.o(i.SetSysClockTo72)
    i.SysTick_CLKSourceConfig                0x08001b14   Section        0  misc.o(i.SysTick_CLKSourceConfig)
    i.SysTick_Handler                        0x08001b3c   Section        0  stm32f10x_it.o(i.SysTick_Handler)
    i.SystemInit                             0x08001b40   Section        0  system_stm32f10x.o(i.SystemInit)
    i.TIM_Cmd                                0x08001ba0   Section        0  stm32f10x_tim.o(i.TIM_Cmd)
    i.TIM_OC1Init                            0x08001bb8   Section        0  stm32f10x_tim.o(i.TIM_OC1Init)
    i.TIM_OC1PreloadConfig                   0x08001c50   Section        0  stm32f10x_tim.o(i.TIM_OC1PreloadConfig)
    i.TIM_OC2Init                            0x08001c64   Section        0  stm32f10x_tim.o(i.TIM_OC2Init)
    i.TIM_OC2PreloadConfig                   0x08001d08   Section        0  stm32f10x_tim.o(i.TIM_OC2PreloadConfig)
    i.TIM_SetCompare1                        0x08001d22   Section        0  stm32f10x_tim.o(i.TIM_SetCompare1)
    i.TIM_SetCompare2                        0x08001d26   Section        0  stm32f10x_tim.o(i.TIM_SetCompare2)
    i.TIM_TimeBaseInit                       0x08001d2c   Section        0  stm32f10x_tim.o(i.TIM_TimeBaseInit)
    i.USART1_IRQHandler                      0x08001dd0   Section        0  usart.o(i.USART1_IRQHandler)
    i.USART2_IRQHandler                      0x08001e88   Section        0  frsky.o(i.USART2_IRQHandler)
    i.USART_ClearITPendingBit                0x08001f24   Section        0  stm32f10x_usart.o(i.USART_ClearITPendingBit)
    i.USART_Cmd                              0x08001f42   Section        0  stm32f10x_usart.o(i.USART_Cmd)
    i.USART_GetFlagStatus                    0x08001f5a   Section        0  stm32f10x_usart.o(i.USART_GetFlagStatus)
    i.USART_GetITStatus                      0x08001f74   Section        0  stm32f10x_usart.o(i.USART_GetITStatus)
    i.USART_ITConfig                         0x08001fc8   Section        0  stm32f10x_usart.o(i.USART_ITConfig)
    i.USART_Init                             0x08002014   Section        0  stm32f10x_usart.o(i.USART_Init)
    i.USART_ReceiveData                      0x080020ec   Section        0  stm32f10x_usart.o(i.USART_ReceiveData)
    i.USART_SendData                         0x080020f6   Section        0  stm32f10x_usart.o(i.USART_SendData)
    i.UsageFault_Handler                     0x080020fe   Section        0  stm32f10x_it.o(i.UsageFault_Handler)
    i.Usart_init                             0x08002104   Section        0  usart.o(i.Usart_init)
    i.__0printf$8                            0x080021ac   Section        0  printf8.o(i.__0printf$8)
    i.__scatterload_copy                     0x080021cc   Section       14  handlers.o(i.__scatterload_copy)
    i.__scatterload_null                     0x080021da   Section        2  handlers.o(i.__scatterload_null)
    i.__scatterload_zeroinit                 0x080021dc   Section       14  handlers.o(i.__scatterload_zeroinit)
    i._printf_core                           0x080021ec   Section        0  printf8.o(i._printf_core)
    _printf_core                             0x080021ed   Thumb Code   996  printf8.o(i._printf_core)
    i._printf_post_padding                   0x080025fc   Section        0  printf8.o(i._printf_post_padding)
    _printf_post_padding                     0x080025fd   Thumb Code    36  printf8.o(i._printf_post_padding)
    i._printf_pre_padding                    0x08002620   Section        0  printf8.o(i._printf_pre_padding)
    _printf_pre_padding                      0x08002621   Thumb Code    46  printf8.o(i._printf_pre_padding)
    i.delay_init                             0x08002650   Section        0  delay.o(i.delay_init)
    i.delay_ms                               0x08002694   Section        0  delay.o(i.delay_ms)
    i.fputc                                  0x080026e0   Section        0  usart.o(i.fputc)
    i.main                                   0x08002704   Section        0  main.o(i.main)
    i.update_channels                        0x08002868   Section        0  frsky.o(i.update_channels)
    .data                                    0x20000000   Section       20  main.o(.data)
    .data                                    0x20000014   Section        4  delay.o(.data)
    fac_us                                   0x20000014   Data           1  delay.o(.data)
    fac_ms                                   0x20000016   Data           2  delay.o(.data)
    .data                                    0x20000018   Section        6  usart.o(.data)
    .data                                    0x2000001e   Section       65  frsky.o(.data)
    .data                                    0x20000060   Section        4  adc.o(.data)
    .data                                    0x20000064   Section       32  spl06.o(.data)
    _C0                                      0x20000064   Data           2  spl06.o(.data)
    _C1                                      0x20000066   Data           2  spl06.o(.data)
    _C01                                     0x20000068   Data           2  spl06.o(.data)
    _C11                                     0x2000006a   Data           2  spl06.o(.data)
    _C20                                     0x2000006c   Data           2  spl06.o(.data)
    _C21                                     0x2000006e   Data           2  spl06.o(.data)
    _C30                                     0x20000070   Data           2  spl06.o(.data)
    _C00                                     0x20000074   Data           4  spl06.o(.data)
    _C10                                     0x20000078   Data           4  spl06.o(.data)
    _kT                                      0x2000007c   Data           4  spl06.o(.data)
    _kP                                      0x20000080   Data           4  spl06.o(.data)
    .data                                    0x20000084   Section       20  stm32f10x_rcc.o(.data)
    APBAHBPrescTable                         0x20000084   Data          16  stm32f10x_rcc.o(.data)
    ADCPrescTable                            0x20000094   Data           4  stm32f10x_rcc.o(.data)
    .data                                    0x20000098   Section       20  system_stm32f10x.o(.data)
    .bss                                     0x200000ac   Section      200  usart.o(.bss)
    .bss                                     0x20000174   Section       25  frsky.o(.bss)
    .bss                                     0x20000190   Section       64  spl06.o(.bss)
    STACK                                    0x200001d0   Section     1024  startup_stm32f10x_md.o(STACK)

    Global Symbols

    Symbol Name                              Value     Ov Type        Size  Object(Section)

    BuildAttributes$$THM_ISAv4$P$D$K$B$S$PE$A:L22UL41UL21$X:L11$S22US41US21$IEEE1$IW$USESV6$~STKCKD$USESV7$~SHL$OTIME$ROPI$IEEEX$EBA8$MICROLIB$REQ8$PRES8$EABIv2 0x00000000   Number         0  anon$$obj.o ABSOLUTE
    __ARM_use_no_argv                        0x00000000   Number         0  main.o ABSOLUTE
    __use_no_errno                           0x00000000   Number         0  useno.o ABSOLUTE
    __use_no_exception_handling              0x00000000   Number         0  useno.o ABSOLUTE
    __use_no_fp                              0x00000000   Number         0  useno.o ABSOLUTE
    __use_no_heap                            0x00000000   Number         0  useno.o ABSOLUTE
    __use_no_heap_region                     0x00000000   Number         0  useno.o ABSOLUTE
    __use_no_semihosting                     0x00000000   Number         0  useno.o ABSOLUTE
    __use_no_semihosting_swi                 0x00000000   Number         0  useno.o ABSOLUTE
    __use_no_signal_handling                 0x00000000   Number         0  useno.o ABSOLUTE
    _printf_a                                0x00000000   Number         0  stubs.o ABSOLUTE
    _printf_c                                0x00000000   Number         0  stubs.o ABSOLUTE
    _printf_charcount                        0x00000000   Number         0  stubs.o ABSOLUTE
    _printf_d                                0x00000000   Number         0  stubs.o ABSOLUTE
    _printf_e                                0x00000000   Number         0  stubs.o ABSOLUTE
    _printf_f                                0x00000000   Number         0  stubs.o ABSOLUTE
    _printf_flags                            0x00000000   Number         0  stubs.o ABSOLUTE
    _printf_fp_dec                           0x00000000   Number         0  stubs.o ABSOLUTE
    _printf_fp_hex                           0x00000000   Number         0  stubs.o ABSOLUTE
    _printf_g                                0x00000000   Number         0  stubs.o ABSOLUTE
    _printf_i                                0x00000000   Number         0  stubs.o ABSOLUTE
    _printf_int_dec                          0x00000000   Number         0  stubs.o ABSOLUTE
    _printf_l                                0x00000000   Number         0  stubs.o ABSOLUTE
    _printf_lc                               0x00000000   Number         0  stubs.o ABSOLUTE
    _printf_ll                               0x00000000   Number         0  stubs.o ABSOLUTE
    _printf_lld                              0x00000000   Number         0  stubs.o ABSOLUTE
    _printf_lli                              0x00000000   Number         0  stubs.o ABSOLUTE
    _printf_llo                              0x00000000   Number         0  stubs.o ABSOLUTE
    _printf_llu                              0x00000000   Number         0  stubs.o ABSOLUTE
    _printf_llx                              0x00000000   Number         0  stubs.o ABSOLUTE
    _printf_longlong_dec                     0x00000000   Number         0  stubs.o ABSOLUTE
    _printf_longlong_hex                     0x00000000   Number         0  stubs.o ABSOLUTE
    _printf_longlong_oct                     0x00000000   Number         0  stubs.o ABSOLUTE
    _printf_ls                               0x00000000   Number         0  stubs.o ABSOLUTE
    _printf_mbtowc                           0x00000000   Number         0  stubs.o ABSOLUTE
    _printf_n                                0x00000000   Number         0  stubs.o ABSOLUTE
    _printf_o                                0x00000000   Number         0  stubs.o ABSOLUTE
    _printf_p                                0x00000000   Number         0  stubs.o ABSOLUTE
    _printf_percent                          0x00000000   Number         0  stubs.o ABSOLUTE
    _printf_pre_padding                      0x00000000   Number         0  stubs.o ABSOLUTE
    _printf_return_value                     0x00000000   Number         0  stubs.o ABSOLUTE
    _printf_s                                0x00000000   Number         0  stubs.o ABSOLUTE
    _printf_sizespec                         0x00000000   Number         0  stubs.o ABSOLUTE
    _printf_str                              0x00000000   Number         0  stubs.o ABSOLUTE
    _printf_truncate_signed                  0x00000000   Number         0  stubs.o ABSOLUTE
    _printf_truncate_unsigned                0x00000000   Number         0  stubs.o ABSOLUTE
    _printf_u                                0x00000000   Number         0  stubs.o ABSOLUTE
    _printf_wc                               0x00000000   Number         0  stubs.o ABSOLUTE
    _printf_wctomb                           0x00000000   Number         0  stubs.o ABSOLUTE
    _printf_widthprec                        0x00000000   Number         0  stubs.o ABSOLUTE
    _printf_x                                0x00000000   Number         0  stubs.o ABSOLUTE
    __cpp_initialize__aeabi_                  - Undefined Weak Reference
    __cxa_finalize                            - Undefined Weak Reference
    __decompress                              - Undefined Weak Reference
    _clock_init                               - Undefined Weak Reference
    _microlib_exit                            - Undefined Weak Reference
    __Vectors_Size                           0x000000ec   Number         0  startup_stm32f10x_md.o ABSOLUTE
    __Vectors                                0x08000000   Data           4  startup_stm32f10x_md.o(RESET)
    __Vectors_End                            0x080000ec   Data           0  startup_stm32f10x_md.o(RESET)
    __main                                   0x080000ed   Thumb Code     0  entry.o(.ARM.Collect$$$$00000000)
    _main_stk                                0x080000ed   Thumb Code     0  entry2.o(.ARM.Collect$$$$00000001)
    _main_scatterload                        0x080000f1   Thumb Code     0  entry5.o(.ARM.Collect$$$$00000004)
    __main_after_scatterload                 0x080000f5   Thumb Code     0  entry5.o(.ARM.Collect$$$$00000004)
    _main_clock                              0x080000f5   Thumb Code     0  entry7b.o(.ARM.Collect$$$$00000008)
    _main_cpp_init                           0x080000f5   Thumb Code     0  entry8b.o(.ARM.Collect$$$$0000000A)
    _main_init                               0x080000f5   Thumb Code     0  entry9a.o(.ARM.Collect$$$$0000000B)
    __rt_final_cpp                           0x080000fd   Thumb Code     0  entry10a.o(.ARM.Collect$$$$0000000D)
    __rt_final_exit                          0x080000fd   Thumb Code     0  entry11a.o(.ARM.Collect$$$$0000000F)
    Reset_Handler                            0x08000101   Thumb Code     8  startup_stm32f10x_md.o(.text)
    ADC1_2_IRQHandler                        0x0800011b   Thumb Code     0  startup_stm32f10x_md.o(.text)
    CAN1_RX1_IRQHandler                      0x0800011b   Thumb Code     0  startup_stm32f10x_md.o(.text)
    CAN1_SCE_IRQHandler                      0x0800011b   Thumb Code     0  startup_stm32f10x_md.o(.text)
    DMA1_Channel1_IRQHandler                 0x0800011b   Thumb Code     0  startup_stm32f10x_md.o(.text)
    DMA1_Channel2_IRQHandler                 0x0800011b   Thumb Code     0  startup_stm32f10x_md.o(.text)
    DMA1_Channel3_IRQHandler                 0x0800011b   Thumb Code     0  startup_stm32f10x_md.o(.text)
    DMA1_Channel4_IRQHandler                 0x0800011b   Thumb Code     0  startup_stm32f10x_md.o(.text)
    DMA1_Channel5_IRQHandler                 0x0800011b   Thumb Code     0  startup_stm32f10x_md.o(.text)
    DMA1_Channel6_IRQHandler                 0x0800011b   Thumb Code     0  startup_stm32f10x_md.o(.text)
    DMA1_Channel7_IRQHandler                 0x0800011b   Thumb Code     0  startup_stm32f10x_md.o(.text)
    EXTI0_IRQHandler                         0x0800011b   Thumb Code     0  startup_stm32f10x_md.o(.text)
    EXTI15_10_IRQHandler                     0x0800011b   Thumb Code     0  startup_stm32f10x_md.o(.text)
    EXTI1_IRQHandler                         0x0800011b   Thumb Code     0  startup_stm32f10x_md.o(.text)
    EXTI2_IRQHandler                         0x0800011b   Thumb Code     0  startup_stm32f10x_md.o(.text)
    EXTI3_IRQHandler                         0x0800011b   Thumb Code     0  startup_stm32f10x_md.o(.text)
    EXTI9_5_IRQHandler                       0x0800011b   Thumb Code     0  startup_stm32f10x_md.o(.text)
    FLASH_IRQHandler                         0x0800011b   Thumb Code     0  startup_stm32f10x_md.o(.text)
    I2C1_ER_IRQHandler                       0x0800011b   Thumb Code     0  startup_stm32f10x_md.o(.text)
    I2C1_EV_IRQHandler                       0x0800011b   Thumb Code     0  startup_stm32f10x_md.o(.text)
    I2C2_ER_IRQHandler                       0x0800011b   Thumb Code     0  startup_stm32f10x_md.o(.text)
    I2C2_EV_IRQHandler                       0x0800011b   Thumb Code     0  startup_stm32f10x_md.o(.text)
    PVD_IRQHandler                           0x0800011b   Thumb Code     0  startup_stm32f10x_md.o(.text)
    RCC_IRQHandler                           0x0800011b   Thumb Code     0  startup_stm32f10x_md.o(.text)
    RTCAlarm_IRQHandler                      0x0800011b   Thumb Code     0  startup_stm32f10x_md.o(.text)
    RTC_IRQHandler                           0x0800011b   Thumb Code     0  startup_stm32f10x_md.o(.text)
    SPI1_IRQHandler                          0x0800011b   Thumb Code     0  startup_stm32f10x_md.o(.text)
    SPI2_IRQHandler                          0x0800011b   Thumb Code     0  startup_stm32f10x_md.o(.text)
    TAMPER_IRQHandler                        0x0800011b   Thumb Code     0  startup_stm32f10x_md.o(.text)
    TIM1_BRK_IRQHandler                      0x0800011b   Thumb Code     0  startup_stm32f10x_md.o(.text)
    TIM1_CC_IRQHandler                       0x0800011b   Thumb Code     0  startup_stm32f10x_md.o(.text)
    TIM1_TRG_COM_IRQHandler                  0x0800011b   Thumb Code     0  startup_stm32f10x_md.o(.text)
    TIM1_UP_IRQHandler                       0x0800011b   Thumb Code     0  startup_stm32f10x_md.o(.text)
    TIM2_IRQHandler                          0x0800011b   Thumb Code     0  startup_stm32f10x_md.o(.text)
    TIM3_IRQHandler                          0x0800011b   Thumb Code     0  startup_stm32f10x_md.o(.text)
    TIM4_IRQHandler                          0x0800011b   Thumb Code     0  startup_stm32f10x_md.o(.text)
    USART3_IRQHandler                        0x0800011b   Thumb Code     0  startup_stm32f10x_md.o(.text)
    USBWakeUp_IRQHandler                     0x0800011b   Thumb Code     0  startup_stm32f10x_md.o(.text)
    USB_HP_CAN1_TX_IRQHandler                0x0800011b   Thumb Code     0  startup_stm32f10x_md.o(.text)
    USB_LP_CAN1_RX0_IRQHandler               0x0800011b   Thumb Code     0  startup_stm32f10x_md.o(.text)
    WWDG_IRQHandler                          0x0800011b   Thumb Code     0  startup_stm32f10x_md.o(.text)
    __aeabi_memcpy                           0x08000125   Thumb Code    36  memcpya.o(.text)
    __aeabi_memcpy4                          0x08000125   Thumb Code     0  memcpya.o(.text)
    __aeabi_memcpy8                          0x08000125   Thumb Code     0  memcpya.o(.text)
    __aeabi_fadd                             0x08000149   Thumb Code   164  fadd.o(.text)
    __aeabi_fsub                             0x080001ed   Thumb Code     6  fadd.o(.text)
    __aeabi_frsub                            0x080001f3   Thumb Code     6  fadd.o(.text)
    __aeabi_fmul                             0x080001f9   Thumb Code   100  fmul.o(.text)
    __aeabi_fdiv                             0x0800025d   Thumb Code   124  fdiv.o(.text)
    __aeabi_dadd                             0x080002d9   Thumb Code   322  dadd.o(.text)
    __aeabi_dsub                             0x0800041b   Thumb Code     6  dadd.o(.text)
    __aeabi_drsub                            0x08000421   Thumb Code     6  dadd.o(.text)
    __aeabi_dmul                             0x08000427   Thumb Code   228  dmul.o(.text)
    __aeabi_i2f                              0x0800050b   Thumb Code    18  fflti.o(.text)
    __aeabi_ui2f                             0x0800051d   Thumb Code    10  ffltui.o(.text)
    __aeabi_f2d                              0x08000527   Thumb Code    38  f2d.o(.text)
    __aeabi_d2f                              0x0800054d   Thumb Code    56  d2f.o(.text)
    __aeabi_cfcmpeq                          0x08000585   Thumb Code     0  cfcmple.o(.text)
    __aeabi_cfcmple                          0x08000585   Thumb Code    20  cfcmple.o(.text)
    __aeabi_uldivmod                         0x08000599   Thumb Code    98  uldiv.o(.text)
    __aeabi_llsl                             0x080005fb   Thumb Code    30  llshl.o(.text)
    _ll_shift_l                              0x080005fb   Thumb Code     0  llshl.o(.text)
    __aeabi_lasr                             0x08000619   Thumb Code    36  llsshr.o(.text)
    _ll_sshift_r                             0x08000619   Thumb Code     0  llsshr.o(.text)
    __I$use$fp                               0x0800063d   Thumb Code     0  iusefp.o(.text)
    _float_round                             0x0800063d   Thumb Code    18  fepilogue.o(.text)
    _float_epilogue                          0x0800064f   Thumb Code    92  fepilogue.o(.text)
    _double_round                            0x080006ab   Thumb Code    30  depilogue.o(.text)
    _double_epilogue                         0x080006c9   Thumb Code   156  depilogue.o(.text)
    __scatterload                            0x08000765   Thumb Code    28  init.o(.text)
    __scatterload_rt2                        0x08000765   Thumb Code     0  init.o(.text)
    __aeabi_llsr                             0x08000789   Thumb Code    32  llushr.o(.text)
    _ll_ushift_r                             0x08000789   Thumb Code     0  llushr.o(.text)
    ADC_Cmd                                  0x080007a9   Thumb Code    22  stm32f10x_adc.o(i.ADC_Cmd)
    ADC_DeInit                               0x080007c1   Thumb Code    78  stm32f10x_adc.o(i.ADC_DeInit)
    ADC_GetCalibrationStatus                 0x0800081d   Thumb Code    20  stm32f10x_adc.o(i.ADC_GetCalibrationStatus)
    ADC_GetConversionValue                   0x08000831   Thumb Code     8  stm32f10x_adc.o(i.ADC_GetConversionValue)
    ADC_GetFlagStatus                        0x08000839   Thumb Code    18  stm32f10x_adc.o(i.ADC_GetFlagStatus)
    ADC_GetResetCalibrationStatus            0x0800084b   Thumb Code    20  stm32f10x_adc.o(i.ADC_GetResetCalibrationStatus)
    ADC_Init                                 0x08000861   Thumb Code    70  stm32f10x_adc.o(i.ADC_Init)
    ADC_RegularChannelConfig                 0x080008b1   Thumb Code   184  stm32f10x_adc.o(i.ADC_RegularChannelConfig)
    ADC_ResetCalibration                     0x08000969   Thumb Code    10  stm32f10x_adc.o(i.ADC_ResetCalibration)
    ADC_SoftwareStartConvCmd                 0x08000973   Thumb Code    22  stm32f10x_adc.o(i.ADC_SoftwareStartConvCmd)
    ADC_StartCalibration                     0x08000989   Thumb Code    10  stm32f10x_adc.o(i.ADC_StartCalibration)
    Adc_Init                                 0x08000995   Thumb Code   132  adc.o(i.Adc_Init)
    BEEP_GPIO_High                           0x08000a21   Thumb Code    14  beep.o(i.BEEP_GPIO_High)
    BEEP_GPIO_Init                           0x08000a35   Thumb Code    38  beep.o(i.BEEP_GPIO_Init)
    BEEP_GPIO_Low                            0x08000a61   Thumb Code    14  beep.o(i.BEEP_GPIO_Low)
    BusFault_Handler                         0x08000a75   Thumb Code     4  stm32f10x_it.o(i.BusFault_Handler)
    DebugMon_Handler                         0x08000a79   Thumb Code     2  stm32f10x_it.o(i.DebugMon_Handler)
    EXTI4_IRQHandler                         0x08000a7d   Thumb Code    52  exti.o(i.EXTI4_IRQHandler)
    EXTI_ClearITPendingBit                   0x08000ab5   Thumb Code     6  stm32f10x_exti.o(i.EXTI_ClearITPendingBit)
    FrSky_Uart2_Init                         0x08000ac1   Thumb Code   172  frsky.o(i.FrSky_Uart2_Init)
    GPIO_Init                                0x08000b75   Thumb Code   278  stm32f10x_gpio.o(i.GPIO_Init)
    GPIO_PinRemapConfig                      0x08000c8d   Thumb Code   138  stm32f10x_gpio.o(i.GPIO_PinRemapConfig)
    GPIO_ResetBits                           0x08000d1d   Thumb Code     4  stm32f10x_gpio.o(i.GPIO_ResetBits)
    GPIO_SetBits                             0x08000d21   Thumb Code     4  stm32f10x_gpio.o(i.GPIO_SetBits)
    Get_Adc                                  0x08000d25   Thumb Code    46  adc.o(i.Get_Adc)
    Get_Bat_Voltage                          0x08000d59   Thumb Code    72  adc.o(i.Get_Bat_Voltage)
    HardFault_Handler                        0x08000dad   Thumb Code     4  stm32f10x_it.o(i.HardFault_Handler)
    MPU_IIC_Init                             0x08000db1   Thumb Code    50  mpuiic.o(i.MPU_IIC_Init)
    MemManage_Handler                        0x08000de9   Thumb Code     4  stm32f10x_it.o(i.MemManage_Handler)
    Motor_PWM_Init                           0x08000ded   Thumb Code   146  motor.o(i.Motor_PWM_Init)
    Motor_PWM_Set                            0x08000e89   Thumb Code    24  motor.o(i.Motor_PWM_Set)
    Motor_Unlock                             0x08000ea5   Thumb Code   104  motor.o(i.Motor_Unlock)
    NMI_Handler                              0x08000f0d   Thumb Code     2  stm32f10x_it.o(i.NMI_Handler)
    NVIC_Init                                0x08000f11   Thumb Code   100  misc.o(i.NVIC_Init)
    NVIC_PriorityGroupConfig                 0x08000f81   Thumb Code    10  misc.o(i.NVIC_PriorityGroupConfig)
    PendSV_Handler                           0x08000f95   Thumb Code     2  stm32f10x_it.o(i.PendSV_Handler)
    RCC_ADCCLKConfig                         0x08000f99   Thumb Code    18  stm32f10x_rcc.o(i.RCC_ADCCLKConfig)
    RCC_APB1PeriphClockCmd                   0x08000fb1   Thumb Code    26  stm32f10x_rcc.o(i.RCC_APB1PeriphClockCmd)
    RCC_APB2PeriphClockCmd                   0x08000fd1   Thumb Code    26  stm32f10x_rcc.o(i.RCC_APB2PeriphClockCmd)
    RCC_APB2PeriphResetCmd                   0x08000ff1   Thumb Code    26  stm32f10x_rcc.o(i.RCC_APB2PeriphResetCmd)
    RCC_GetClocksFreq                        0x08001011   Thumb Code   192  stm32f10x_rcc.o(i.RCC_GetClocksFreq)
    SPI1_Init                                0x080010e5   Thumb Code   138  spi.o(i.SPI1_Init)
    SPI1_RW_Byte                             0x0800117d   Thumb Code    42  spi.o(i.SPI1_RW_Byte)
    SPI1_Read_Reg                            0x080011ad   Thumb Code    20  spi.o(i.SPI1_Read_Reg)
    SPI1_Read_Reg_Buffer                     0x080011c1   Thumb Code    42  spi.o(i.SPI1_Read_Reg_Buffer)
    SPI1_Write_Reg                           0x080011eb   Thumb Code    24  spi.o(i.SPI1_Write_Reg)
    SPI_Cmd                                  0x08001203   Thumb Code    24  stm32f10x_spi.o(i.SPI_Cmd)
    SPI_Init                                 0x0800121b   Thumb Code    60  stm32f10x_spi.o(i.SPI_Init)
    SPL06_Config_Pressure                    0x08001259   Thumb Code   142  spl06.o(i.SPL06_Config_Pressure)
    SPL06_Config_Temperature                 0x08001309   Thumb Code   146  spl06.o(i.SPL06_Config_Temperature)
    SPL06_Get_Pressure_Adc                   0x080013bd   Thumb Code    52  spl06.o(i.SPL06_Get_Pressure_Adc)
    SPL06_Get_Temperature_Adc                0x080013f1   Thumb Code    52  spl06.o(i.SPL06_Get_Temperature_Adc)
    SPL06_Init                               0x08001425   Thumb Code   772  spl06.o(i.SPL06_Init)
    SPL06_Read_Buffer                        0x08001769   Thumb Code    36  spl06.o(i.SPL06_Read_Buffer)
    SPL06_Read_Reg                           0x08001795   Thumb Code    30  spl06.o(i.SPL06_Read_Reg)
    SPL06_Start                              0x080017bd   Thumb Code    14  spl06.o(i.SPL06_Start)
    SPL06_Update                             0x080017cd   Thumb Code    24  spl06.o(i.SPL06_Update)
    SPL06_Update_Pressure                    0x080017e9   Thumb Code   294  spl06.o(i.SPL06_Update_Pressure)
    SPL06_Write_Reg                          0x08001941   Thumb Code    32  spl06.o(i.SPL06_Write_Reg)
    SVC_Handler                              0x08001969   Thumb Code     2  stm32f10x_it.o(i.SVC_Handler)
    Servo_PWM_Init                           0x0800196d   Thumb Code   154  servo.o(i.Servo_PWM_Init)
    Servo_PWM_Set                            0x08001a11   Thumb Code    24  servo.o(i.Servo_PWM_Set)
    SysTick_CLKSourceConfig                  0x08001b15   Thumb Code    40  misc.o(i.SysTick_CLKSourceConfig)
    SysTick_Handler                          0x08001b3d   Thumb Code     2  stm32f10x_it.o(i.SysTick_Handler)
    SystemInit                               0x08001b41   Thumb Code    78  system_stm32f10x.o(i.SystemInit)
    TIM_Cmd                                  0x08001ba1   Thumb Code    24  stm32f10x_tim.o(i.TIM_Cmd)
    TIM_OC1Init                              0x08001bb9   Thumb Code   132  stm32f10x_tim.o(i.TIM_OC1Init)
    TIM_OC1PreloadConfig                     0x08001c51   Thumb Code    18  stm32f10x_tim.o(i.TIM_OC1PreloadConfig)
    TIM_OC2Init                              0x08001c65   Thumb Code   154  stm32f10x_tim.o(i.TIM_OC2Init)
    TIM_OC2PreloadConfig                     0x08001d09   Thumb Code    26  stm32f10x_tim.o(i.TIM_OC2PreloadConfig)
    TIM_SetCompare1                          0x08001d23   Thumb Code     4  stm32f10x_tim.o(i.TIM_SetCompare1)
    TIM_SetCompare2                          0x08001d27   Thumb Code     4  stm32f10x_tim.o(i.TIM_SetCompare2)
    TIM_TimeBaseInit                         0x08001d2d   Thumb Code   122  stm32f10x_tim.o(i.TIM_TimeBaseInit)
    USART1_IRQHandler                        0x08001dd1   Thumb Code   170  usart.o(i.USART1_IRQHandler)
    USART2_IRQHandler                        0x08001e89   Thumb Code   134  frsky.o(i.USART2_IRQHandler)
    USART_ClearITPendingBit                  0x08001f25   Thumb Code    30  stm32f10x_usart.o(i.USART_ClearITPendingBit)
    USART_Cmd                                0x08001f43   Thumb Code    24  stm32f10x_usart.o(i.USART_Cmd)
    USART_GetFlagStatus                      0x08001f5b   Thumb Code    26  stm32f10x_usart.o(i.USART_GetFlagStatus)
    USART_GetITStatus                        0x08001f75   Thumb Code    84  stm32f10x_usart.o(i.USART_GetITStatus)
    USART_ITConfig                           0x08001fc9   Thumb Code    74  stm32f10x_usart.o(i.USART_ITConfig)
    USART_Init                               0x08002015   Thumb Code   210  stm32f10x_usart.o(i.USART_Init)
    USART_ReceiveData                        0x080020ed   Thumb Code    10  stm32f10x_usart.o(i.USART_ReceiveData)
    USART_SendData                           0x080020f7   Thumb Code     8  stm32f10x_usart.o(i.USART_SendData)
    UsageFault_Handler                       0x080020ff   Thumb Code     4  stm32f10x_it.o(i.UsageFault_Handler)
    Usart_init                               0x08002105   Thumb Code   160  usart.o(i.Usart_init)
    __0printf$8                              0x080021ad   Thumb Code    22  printf8.o(i.__0printf$8)
    __1printf$8                              0x080021ad   Thumb Code     0  printf8.o(i.__0printf$8)
    __2printf                                0x080021ad   Thumb Code     0  printf8.o(i.__0printf$8)
    __scatterload_copy                       0x080021cd   Thumb Code    14  handlers.o(i.__scatterload_copy)
    __scatterload_null                       0x080021db   Thumb Code     2  handlers.o(i.__scatterload_null)
    __scatterload_zeroinit                   0x080021dd   Thumb Code    14  handlers.o(i.__scatterload_zeroinit)
    delay_init                               0x08002651   Thumb Code    50  delay.o(i.delay_init)
    delay_ms                                 0x08002695   Thumb Code    72  delay.o(i.delay_ms)
    fputc                                    0x080026e1   Thumb Code    32  usart.o(i.fputc)
    main                                     0x08002705   Thumb Code   284  main.o(i.main)
    update_channels                          0x08002869   Thumb Code   410  frsky.o(i.update_channels)
    Region$$Table$$Base                      0x08002a10   Number         0  anon$$obj.o(Region$$Table)
    Region$$Table$$Limit                     0x08002a30   Number         0  anon$$obj.o(Region$$Table)
    report                                   0x20000000   Data           1  main.o(.data)
    motor1                                   0x20000004   Data           4  main.o(.data)
    motor2                                   0x20000008   Data           4  main.o(.data)
    servo1                                   0x2000000c   Data           4  main.o(.data)
    servo2                                   0x20000010   Data           4  main.o(.data)
    __stdout                                 0x20000018   Data           4  usart.o(.data)
    USART_RX_STA                             0x2000001c   Data           2  usart.o(.data)
    sbus_data                                0x2000001e   Data          25  frsky.o(.data)
    channels                                 0x20000038   Data          36  frsky.o(.data)
    toChannels                               0x2000005c   Data           1  frsky.o(.data)
    failsafe_status                          0x2000005d   Data           1  frsky.o(.data)
    bufferIndex                              0x2000005e   Data           1  frsky.o(.data)
    Bat_Voltage                              0x20000060   Data           4  adc.o(.data)
    SystemCoreClock                          0x20000098   Data           4  system_stm32f10x.o(.data)
    AHBPrescTable                            0x2000009c   Data          16  system_stm32f10x.o(.data)
    USART_RX_BUF                             0x200000ac   Data         200  usart.o(.bss)
    inBuffer                                 0x20000174   Data          25  frsky.o(.bss)
    Baro                                     0x20000190   Data          64  spl06.o(.bss)
    __initial_sp                             0x200005d0   Data           0  startup_stm32f10x_md.o(STACK)



==============================================================================

Memory Map of the image

  Image Entry point : 0x080000ed

  Load Region LR_IROM1 (Base: 0x08000000, Size: 0x00002adc, Max: 0x00010000, ABSOLUTE)

    Execution Region ER_IROM1 (Base: 0x08000000, Size: 0x00002a30, Max: 0x00010000, ABSOLUTE)

    Base Addr    Size         Type   Attr      Idx    E Section Name        Object

    0x08000000   0x000000ec   Data   RO         4473    RESET               startup_stm32f10x_md.o
    0x080000ec   0x00000000   Code   RO         4516  * .ARM.Collect$$$$00000000  mc_w.l(entry.o)
    0x080000ec   0x00000004   Code   RO         4873    .ARM.Collect$$$$00000001  mc_w.l(entry2.o)
    0x080000f0   0x00000004   Code   RO         4876    .ARM.Collect$$$$00000004  mc_w.l(entry5.o)
    0x080000f4   0x00000000   Code   RO         4878    .ARM.Collect$$$$00000008  mc_w.l(entry7b.o)
    0x080000f4   0x00000000   Code   RO         4880    .ARM.Collect$$$$0000000A  mc_w.l(entry8b.o)
    0x080000f4   0x00000008   Code   RO         4881    .ARM.Collect$$$$0000000B  mc_w.l(entry9a.o)
    0x080000fc   0x00000000   Code   RO         4883    .ARM.Collect$$$$0000000D  mc_w.l(entry10a.o)
    0x080000fc   0x00000000   Code   RO         4885    .ARM.Collect$$$$0000000F  mc_w.l(entry11a.o)
    0x080000fc   0x00000004   Code   RO         4874    .ARM.Collect$$$$00002712  mc_w.l(entry2.o)
    0x08000100   0x00000024   Code   RO         4474    .text               startup_stm32f10x_md.o
    0x08000124   0x00000024   Code   RO         4521    .text               mc_w.l(memcpya.o)
    0x08000148   0x000000b0   Code   RO         4790    .text               mf_w.l(fadd.o)
    0x080001f8   0x00000064   Code   RO         4792    .text               mf_w.l(fmul.o)
    0x0800025c   0x0000007c   Code   RO         4794    .text               mf_w.l(fdiv.o)
    0x080002d8   0x0000014e   Code   RO         4796    .text               mf_w.l(dadd.o)
    0x08000426   0x000000e4   Code   RO         4798    .text               mf_w.l(dmul.o)
    0x0800050a   0x00000012   Code   RO         4802    .text               mf_w.l(fflti.o)
    0x0800051c   0x0000000a   Code   RO         4804    .text               mf_w.l(ffltui.o)
    0x08000526   0x00000026   Code   RO         4812    .text               mf_w.l(f2d.o)
    0x0800054c   0x00000038   Code   RO         4814    .text               mf_w.l(d2f.o)
    0x08000584   0x00000014   Code   RO         4816    .text               mf_w.l(cfcmple.o)
    0x08000598   0x00000062   Code   RO         4889    .text               mc_w.l(uldiv.o)
    0x080005fa   0x0000001e   Code   RO         4891    .text               mc_w.l(llshl.o)
    0x08000618   0x00000024   Code   RO         4893    .text               mc_w.l(llsshr.o)
    0x0800063c   0x00000000   Code   RO         4902    .text               mc_w.l(iusefp.o)
    0x0800063c   0x0000006e   Code   RO         4903    .text               mf_w.l(fepilogue.o)
    0x080006aa   0x000000ba   Code   RO         4909    .text               mf_w.l(depilogue.o)
    0x08000764   0x00000024   Code   RO         4919    .text               mc_w.l(init.o)
    0x08000788   0x00000020   Code   RO         4921    .text               mc_w.l(llushr.o)
    0x080007a8   0x00000016   Code   RO         1501    i.ADC_Cmd           stm32f10x_adc.o
    0x080007be   0x00000002   PAD
    0x080007c0   0x0000005c   Code   RO         1503    i.ADC_DeInit        stm32f10x_adc.o
    0x0800081c   0x00000014   Code   RO         1509    i.ADC_GetCalibrationStatus  stm32f10x_adc.o
    0x08000830   0x00000008   Code   RO         1510    i.ADC_GetConversionValue  stm32f10x_adc.o
    0x08000838   0x00000012   Code   RO         1512    i.ADC_GetFlagStatus  stm32f10x_adc.o
    0x0800084a   0x00000014   Code   RO         1515    i.ADC_GetResetCalibrationStatus  stm32f10x_adc.o
    0x0800085e   0x00000002   PAD
    0x08000860   0x00000050   Code   RO         1519    i.ADC_Init          stm32f10x_adc.o
    0x080008b0   0x000000b8   Code   RO         1523    i.ADC_RegularChannelConfig  stm32f10x_adc.o
    0x08000968   0x0000000a   Code   RO         1524    i.ADC_ResetCalibration  stm32f10x_adc.o
    0x08000972   0x00000016   Code   RO         1526    i.ADC_SoftwareStartConvCmd  stm32f10x_adc.o
    0x08000988   0x0000000a   Code   RO         1528    i.ADC_StartCalibration  stm32f10x_adc.o
    0x08000992   0x00000002   PAD
    0x08000994   0x0000008c   Code   RO         1292    i.Adc_Init          adc.o
    0x08000a20   0x00000014   Code   RO         1420    i.BEEP_GPIO_High    beep.o
    0x08000a34   0x0000002c   Code   RO         1421    i.BEEP_GPIO_Init    beep.o
    0x08000a60   0x00000014   Code   RO         1422    i.BEEP_GPIO_Low     beep.o
    0x08000a74   0x00000004   Code   RO          191    i.BusFault_Handler  stm32f10x_it.o
    0x08000a78   0x00000002   Code   RO          192    i.DebugMon_Handler  stm32f10x_it.o
    0x08000a7a   0x00000002   PAD
    0x08000a7c   0x00000038   Code   RO          427    i.EXTI4_IRQHandler  exti.o
    0x08000ab4   0x0000000c   Code   RO         2257    i.EXTI_ClearITPendingBit  stm32f10x_exti.o
    0x08000ac0   0x000000b4   Code   RO         1261    i.FrSky_Uart2_Init  frsky.o
    0x08000b74   0x00000116   Code   RO         2610    i.GPIO_Init         stm32f10x_gpio.o
    0x08000c8a   0x00000002   PAD
    0x08000c8c   0x00000090   Code   RO         2612    i.GPIO_PinRemapConfig  stm32f10x_gpio.o
    0x08000d1c   0x00000004   Code   RO         2617    i.GPIO_ResetBits    stm32f10x_gpio.o
    0x08000d20   0x00000004   Code   RO         2618    i.GPIO_SetBits      stm32f10x_gpio.o
    0x08000d24   0x00000034   Code   RO         1293    i.Get_Adc           adc.o
    0x08000d58   0x00000054   Code   RO         1295    i.Get_Bat_Voltage   adc.o
    0x08000dac   0x00000004   Code   RO          193    i.HardFault_Handler  stm32f10x_it.o
    0x08000db0   0x00000038   Code   RO         1203    i.MPU_IIC_Init      mpuiic.o
    0x08000de8   0x00000004   Code   RO          194    i.MemManage_Handler  stm32f10x_it.o
    0x08000dec   0x0000009c   Code   RO          484    i.Motor_PWM_Init    motor.o
    0x08000e88   0x0000001c   Code   RO          485    i.Motor_PWM_Set     motor.o
    0x08000ea4   0x00000068   Code   RO          486    i.Motor_Unlock      motor.o
    0x08000f0c   0x00000002   Code   RO          195    i.NMI_Handler       stm32f10x_it.o
    0x08000f0e   0x00000002   PAD
    0x08000f10   0x00000070   Code   RO         1459    i.NVIC_Init         misc.o
    0x08000f80   0x00000014   Code   RO         1460    i.NVIC_PriorityGroupConfig  misc.o
    0x08000f94   0x00000002   Code   RO          196    i.PendSV_Handler    stm32f10x_it.o
    0x08000f96   0x00000002   PAD
    0x08000f98   0x00000018   Code   RO         3024    i.RCC_ADCCLKConfig  stm32f10x_rcc.o
    0x08000fb0   0x00000020   Code   RO         3026    i.RCC_APB1PeriphClockCmd  stm32f10x_rcc.o
    0x08000fd0   0x00000020   Code   RO         3028    i.RCC_APB2PeriphClockCmd  stm32f10x_rcc.o
    0x08000ff0   0x00000020   Code   RO         3029    i.RCC_APB2PeriphResetCmd  stm32f10x_rcc.o
    0x08001010   0x000000d4   Code   RO         3036    i.RCC_GetClocksFreq  stm32f10x_rcc.o
    0x080010e4   0x00000098   Code   RO          448    i.SPI1_Init         spi.o
    0x0800117c   0x00000030   Code   RO          449    i.SPI1_RW_Byte      spi.o
    0x080011ac   0x00000014   Code   RO          450    i.SPI1_Read_Reg     spi.o
    0x080011c0   0x0000002a   Code   RO          451    i.SPI1_Read_Reg_Buffer  spi.o
    0x080011ea   0x00000018   Code   RO          452    i.SPI1_Write_Reg    spi.o
    0x08001202   0x00000018   Code   RO         3505    i.SPI_Cmd           stm32f10x_spi.o
    0x0800121a   0x0000003c   Code   RO         3518    i.SPI_Init          stm32f10x_spi.o
    0x08001256   0x00000002   PAD
    0x08001258   0x000000b0   Code   RO         1328    i.SPL06_Config_Pressure  spl06.o
    0x08001308   0x000000b4   Code   RO         1329    i.SPL06_Config_Temperature  spl06.o
    0x080013bc   0x00000034   Code   RO         1332    i.SPL06_Get_Pressure_Adc  spl06.o
    0x080013f0   0x00000034   Code   RO         1333    i.SPL06_Get_Temperature_Adc  spl06.o
    0x08001424   0x00000344   Code   RO         1334    i.SPL06_Init        spl06.o
    0x08001768   0x0000002c   Code   RO         1335    i.SPL06_Read_Buffer  spl06.o
    0x08001794   0x00000028   Code   RO         1336    i.SPL06_Read_Reg    spl06.o
    0x080017bc   0x0000000e   Code   RO         1337    i.SPL06_Start       spl06.o
    0x080017ca   0x00000002   PAD
    0x080017cc   0x0000001c   Code   RO         1338    i.SPL06_Update      spl06.o
    0x080017e8   0x00000158   Code   RO         1339    i.SPL06_Update_Pressure  spl06.o
    0x08001940   0x00000028   Code   RO         1340    i.SPL06_Write_Reg   spl06.o
    0x08001968   0x00000002   Code   RO          197    i.SVC_Handler       stm32f10x_it.o
    0x0800196a   0x00000002   PAD
    0x0800196c   0x000000a4   Code   RO          508    i.Servo_PWM_Init    servo.o
    0x08001a10   0x0000001c   Code   RO          509    i.Servo_PWM_Set     servo.o
    0x08001a2c   0x00000008   Code   RO         4437    i.SetSysClock       system_stm32f10x.o
    0x08001a34   0x000000e0   Code   RO         4438    i.SetSysClockTo72   system_stm32f10x.o
    0x08001b14   0x00000028   Code   RO         1463    i.SysTick_CLKSourceConfig  misc.o
    0x08001b3c   0x00000002   Code   RO          198    i.SysTick_Handler   stm32f10x_it.o
    0x08001b3e   0x00000002   PAD
    0x08001b40   0x00000060   Code   RO         4440    i.SystemInit        system_stm32f10x.o
    0x08001ba0   0x00000018   Code   RO         3660    i.TIM_Cmd           stm32f10x_tim.o
    0x08001bb8   0x00000098   Code   RO         3689    i.TIM_OC1Init       stm32f10x_tim.o
    0x08001c50   0x00000012   Code   RO         3692    i.TIM_OC1PreloadConfig  stm32f10x_tim.o
    0x08001c62   0x00000002   PAD
    0x08001c64   0x000000a4   Code   RO         3694    i.TIM_OC2Init       stm32f10x_tim.o
    0x08001d08   0x0000001a   Code   RO         3697    i.TIM_OC2PreloadConfig  stm32f10x_tim.o
    0x08001d22   0x00000004   Code   RO         3721    i.TIM_SetCompare1   stm32f10x_tim.o
    0x08001d26   0x00000004   Code   RO         3722    i.TIM_SetCompare2   stm32f10x_tim.o
    0x08001d2a   0x00000002   PAD
    0x08001d2c   0x000000a4   Code   RO         3731    i.TIM_TimeBaseInit  stm32f10x_tim.o
    0x08001dd0   0x000000b8   Code   RO          350    i.USART1_IRQHandler  usart.o
    0x08001e88   0x0000009c   Code   RO         1262    i.USART2_IRQHandler  frsky.o
    0x08001f24   0x0000001e   Code   RO         4193    i.USART_ClearITPendingBit  stm32f10x_usart.o
    0x08001f42   0x00000018   Code   RO         4196    i.USART_Cmd         stm32f10x_usart.o
    0x08001f5a   0x0000001a   Code   RO         4199    i.USART_GetFlagStatus  stm32f10x_usart.o
    0x08001f74   0x00000054   Code   RO         4200    i.USART_GetITStatus  stm32f10x_usart.o
    0x08001fc8   0x0000004a   Code   RO         4202    i.USART_ITConfig    stm32f10x_usart.o
    0x08002012   0x00000002   PAD
    0x08002014   0x000000d8   Code   RO         4203    i.USART_Init        stm32f10x_usart.o
    0x080020ec   0x0000000a   Code   RO         4210    i.USART_ReceiveData  stm32f10x_usart.o
    0x080020f6   0x00000008   Code   RO         4213    i.USART_SendData    stm32f10x_usart.o
    0x080020fe   0x00000004   Code   RO          199    i.UsageFault_Handler  stm32f10x_it.o
    0x08002102   0x00000002   PAD
    0x08002104   0x000000a8   Code   RO          355    i.Usart_init        usart.o
    0x080021ac   0x00000020   Code   RO         4736    i.__0printf$8       mc_w.l(printf8.o)
    0x080021cc   0x0000000e   Code   RO         4929    i.__scatterload_copy  mc_w.l(handlers.o)
    0x080021da   0x00000002   Code   RO         4930    i.__scatterload_null  mc_w.l(handlers.o)
    0x080021dc   0x0000000e   Code   RO         4931    i.__scatterload_zeroinit  mc_w.l(handlers.o)
    0x080021ea   0x00000002   PAD
    0x080021ec   0x00000410   Code   RO         4743    i._printf_core      mc_w.l(printf8.o)
    0x080025fc   0x00000024   Code   RO         4744    i._printf_post_padding  mc_w.l(printf8.o)
    0x08002620   0x0000002e   Code   RO         4745    i._printf_pre_padding  mc_w.l(printf8.o)
    0x0800264e   0x00000002   PAD
    0x08002650   0x00000044   Code   RO          251    i.delay_init        delay.o
    0x08002694   0x0000004c   Code   RO          252    i.delay_ms          delay.o
    0x080026e0   0x00000024   Code   RO          358    i.fputc             usart.o
    0x08002704   0x00000164   Code   RO            1    i.main              main.o
    0x08002868   0x000001a8   Code   RO         1263    i.update_channels   frsky.o
    0x08002a10   0x00000020   Data   RO         4927    Region$$Table       anon$$obj.o


    Execution Region RW_IRAM1 (Base: 0x20000000, Size: 0x000005d0, Max: 0x00005000, ABSOLUTE)

    Base Addr    Size         Type   Attr      Idx    E Section Name        Object

    0x20000000   0x00000014   Data   RW            2    .data               main.o
    0x20000014   0x00000004   Data   RW          254    .data               delay.o
    0x20000018   0x00000006   Data   RW          360    .data               usart.o
    0x2000001e   0x00000041   Data   RW         1265    .data               frsky.o
    0x2000005f   0x00000001   PAD
    0x20000060   0x00000004   Data   RW         1296    .data               adc.o
    0x20000064   0x00000020   Data   RW         1342    .data               spl06.o
    0x20000084   0x00000014   Data   RW         3056    .data               stm32f10x_rcc.o
    0x20000098   0x00000014   Data   RW         4441    .data               system_stm32f10x.o
    0x200000ac   0x000000c8   Zero   RW          359    .bss                usart.o
    0x20000174   0x00000019   Zero   RW         1264    .bss                frsky.o
    0x2000018d   0x00000003   PAD
    0x20000190   0x00000040   Zero   RW         1341    .bss                spl06.o
    0x200001d0   0x00000400   Zero   RW         4471    STACK               startup_stm32f10x_md.o


==============================================================================

Image component sizes


      Code (inc. data)   RO Data    RW Data    ZI Data      Debug   Object Name

       276         26          0          4          0       1793   adc.o
        84         18          0          0          0       1346   beep.o
         0          0          0          0          0         32   core_cm3.o
       144         22          0          4          0     202860   delay.o
        56          4          0          0          0        463   exti.o
       760         44          0         65         25       2530   frsky.o
       356         72          0         20          0     268224   main.o
       172         22          0          0          0       1973   misc.o
       288         14          0          0          0       1880   motor.o
        56          6          0          0          0        487   mpuiic.o
       192         14          0          0          0       1289   servo.o
       286         20          0          0          0       3087   spi.o
      1806        228          0         32         64       9052   spl06.o
        36          8        236          0       1024        824   startup_stm32f10x_md.o
       486         24          0          0          0       8362   stm32f10x_adc.o
        12          6          0          0          0        501   stm32f10x_exti.o
       430          6          0          0          0       3758   stm32f10x_gpio.o
        26          0          0          0          0       3794   stm32f10x_it.o
       332         44          0         20          0       5426   stm32f10x_rcc.o
        84          0          0          0          0       2065   stm32f10x_spi.o
       556         72          0          0          0       5263   stm32f10x_tim.o
       472          6          0          0          0       6611   stm32f10x_usart.o
       328         28          0         20          0       2233   system_stm32f10x.o
       388         26          0          6        200       3621   usart.o

    ----------------------------------------------------------------------
      7656        710        268        172       1316     537474   Object Totals
         0          0         32          0          0          0   (incl. Generated)
        30          0          0          1          3          0   (incl. Padding)

    ----------------------------------------------------------------------

      Code (inc. data)   RO Data    RW Data    ZI Data      Debug   Library Member Name

         0          0          0          0          0          0   entry.o
         0          0          0          0          0          0   entry10a.o
         0          0          0          0          0          0   entry11a.o
         8          4          0          0          0          0   entry2.o
         4          0          0          0          0          0   entry5.o
         0          0          0          0          0          0   entry7b.o
         0          0          0          0          0          0   entry8b.o
         8          4          0          0          0          0   entry9a.o
        30          0          0          0          0          0   handlers.o
        36          8          0          0          0         68   init.o
         0          0          0          0          0          0   iusefp.o
        30          0          0          0          0         68   llshl.o
        36          0          0          0          0         68   llsshr.o
        32          0          0          0          0         68   llushr.o
        36          0          0          0          0         68   memcpya.o
      1154         54          0          0          0        352   printf8.o
        98          0          0          0          0         92   uldiv.o
        20          0          0          0          0         68   cfcmple.o
        56          0          0          0          0         88   d2f.o
       334          0          0          0          0        148   dadd.o
       186          0          0          0          0        176   depilogue.o
       228          0          0          0          0         96   dmul.o
        38          0          0          0          0         68   f2d.o
       176          0          0          0          0        140   fadd.o
       124          0          0          0          0         88   fdiv.o
       110          0          0          0          0        168   fepilogue.o
        18          0          0          0          0         68   fflti.o
        10          0          0          0          0         68   ffltui.o
       100          0          0          0          0         76   fmul.o

    ----------------------------------------------------------------------
      2876         70          0          0          0       2036   Library Totals
         4          0          0          0          0          0   (incl. Padding)

    ----------------------------------------------------------------------

      Code (inc. data)   RO Data    RW Data    ZI Data      Debug   Library Name

      1472         70          0          0          0        784   mc_w.l
      1400          0          0          0          0       1252   mf_w.l

    ----------------------------------------------------------------------
      2876         70          0          0          0       2036   Library Totals

    ----------------------------------------------------------------------

==============================================================================


      Code (inc. data)   RO Data    RW Data    ZI Data      Debug   

     10532        780        268        172       1316     534046   Grand Totals
     10532        780        268        172       1316     534046   ELF Image Totals
     10532        780        268        172          0          0   ROM Totals

==============================================================================

    Total RO  Size (Code + RO Data)                10800 (  10.55kB)
    Total RW  Size (RW Data + ZI Data)              1488 (   1.45kB)
    Total ROM Size (Code + RO Data + RW Data)      10972 (  10.71kB)

==============================================================================

